******************************************************************************
                  MSP430 Linker PC v17.6.0                     
******************************************************************************
>> Linked Sun Feb 18 12:10:11 2018

OUTPUT FILE NAME:   <USCI_SPI_MPL115A1.out>
ENTRY POINT SYMBOL: "_c_int00_noargs_noexit"  address: 0000e6bc


MEMORY CONFIGURATION

         name            origin    length      used     unused   attr    fill
----------------------  --------  ---------  --------  --------  ----  --------
  SFR                   00000000   00000010  00000000  00000010  RWIX
  PERIPHERALS_8BIT      00000010   000000f0  00000000  000000f0  RWIX
  PERIPHERALS_16BIT     00000100   00000100  00000000  00000100  RWIX
  RAM                   00000200   00000200  00000062  0000019e  RWIX
  INFOD                 00001000   00000040  00000000  00000040  RWIX
  INFOC                 00001040   00000040  00000000  00000040  RWIX
  INFOB                 00001080   00000040  00000000  00000040  RWIX
  INFOA                 000010c0   00000040  00000000  00000040  RWIX
  FLASH                 0000c000   00003fde  00002859  00001785  RWIX
  BSLSIGNATURE          0000ffde   00000002  00000002  00000000  RWIX  ffff 
  INT00                 0000ffe0   00000002  00000002  00000000  RWIX
  INT01                 0000ffe2   00000002  00000000  00000002  RWIX
  INT02                 0000ffe4   00000002  00000002  00000000  RWIX
  INT03                 0000ffe6   00000002  00000002  00000000  RWIX
  INT04                 0000ffe8   00000002  00000000  00000002  RWIX
  INT05                 0000ffea   00000002  00000002  00000000  RWIX
  INT06                 0000ffec   00000002  00000002  00000000  RWIX
  INT07                 0000ffee   00000002  00000002  00000000  RWIX
  INT08                 0000fff0   00000002  00000002  00000000  RWIX
  INT09                 0000fff2   00000002  00000002  00000000  RWIX
  INT10                 0000fff4   00000002  00000002  00000000  RWIX
  INT11                 0000fff6   00000002  00000002  00000000  RWIX
  INT12                 0000fff8   00000002  00000002  00000000  RWIX
  INT13                 0000fffa   00000002  00000002  00000000  RWIX
  INT14                 0000fffc   00000002  00000002  00000000  RWIX
  RESET                 0000fffe   00000002  00000002  00000000  RWIX


SECTION ALLOCATION MAP

 output                                  attributes/
section   page    origin      length       input sections
--------  ----  ----------  ----------   ----------------
.bss       0    00000200    00000012     UNINITIALIZED
                  00000200    00000010     (.common:coefficients)
                  00000210    00000002     lcd.obj (.bss)

.stack     0    000003b0    00000050     UNINITIALIZED
                  000003b0    00000002     rts430_eabi.lib : boot.obj (.stack)
                  000003b2    0000004e     --HOLE--

.text      0    0000c000    0000282a     
                  0000c000    00000478     rts430_eabi.lib : frcdivd.obj (.text:__TI_frcdivd)
                  0000c478    000002fa                     : addd.obj (.text:__mspabi_addd)
                  0000c772    000002ae     main.obj (.text:print_I)
                  0000ca20    00000286     rts430_eabi.lib : frcmpyd.obj (.text:__TI_frcmpyd)
                  0000cca6    0000026e                     : mpyd.obj (.text:__mspabi_mpyd)
                  0000cf14    00000260                     : frcaddd.obj (.text:__TI_frcaddd)
                  0000d174    00000238                     : divd.obj (.text:__mspabi_divd)
                  0000d3ac    000001a0     main.obj (.text:print_F)
                  0000d54c    00000172     MPL115A1.obj (.text:MPL115A1_get_data)
                  0000d6be    00000162     MPL115A1.obj (.text:MPL115A1_get_coefficients)
                  0000d820    00000132     rts430_eabi.lib : fs_add.obj (.text)
                  0000d952    000000c4                     : fs_mpy.obj (.text)
                  0000da16    000000be                     : renormd.obj (.text:__TI_renormd)
                  0000dad4    000000b2     main.obj (.text:main)
                  0000db86    000000ac     rts430_eabi.lib : fltlid.obj (.text:__mspabi_fltlid)
                  0000dc32    0000008c                     : cvtdf.obj (.text:__mspabi_cvtdf)
                  0000dcbe    0000008a                     : fltuld.obj (.text:__mspabi_fltuld)
                  0000dd48    0000007e     main.obj (.text:print_D)
                  0000ddc6    0000007e     rts430_eabi.lib : fs_tol.obj (.text)
                  0000de44    00000072                     : cvtfd.obj (.text:__mspabi_cvtfd)
                  0000deb6    0000006e                     : autoinit.obj (.text:_auto_init)
                  0000df24    00000060     lcd.obj (.text:LCD_init)
                  0000df84    0000005c     rts430_eabi.lib : lsr32.obj (.text:l_lsr_const)
                  0000dfe0    0000005a                     : cpy_tbl.obj (.text:copy_in)
                  0000e03a    00000058                     : div32u.obj (.text)
                  0000e092    00000054     SW_I2C.obj (.text:SW_I2C_write)
                  0000e0e6    0000004c     rts430_eabi.lib : lsr16.obj (.text)
                  0000e132    0000004a                     : fs_cmp.obj (.text)
                  0000e17c    0000004a                     : fs_ltof.obj (.text)
                  0000e1c6    00000048     lcd.obj (.text:LCD_4bit_send)
                  0000e20e    00000048     lcd.obj (.text:LCD_send)
                  0000e256    00000040     rts430_eabi.lib : div32s.obj (.text)
                  0000e296    0000003e                     : asr32.obj (.text:l_asr_const)
                  0000e2d4    0000003e                     : lsl32.obj (.text:l_lsl_const)
                  0000e312    00000038     main.obj (.text:GPIO_graceInit)
                  0000e34a    00000038     SW_I2C.obj (.text:SW_I2C_ACK_NACK)
                  0000e382    00000032     main.obj (.text:BCSplus_graceInit)
                  0000e3b4    00000032     main.obj (.text:lcd_symbol)
                  0000e3e6    0000002e     rts430_eabi.lib : subd.obj (.text:__mspabi_subd)
                  0000e414    0000002c     MPL115A1.obj (.text:MPL115A1_write)
                  0000e440    0000002c     SW_I2C.obj (.text:SW_I2C_start)
                  0000e46c    0000002c     SW_I2C.obj (.text:SW_I2C_stop)
                  0000e498    0000002c     rts430_eabi.lib : asr16.obj (.text)
                  0000e4c4    0000002c                     : div16s.obj (.text)
                  0000e4f0    0000002c                     : lsl16.obj (.text)
                  0000e51c    0000002a     MPL115A1.obj (.text:MPL115A1_get_bytes)
                  0000e546    0000002a     PCF8574.obj (.text:PCF8574_write)
                  0000e570    00000028     lcd.obj (.text:LCD_toggle_EN)
                  0000e598    00000028     MPL115A1.obj (.text:MPL115A1_read)
                  0000e5c0    00000026     rts430_eabi.lib : mult32.obj (.text)
                  0000e5e6    00000024                     : fs_utof.obj (.text)
                  0000e60a    00000022     lcd.obj (.text:LCD_goto)
                  0000e62c    00000022     HW_SPI.obj (.text:SPI_transfer)
                  0000e64e    00000020     SW_I2C.obj (.text:SW_I2C_init)
                  0000e66e    0000001a     HW_SPI.obj (.text:HW_SPI_init)
                  0000e688    0000001a     MPL115A1.obj (.text:MPL115A1_init)
                  0000e6a2    0000001a     main.obj (.text:USCI_A0_graceInit)
                  0000e6bc    0000001a     rts430_eabi.lib : boot_special.obj (.text:_c_int00_noargs_noexit)
                  0000e6d6    00000016                     : div16u.obj (.text)
                  0000e6ec    00000014     lcd.obj (.text:LCD_putchar)
                  0000e700    00000014     lcd.obj (.text:LCD_putstr)
                  0000e714    00000014     rts430_eabi.lib : copy_zero_init.obj (.text:decompress:ZI:__TI_zero_init)
                  0000e728    00000014     delay.obj (.text:delay_ms)
                  0000e73c    00000014     rts430_eabi.lib : mult16.obj (.text)
                  0000e750    00000012     lcd.obj (.text:LCD_clear_home)
                  0000e762    00000012     HW_SPI.obj (.text:SPI_read)
                  0000e774    00000012     HW_SPI.obj (.text:SPI_write)
                  0000e786    00000012     delay.obj (.text:delay_us)
                  0000e798    00000012     rts430_eabi.lib : lsr32.obj (.text:l_lsr)
                  0000e7aa    00000012                     : memcpy.obj (.text:memcpy)
                  0000e7bc    00000010                     : asr32.obj (.text:l_asr)
                  0000e7cc    00000010                     : lsl32.obj (.text:l_lsl)
                  0000e7dc    00000010                     : epilog.obj (.text)
                  0000e7ec    0000000e     PCF8574.obj (.text:PCF8574_init)
                  0000e7fa    0000000a     rts430_eabi.lib : fs_neg.obj (.text)
                  0000e804    00000008     main.obj (.text:WDTplus_graceInit)
                  0000e80c    00000008     rts430_eabi.lib : isr_trap.obj (.text:_isr:__TI_ISR_TRAP)
                  0000e814    00000006                     : fltud.obj (.text:__mspabi_fltud)
                  0000e81a    00000006                     : exit.obj (.text:abort)
                  0000e820    00000004     main.obj (.text:System_graceInit)
                  0000e824    00000004     rts430_eabi.lib : pre_init.obj (.text:_system_pre_init)
                  0000e828    00000002                     : startup.obj (.text:_system_post_cinit)

.const     0    0000e82a    00000025     
                  0000e82a    00000010     main.obj (.const:.string)
                  0000e83a    00000008     main.obj (.const:.string:symbol)
                  0000e842    00000007     main.obj (.const:.string:$P$T1$2)
                  0000e849    00000001     --HOLE-- [fill = 0]
                  0000e84a    00000005     main.obj (.const:.string:$P$T2$3)

.cinit     0    0000e850    0000000a     
                  0000e850    00000004     (.cinit..bss.load) [load image, compression = zero_init]
                  0000e854    00000002     (__TI_handler_table)
                  0000e856    00000004     (__TI_cinit_table)

.binit     0    0000c000    00000000     

.init_array 
*          0    0000c000    00000000     UNINITIALIZED

TRAPINT    0    0000ffe0    00000002     
                  0000ffe0    00000002     rts430_eabi.lib : int00.obj (.int00)

PORT1      0    0000ffe4    00000002     
                  0000ffe4    00000002     rts430_eabi.lib : int02.obj (.int02)

PORT2      0    0000ffe6    00000002     
                  0000ffe6    00000002     rts430_eabi.lib : int03.obj (.int03)

ADC10      0    0000ffea    00000002     
                  0000ffea    00000002     rts430_eabi.lib : int05.obj (.int05)

USCIAB0TX 
*          0    0000ffec    00000002     
                  0000ffec    00000002     rts430_eabi.lib : int06.obj (.int06)

USCIAB0RX 
*          0    0000ffee    00000002     
                  0000ffee    00000002     rts430_eabi.lib : int07.obj (.int07)

TIMER0_A1 
*          0    0000fff0    00000002     
                  0000fff0    00000002     rts430_eabi.lib : int08.obj (.int08)

TIMER0_A0 
*          0    0000fff2    00000002     
                  0000fff2    00000002     rts430_eabi.lib : int09.obj (.int09)

WDT        0    0000fff4    00000002     
                  0000fff4    00000002     rts430_eabi.lib : int10.obj (.int10)

COMPARATORA 
*          0    0000fff6    00000002     
                  0000fff6    00000002     rts430_eabi.lib : int11.obj (.int11)

TIMER1_A1 
*          0    0000fff8    00000002     
                  0000fff8    00000002     rts430_eabi.lib : int12.obj (.int12)

TIMER1_A0 
*          0    0000fffa    00000002     
                  0000fffa    00000002     rts430_eabi.lib : int13.obj (.int13)

NMI        0    0000fffc    00000002     
                  0000fffc    00000002     rts430_eabi.lib : int14.obj (.int14)

.reset     0    0000fffe    00000002     
                  0000fffe    00000002     rts430_eabi.lib : boot.obj (.reset)

$fill000   0    0000ffde    00000002     
                  0000ffde    00000002     --HOLE-- [fill = ffff]

MODULE SUMMARY

       Module               code    ro data   rw data
       ------               ----    -------   -------
    .\
       main.obj             1600    36        16     
    +--+--------------------+-------+---------+---------+
       Total:               1600    36        16     
                                                     
    .\Libraries\
       MPL115A1.obj         876     0         0      
       lcd.obj              372     0         2      
       SW_I2C.obj           260     0         0      
       HW_SPI.obj           96      0         0      
       PCF8574.obj          56      0         0      
       delay.obj            38      0         0      
    +--+--------------------+-------+---------+---------+
       Total:               1698    0         2      
                                                     
    C:\ti\ccsv7\tools\compiler\ti-cgt-msp430_17.6.0.STS\lib\rts430_eabi.lib
       frcdivd.obj          1144    0         0      
       addd.obj             762     0         0      
       frcmpyd.obj          646     0         0      
       mpyd.obj             622     0         0      
       frcaddd.obj          608     0         0      
       divd.obj             568     0         0      
       fs_add.obj           306     0         0      
       fs_mpy.obj           196     0         0      
       renormd.obj          190     0         0      
       fltlid.obj           172     0         0      
       cvtdf.obj            140     0         0      
       fltuld.obj           138     0         0      
       fs_tol.obj           126     0         0      
       cvtfd.obj            114     0         0      
       autoinit.obj         110     0         0      
       lsr32.obj            110     0         0      
       cpy_tbl.obj          90      0         0      
       div32u.obj           88      0         0      
       asr32.obj            78      0         0      
       lsl32.obj            78      0         0      
       lsr16.obj            76      0         0      
       fs_cmp.obj           74      0         0      
       fs_ltof.obj          74      0         0      
       div32s.obj           64      0         0      
       subd.obj             46      0         0      
       asr16.obj            44      0         0      
       div16s.obj           44      0         0      
       lsl16.obj            44      0         0      
       mult32.obj           38      0         0      
       fs_utof.obj          36      0         0      
       boot_special.obj     26      0         0      
       div16u.obj           22      0         0      
       copy_zero_init.obj   20      0         0      
       mult16.obj           20      0         0      
       memcpy.obj           18      0         0      
       epilog.obj           16      0         0      
       fs_neg.obj           10      0         0      
       isr_trap.obj         8       0         0      
       exit.obj             6       0         0      
       fltud.obj            6       0         0      
       pre_init.obj         4       0         0      
       boot.obj             0       2         0      
       int00.obj            0       2         0      
       int02.obj            0       2         0      
       int03.obj            0       2         0      
       int05.obj            0       2         0      
       int06.obj            0       2         0      
       int07.obj            0       2         0      
       int08.obj            0       2         0      
       int09.obj            0       2         0      
       int10.obj            0       2         0      
       int11.obj            0       2         0      
       int12.obj            0       2         0      
       int13.obj            0       2         0      
       int14.obj            0       2         0      
       startup.obj          2       0         0      
    +--+--------------------+-------+---------+---------+
       Total:               6984    28        0      
                                                     
       Stack:               0       0         80     
       Linker Generated:    0       10        0      
    +--+--------------------+-------+---------+---------+
       Grand Total:         10282   74        98     


LINKER GENERATED COPY TABLES

__TI_cinit_table @ 0000e856 records: 1, size/record: 4, table size: 4
	.bss: load addr=0000e850, load size=00000004 bytes, run addr=00000200, run size=00000012 bytes, compression=zero_init


LINKER GENERATED HANDLER TABLE

__TI_handler_table @ 0000e854 records: 1, size/record: 2, table size: 2
	index: 0, handler: __TI_zero_init


GLOBAL SYMBOLS: SORTED ALPHABETICALLY BY Name 

address   name                     
-------   ----                     
0000004a  ADC10AE0                 
000001b0  ADC10CTL0                
000001b2  ADC10CTL1                
00000048  ADC10DTC0                
00000049  ADC10DTC1                
000001b4  ADC10MEM                 
000001bc  ADC10SA                  
00000057  BCSCTL1                  
00000058  BCSCTL2                  
00000053  BCSCTL3                  
0000e382  BCSplus_graceInit        
0000e81a  C$$EXIT                  
00000059  CACTL1                   
0000005a  CACTL2                   
000010fb  CALBC1_12MHZ             
000010f9  CALBC1_16MHZ             
000010ff  CALBC1_1MHZ              
000010fd  CALBC1_8MHZ              
000010fa  CALDCO_12MHZ             
000010f8  CALDCO_16MHZ             
000010fe  CALDCO_1MHZ              
000010fc  CALDCO_8MHZ              
0000005b  CAPD                     
00000056  DCOCTL                   
00000128  FCTL1                    
0000012a  FCTL2                    
0000012c  FCTL3                    
0000e312  GPIO_graceInit           
0000e66e  HW_SPI_init              
00000000  IE1                      
00000001  IE2                      
00000002  IFG1                     
00000003  IFG2                     
0000e1c6  LCD_4bit_send            
0000e750  LCD_clear_home           
0000e60a  LCD_goto                 
0000df24  LCD_init                 
0000e6ec  LCD_putchar              
0000e700  LCD_putstr               
0000e20e  LCD_send                 
0000e570  LCD_toggle_EN            
0000e51c  MPL115A1_get_bytes       
0000d6be  MPL115A1_get_coefficients
0000d54c  MPL115A1_get_data        
0000e688  MPL115A1_init            
0000e598  MPL115A1_read            
0000e414  MPL115A1_write           
00000022  P1DIR                    
00000025  P1IE                     
00000024  P1IES                    
00000023  P1IFG                    
00000020  P1IN                     
00000021  P1OUT                    
00000027  P1REN                    
00000026  P1SEL                    
00000041  P1SEL2                   
0000002a  P2DIR                    
0000002d  P2IE                     
0000002c  P2IES                    
0000002b  P2IFG                    
00000028  P2IN                     
00000029  P2OUT                    
0000002f  P2REN                    
0000002e  P2SEL                    
00000042  P2SEL2                   
0000001a  P3DIR                    
00000018  P3IN                     
00000019  P3OUT                    
00000010  P3REN                    
0000001b  P3SEL                    
00000043  P3SEL2                   
0000e7ec  PCF8574_init             
0000e546  PCF8574_write            
0000e762  SPI_read                 
0000e62c  SPI_transfer             
0000e774  SPI_write                
0000e34a  SW_I2C_ACK_NACK          
0000e64e  SW_I2C_init              
0000e440  SW_I2C_start             
0000e46c  SW_I2C_stop              
0000e092  SW_I2C_write             
0000e820  System_graceInit         
00000172  TA0CCR0                  
00000174  TA0CCR1                  
00000176  TA0CCR2                  
00000162  TA0CCTL0                 
00000164  TA0CCTL1                 
00000166  TA0CCTL2                 
00000160  TA0CTL                   
0000012e  TA0IV                    
00000170  TA0R                     
00000192  TA1CCR0                  
00000194  TA1CCR1                  
00000196  TA1CCR2                  
00000182  TA1CCTL0                 
00000184  TA1CCTL1                 
00000186  TA1CCTL2                 
00000180  TA1CTL                   
0000011e  TA1IV                    
00000190  TA1R                     
000010db  TLV_ADC10_1_LEN          
000010da  TLV_ADC10_1_TAG          
000010c0  TLV_CHECKSUM             
000010f7  TLV_DCO_30_LEN           
000010f6  TLV_DCO_30_TAG           
0000005d  UCA0ABCTL                
00000062  UCA0BR0                  
00000063  UCA0BR1                  
00000060  UCA0CTL0                 
00000061  UCA0CTL1                 
0000005f  UCA0IRRCTL               
0000005e  UCA0IRTCTL               
00000064  UCA0MCTL                 
00000066  UCA0RXBUF                
00000065  UCA0STAT                 
00000067  UCA0TXBUF                
0000006a  UCB0BR0                  
0000006b  UCB0BR1                  
00000068  UCB0CTL0                 
00000069  UCB0CTL1                 
0000006c  UCB0I2CIE                
00000118  UCB0I2COA                
0000011a  UCB0I2CSA                
0000006e  UCB0RXBUF                
0000006d  UCB0STAT                 
0000006f  UCB0TXBUF                
0000e6a2  USCI_A0_graceInit        
00000120  WDTCTL                   
0000e804  WDTplus_graceInit        
00000400  __STACK_END              
00000050  __STACK_SIZE             
UNDEFED   __TI_BINIT_Base          
UNDEFED   __TI_BINIT_Limit         
0000e856  __TI_CINIT_Base          
0000e85a  __TI_CINIT_Limit         
0000e854  __TI_Handler_Table_Base  
0000e856  __TI_Handler_Table_Limit 
UNDEFED   __TI_INITARRAY_Base      
UNDEFED   __TI_INITARRAY_Limit     
0000e80c  __TI_ISR_TRAP            
0000cf14  __TI_frcaddd             
0000c000  __TI_frcdivd             
0000ca20  __TI_frcmpyd             
0000ffe0  __TI_int00               
0000ffe4  __TI_int02               
0000ffe6  __TI_int03               
0000ffea  __TI_int05               
0000ffec  __TI_int06               
0000ffee  __TI_int07               
0000fff0  __TI_int08               
0000fff2  __TI_int09               
0000fff4  __TI_int10               
0000fff6  __TI_int11               
0000fff8  __TI_int12               
0000fffa  __TI_int13               
0000fffc  __TI_int14               
ffffffff  __TI_pprof_out_hndl      
ffffffff  __TI_prof_data_size      
ffffffff  __TI_prof_data_start     
0000da16  __TI_renormd             
0000e714  __TI_zero_init           
ffffffff  __c_args__               
0000c478  __mspabi_addd            
0000d826  __mspabi_addf            
0000e132  __mspabi_cmpf            
0000dc32  __mspabi_cvtdf           
0000de44  __mspabi_cvtfd           
0000d174  __mspabi_divd            
0000e4c4  __mspabi_divi            
0000e256  __mspabi_divli           
0000e6d6  __mspabi_divu            
0000e03a  __mspabi_divul           
0000ddc6  __mspabi_fixfli          
0000db86  __mspabi_fltlid          
0000e17c  __mspabi_fltlif          
0000e814  __mspabi_fltud           
0000e5e6  __mspabi_fltuf           
0000dcbe  __mspabi_fltuld          
0000e7e8  __mspabi_func_epilog_1   
0000e7e6  __mspabi_func_epilog_2   
0000e7e4  __mspabi_func_epilog_3   
0000e7e2  __mspabi_func_epilog_4   
0000e7e0  __mspabi_func_epilog_5   
0000e7de  __mspabi_func_epilog_6   
0000e7dc  __mspabi_func_epilog_7   
0000cca6  __mspabi_mpyd            
0000d952  __mspabi_mpyf            
0000e73c  __mspabi_mpyi            
0000e73c  __mspabi_mpyi_sw         
0000e5c0  __mspabi_mpyl            
0000e5c0  __mspabi_mpyl_sw         
0000e7fa  __mspabi_negf            
0000e4c4  __mspabi_remi            
0000e256  __mspabi_remli           
0000e6d6  __mspabi_remu            
0000e03a  __mspabi_remul           
0000e4f0  __mspabi_slli            
0000e518  __mspabi_slli_1          
0000e506  __mspabi_slli_10         
0000e504  __mspabi_slli_11         
0000e502  __mspabi_slli_12         
0000e500  __mspabi_slli_13         
0000e4fe  __mspabi_slli_14         
0000e4fc  __mspabi_slli_15         
0000e516  __mspabi_slli_2          
0000e514  __mspabi_slli_3          
0000e512  __mspabi_slli_4          
0000e510  __mspabi_slli_5          
0000e50e  __mspabi_slli_6          
0000e50c  __mspabi_slli_7          
0000e50a  __mspabi_slli_8          
0000e508  __mspabi_slli_9          
0000e7cc  __mspabi_slll            
0000e30c  __mspabi_slll_1          
0000e2e8  __mspabi_slll_10         
0000e2e4  __mspabi_slll_11         
0000e2e0  __mspabi_slll_12         
0000e2dc  __mspabi_slll_13         
0000e2d8  __mspabi_slll_14         
0000e2d4  __mspabi_slll_15         
0000e308  __mspabi_slll_2          
0000e304  __mspabi_slll_3          
0000e300  __mspabi_slll_4          
0000e2fc  __mspabi_slll_5          
0000e2f8  __mspabi_slll_6          
0000e2f4  __mspabi_slll_7          
0000e2f0  __mspabi_slll_8          
0000e2ec  __mspabi_slll_9          
0000e498  __mspabi_srai            
0000e4c0  __mspabi_srai_1          
0000e4ae  __mspabi_srai_10         
0000e4ac  __mspabi_srai_11         
0000e4aa  __mspabi_srai_12         
0000e4a8  __mspabi_srai_13         
0000e4a6  __mspabi_srai_14         
0000e4a4  __mspabi_srai_15         
0000e4be  __mspabi_srai_2          
0000e4bc  __mspabi_srai_3          
0000e4ba  __mspabi_srai_4          
0000e4b8  __mspabi_srai_5          
0000e4b6  __mspabi_srai_6          
0000e4b4  __mspabi_srai_7          
0000e4b2  __mspabi_srai_8          
0000e4b0  __mspabi_srai_9          
0000e7bc  __mspabi_sral            
0000e2ce  __mspabi_sral_1          
0000e2aa  __mspabi_sral_10         
0000e2a6  __mspabi_sral_11         
0000e2a2  __mspabi_sral_12         
0000e29e  __mspabi_sral_13         
0000e29a  __mspabi_sral_14         
0000e296  __mspabi_sral_15         
0000e2ca  __mspabi_sral_2          
0000e2c6  __mspabi_sral_3          
0000e2c2  __mspabi_sral_4          
0000e2be  __mspabi_sral_5          
0000e2ba  __mspabi_sral_6          
0000e2b6  __mspabi_sral_7          
0000e2b2  __mspabi_sral_8          
0000e2ae  __mspabi_sral_9          
0000e0e6  __mspabi_srli            
0000e12c  __mspabi_srli_1          
0000e108  __mspabi_srli_10         
0000e104  __mspabi_srli_11         
0000e100  __mspabi_srli_12         
0000e0fc  __mspabi_srli_13         
0000e0f8  __mspabi_srli_14         
0000e0f4  __mspabi_srli_15         
0000e128  __mspabi_srli_2          
0000e124  __mspabi_srli_3          
0000e120  __mspabi_srli_4          
0000e11c  __mspabi_srli_5          
0000e118  __mspabi_srli_6          
0000e114  __mspabi_srli_7          
0000e110  __mspabi_srli_8          
0000e10c  __mspabi_srli_9          
0000e798  __mspabi_srll            
0000dfd8  __mspabi_srll_1          
0000dfa2  __mspabi_srll_10         
0000df9c  __mspabi_srll_11         
0000df96  __mspabi_srll_12         
0000df90  __mspabi_srll_13         
0000df8a  __mspabi_srll_14         
0000df84  __mspabi_srll_15         
0000dfd2  __mspabi_srll_2          
0000dfcc  __mspabi_srll_3          
0000dfc6  __mspabi_srll_4          
0000dfc0  __mspabi_srll_5          
0000dfba  __mspabi_srll_6          
0000dfb4  __mspabi_srll_7          
0000dfae  __mspabi_srll_8          
0000dfa8  __mspabi_srll_9          
0000e3e6  __mspabi_subd            
0000d820  __mspabi_subf            
0000deb6  _auto_init               
0000e6bc  _c_int00_noargs_noexit   
0000fffe  _reset_vector            
000003b0  _stack                   
0000e828  _system_post_cinit       
0000e824  _system_pre_init         
0000e81a  abort                    
00000200  coefficients             
0000dfe0  copy_in                  
0000e728  delay_ms                 
0000e786  delay_us                 
0000e3b4  lcd_symbol               
0000dad4  main                     
0000e7aa  memcpy                   
0000dd48  print_D                  
0000d3ac  print_F                  
0000c772  print_I                  
0000e83a  symbol                   


GLOBAL SYMBOLS: SORTED BY Symbol Address 

address   name                     
-------   ----                     
00000000  IE1                      
00000001  IE2                      
00000002  IFG1                     
00000003  IFG2                     
00000010  P3REN                    
00000018  P3IN                     
00000019  P3OUT                    
0000001a  P3DIR                    
0000001b  P3SEL                    
00000020  P1IN                     
00000021  P1OUT                    
00000022  P1DIR                    
00000023  P1IFG                    
00000024  P1IES                    
00000025  P1IE                     
00000026  P1SEL                    
00000027  P1REN                    
00000028  P2IN                     
00000029  P2OUT                    
0000002a  P2DIR                    
0000002b  P2IFG                    
0000002c  P2IES                    
0000002d  P2IE                     
0000002e  P2SEL                    
0000002f  P2REN                    
00000041  P1SEL2                   
00000042  P2SEL2                   
00000043  P3SEL2                   
00000048  ADC10DTC0                
00000049  ADC10DTC1                
0000004a  ADC10AE0                 
00000050  __STACK_SIZE             
00000053  BCSCTL3                  
00000056  DCOCTL                   
00000057  BCSCTL1                  
00000058  BCSCTL2                  
00000059  CACTL1                   
0000005a  CACTL2                   
0000005b  CAPD                     
0000005d  UCA0ABCTL                
0000005e  UCA0IRTCTL               
0000005f  UCA0IRRCTL               
00000060  UCA0CTL0                 
00000061  UCA0CTL1                 
00000062  UCA0BR0                  
00000063  UCA0BR1                  
00000064  UCA0MCTL                 
00000065  UCA0STAT                 
00000066  UCA0RXBUF                
00000067  UCA0TXBUF                
00000068  UCB0CTL0                 
00000069  UCB0CTL1                 
0000006a  UCB0BR0                  
0000006b  UCB0BR1                  
0000006c  UCB0I2CIE                
0000006d  UCB0STAT                 
0000006e  UCB0RXBUF                
0000006f  UCB0TXBUF                
00000118  UCB0I2COA                
0000011a  UCB0I2CSA                
0000011e  TA1IV                    
00000120  WDTCTL                   
00000128  FCTL1                    
0000012a  FCTL2                    
0000012c  FCTL3                    
0000012e  TA0IV                    
00000160  TA0CTL                   
00000162  TA0CCTL0                 
00000164  TA0CCTL1                 
00000166  TA0CCTL2                 
00000170  TA0R                     
00000172  TA0CCR0                  
00000174  TA0CCR1                  
00000176  TA0CCR2                  
00000180  TA1CTL                   
00000182  TA1CCTL0                 
00000184  TA1CCTL1                 
00000186  TA1CCTL2                 
00000190  TA1R                     
00000192  TA1CCR0                  
00000194  TA1CCR1                  
00000196  TA1CCR2                  
000001b0  ADC10CTL0                
000001b2  ADC10CTL1                
000001b4  ADC10MEM                 
000001bc  ADC10SA                  
00000200  coefficients             
000003b0  _stack                   
00000400  __STACK_END              
000010c0  TLV_CHECKSUM             
000010da  TLV_ADC10_1_TAG          
000010db  TLV_ADC10_1_LEN          
000010f6  TLV_DCO_30_TAG           
000010f7  TLV_DCO_30_LEN           
000010f8  CALDCO_16MHZ             
000010f9  CALBC1_16MHZ             
000010fa  CALDCO_12MHZ             
000010fb  CALBC1_12MHZ             
000010fc  CALDCO_8MHZ              
000010fd  CALBC1_8MHZ              
000010fe  CALDCO_1MHZ              
000010ff  CALBC1_1MHZ              
0000c000  __TI_frcdivd             
0000c478  __mspabi_addd            
0000c772  print_I                  
0000ca20  __TI_frcmpyd             
0000cca6  __mspabi_mpyd            
0000cf14  __TI_frcaddd             
0000d174  __mspabi_divd            
0000d3ac  print_F                  
0000d54c  MPL115A1_get_data        
0000d6be  MPL115A1_get_coefficients
0000d820  __mspabi_subf            
0000d826  __mspabi_addf            
0000d952  __mspabi_mpyf            
0000da16  __TI_renormd             
0000dad4  main                     
0000db86  __mspabi_fltlid          
0000dc32  __mspabi_cvtdf           
0000dcbe  __mspabi_fltuld          
0000dd48  print_D                  
0000ddc6  __mspabi_fixfli          
0000de44  __mspabi_cvtfd           
0000deb6  _auto_init               
0000df24  LCD_init                 
0000df84  __mspabi_srll_15         
0000df8a  __mspabi_srll_14         
0000df90  __mspabi_srll_13         
0000df96  __mspabi_srll_12         
0000df9c  __mspabi_srll_11         
0000dfa2  __mspabi_srll_10         
0000dfa8  __mspabi_srll_9          
0000dfae  __mspabi_srll_8          
0000dfb4  __mspabi_srll_7          
0000dfba  __mspabi_srll_6          
0000dfc0  __mspabi_srll_5          
0000dfc6  __mspabi_srll_4          
0000dfcc  __mspabi_srll_3          
0000dfd2  __mspabi_srll_2          
0000dfd8  __mspabi_srll_1          
0000dfe0  copy_in                  
0000e03a  __mspabi_divul           
0000e03a  __mspabi_remul           
0000e092  SW_I2C_write             
0000e0e6  __mspabi_srli            
0000e0f4  __mspabi_srli_15         
0000e0f8  __mspabi_srli_14         
0000e0fc  __mspabi_srli_13         
0000e100  __mspabi_srli_12         
0000e104  __mspabi_srli_11         
0000e108  __mspabi_srli_10         
0000e10c  __mspabi_srli_9          
0000e110  __mspabi_srli_8          
0000e114  __mspabi_srli_7          
0000e118  __mspabi_srli_6          
0000e11c  __mspabi_srli_5          
0000e120  __mspabi_srli_4          
0000e124  __mspabi_srli_3          
0000e128  __mspabi_srli_2          
0000e12c  __mspabi_srli_1          
0000e132  __mspabi_cmpf            
0000e17c  __mspabi_fltlif          
0000e1c6  LCD_4bit_send            
0000e20e  LCD_send                 
0000e256  __mspabi_divli           
0000e256  __mspabi_remli           
0000e296  __mspabi_sral_15         
0000e29a  __mspabi_sral_14         
0000e29e  __mspabi_sral_13         
0000e2a2  __mspabi_sral_12         
0000e2a6  __mspabi_sral_11         
0000e2aa  __mspabi_sral_10         
0000e2ae  __mspabi_sral_9          
0000e2b2  __mspabi_sral_8          
0000e2b6  __mspabi_sral_7          
0000e2ba  __mspabi_sral_6          
0000e2be  __mspabi_sral_5          
0000e2c2  __mspabi_sral_4          
0000e2c6  __mspabi_sral_3          
0000e2ca  __mspabi_sral_2          
0000e2ce  __mspabi_sral_1          
0000e2d4  __mspabi_slll_15         
0000e2d8  __mspabi_slll_14         
0000e2dc  __mspabi_slll_13         
0000e2e0  __mspabi_slll_12         
0000e2e4  __mspabi_slll_11         
0000e2e8  __mspabi_slll_10         
0000e2ec  __mspabi_slll_9          
0000e2f0  __mspabi_slll_8          
0000e2f4  __mspabi_slll_7          
0000e2f8  __mspabi_slll_6          
0000e2fc  __mspabi_slll_5          
0000e300  __mspabi_slll_4          
0000e304  __mspabi_slll_3          
0000e308  __mspabi_slll_2          
0000e30c  __mspabi_slll_1          
0000e312  GPIO_graceInit           
0000e34a  SW_I2C_ACK_NACK          
0000e382  BCSplus_graceInit        
0000e3b4  lcd_symbol               
0000e3e6  __mspabi_subd            
0000e414  MPL115A1_write           
0000e440  SW_I2C_start             
0000e46c  SW_I2C_stop              
0000e498  __mspabi_srai            
0000e4a4  __mspabi_srai_15         
0000e4a6  __mspabi_srai_14         
0000e4a8  __mspabi_srai_13         
0000e4aa  __mspabi_srai_12         
0000e4ac  __mspabi_srai_11         
0000e4ae  __mspabi_srai_10         
0000e4b0  __mspabi_srai_9          
0000e4b2  __mspabi_srai_8          
0000e4b4  __mspabi_srai_7          
0000e4b6  __mspabi_srai_6          
0000e4b8  __mspabi_srai_5          
0000e4ba  __mspabi_srai_4          
0000e4bc  __mspabi_srai_3          
0000e4be  __mspabi_srai_2          
0000e4c0  __mspabi_srai_1          
0000e4c4  __mspabi_divi            
0000e4c4  __mspabi_remi            
0000e4f0  __mspabi_slli            
0000e4fc  __mspabi_slli_15         
0000e4fe  __mspabi_slli_14         
0000e500  __mspabi_slli_13         
0000e502  __mspabi_slli_12         
0000e504  __mspabi_slli_11         
0000e506  __mspabi_slli_10         
0000e508  __mspabi_slli_9          
0000e50a  __mspabi_slli_8          
0000e50c  __mspabi_slli_7          
0000e50e  __mspabi_slli_6          
0000e510  __mspabi_slli_5          
0000e512  __mspabi_slli_4          
0000e514  __mspabi_slli_3          
0000e516  __mspabi_slli_2          
0000e518  __mspabi_slli_1          
0000e51c  MPL115A1_get_bytes       
0000e546  PCF8574_write            
0000e570  LCD_toggle_EN            
0000e598  MPL115A1_read            
0000e5c0  __mspabi_mpyl            
0000e5c0  __mspabi_mpyl_sw         
0000e5e6  __mspabi_fltuf           
0000e60a  LCD_goto                 
0000e62c  SPI_transfer             
0000e64e  SW_I2C_init              
0000e66e  HW_SPI_init              
0000e688  MPL115A1_init            
0000e6a2  USCI_A0_graceInit        
0000e6bc  _c_int00_noargs_noexit   
0000e6d6  __mspabi_divu            
0000e6d6  __mspabi_remu            
0000e6ec  LCD_putchar              
0000e700  LCD_putstr               
0000e714  __TI_zero_init           
0000e728  delay_ms                 
0000e73c  __mspabi_mpyi            
0000e73c  __mspabi_mpyi_sw         
0000e750  LCD_clear_home           
0000e762  SPI_read                 
0000e774  SPI_write                
0000e786  delay_us                 
0000e798  __mspabi_srll            
0000e7aa  memcpy                   
0000e7bc  __mspabi_sral            
0000e7cc  __mspabi_slll            
0000e7dc  __mspabi_func_epilog_7   
0000e7de  __mspabi_func_epilog_6   
0000e7e0  __mspabi_func_epilog_5   
0000e7e2  __mspabi_func_epilog_4   
0000e7e4  __mspabi_func_epilog_3   
0000e7e6  __mspabi_func_epilog_2   
0000e7e8  __mspabi_func_epilog_1   
0000e7ec  PCF8574_init             
0000e7fa  __mspabi_negf            
0000e804  WDTplus_graceInit        
0000e80c  __TI_ISR_TRAP            
0000e814  __mspabi_fltud           
0000e81a  C$$EXIT                  
0000e81a  abort                    
0000e820  System_graceInit         
0000e824  _system_pre_init         
0000e828  _system_post_cinit       
0000e83a  symbol                   
0000e854  __TI_Handler_Table_Base  
0000e856  __TI_CINIT_Base          
0000e856  __TI_Handler_Table_Limit 
0000e85a  __TI_CINIT_Limit         
0000ffe0  __TI_int00               
0000ffe4  __TI_int02               
0000ffe6  __TI_int03               
0000ffea  __TI_int05               
0000ffec  __TI_int06               
0000ffee  __TI_int07               
0000fff0  __TI_int08               
0000fff2  __TI_int09               
0000fff4  __TI_int10               
0000fff6  __TI_int11               
0000fff8  __TI_int12               
0000fffa  __TI_int13               
0000fffc  __TI_int14               
0000fffe  _reset_vector            
ffffffff  __TI_pprof_out_hndl      
ffffffff  __TI_prof_data_size      
ffffffff  __TI_prof_data_start     
ffffffff  __c_args__               
UNDEFED   __TI_BINIT_Base          
UNDEFED   __TI_BINIT_Limit         
UNDEFED   __TI_INITARRAY_Base      
UNDEFED   __TI_INITARRAY_Limit     

[312 symbols]
