******************************************************************************
                  MSP430 Linker PC v17.6.0                     
******************************************************************************
>> Linked Sun Feb 18 12:16:02 2018

OUTPUT FILE NAME:   <USCI_SPI_OLED.out>
ENTRY POINT SYMBOL: "_c_int00_noinit_noargs_noexit"  address: 0000d81e


MEMORY CONFIGURATION

         name            origin    length      used     unused   attr    fill
----------------------  --------  ---------  --------  --------  ----  --------
  SFR                   00000000   00000010  00000000  00000010  RWIX
  PERIPHERALS_8BIT      00000010   000000f0  00000000  000000f0  RWIX
  PERIPHERALS_16BIT     00000100   00000100  00000000  00000100  RWIX
  RAM                   00000200   00000200  00000050  000001b0  RWIX
  INFOD                 00001000   00000040  00000000  00000040  RWIX
  INFOC                 00001040   00000040  00000000  00000040  RWIX
  INFOB                 00001080   00000040  00000000  00000040  RWIX
  INFOA                 000010c0   00000040  00000000  00000040  RWIX
  FLASH                 0000c000   00003fde  00001b10  000024ce  RWIX
  BSLSIGNATURE          0000ffde   00000002  00000002  00000000  RWIX  ffff 
  INT00                 0000ffe0   00000002  00000002  00000000  RWIX
  INT01                 0000ffe2   00000002  00000000  00000002  RWIX
  INT02                 0000ffe4   00000002  00000002  00000000  RWIX
  INT03                 0000ffe6   00000002  00000002  00000000  RWIX
  INT04                 0000ffe8   00000002  00000000  00000002  RWIX
  INT05                 0000ffea   00000002  00000002  00000000  RWIX
  INT06                 0000ffec   00000002  00000002  00000000  RWIX
  INT07                 0000ffee   00000002  00000002  00000000  RWIX
  INT08                 0000fff0   00000002  00000002  00000000  RWIX
  INT09                 0000fff2   00000002  00000002  00000000  RWIX
  INT10                 0000fff4   00000002  00000002  00000000  RWIX
  INT11                 0000fff6   00000002  00000002  00000000  RWIX
  INT12                 0000fff8   00000002  00000002  00000000  RWIX
  INT13                 0000fffa   00000002  00000002  00000000  RWIX
  INT14                 0000fffc   00000002  00000002  00000000  RWIX
  RESET                 0000fffe   00000002  00000002  00000000  RWIX


SECTION ALLOCATION MAP

 output                                  attributes/
section   page    origin      length       input sections
--------  ----  ----------  ----------   ----------------
.stack     0    000003b0    00000050     UNINITIALIZED
                  000003b0    00000002     rts430_eabi.lib : boot.obj (.stack)
                  000003b2    0000004e     --HOLE--

.text      0    0000c000    000018aa     
                  0000c000    000003a2     SSD1306.obj (.text:OLED_print_int)
                  0000c3a2    000002fa     rts430_eabi.lib : addd.obj (.text:__mspabi_addd)
                  0000c69c    00000260                     : frcaddd.obj (.text:__TI_frcaddd)
                  0000c8fc    00000192     SSD1306.obj (.text:OLED_print_float)
                  0000ca8e    0000014a     SSD1306.obj (.text:OLED_print_chr)
                  0000cbd8    00000132     rts430_eabi.lib : fs_add.obj (.text)
                  0000cd0a    00000110     SSD1306.obj (.text:OLED_init)
                  0000ce1a    000000ee     main.obj (.text:main)
                  0000cf08    000000c4     rts430_eabi.lib : fs_mpy.obj (.text)
                  0000cfcc    000000be                     : renormd.obj (.text:__TI_renormd)
                  0000d08a    000000b8     SSD1306.obj (.text:OLED_print_decimal)
                  0000d142    0000008c     rts430_eabi.lib : cvtdf.obj (.text:__mspabi_cvtdf)
                  0000d1ce    0000007e                     : fs_tol.obj (.text)
                  0000d24c    00000072                     : cvtfd.obj (.text:__mspabi_cvtfd)
                  0000d2be    00000070     SSD1306.obj (.text:OLED_print_string)
                  0000d32e    0000005c     rts430_eabi.lib : lsr32.obj (.text:l_lsr_const)
                  0000d38a    00000058                     : div32u.obj (.text)
                  0000d3e2    0000004e     SSD1306.obj (.text:OLED_fill)
                  0000d430    0000004c     rts430_eabi.lib : lsr16.obj (.text)
                  0000d47c    0000004a                     : fs_cmp.obj (.text)
                  0000d4c6    0000004a                     : fs_ltof.obj (.text)
                  0000d510    00000046     SSD1306.obj (.text:OLED_print_char)
                  0000d556    00000040     rts430_eabi.lib : div32s.obj (.text)
                  0000d596    0000003e                     : asr32.obj (.text:l_asr_const)
                  0000d5d4    0000003e                     : lsl32.obj (.text:l_lsl_const)
                  0000d612    00000038     main.obj (.text:GPIO_graceInit)
                  0000d64a    00000032     main.obj (.text:BCSplus_graceInit)
                  0000d67c    00000032     SSD1306.obj (.text:OLED_gotoxy)
                  0000d6ae    0000002c     rts430_eabi.lib : asr16.obj (.text)
                  0000d6da    0000002c                     : div16s.obj (.text)
                  0000d706    0000002c                     : lsl16.obj (.text)
                  0000d732    00000026     SSD1306.obj (.text:OLED_write)
                  0000d758    00000022     HW_SPI.obj (.text:SPI_transfer)
                  0000d77a    0000001e     HW_SPI.obj (.text:HW_SPI_init)
                  0000d798    0000001a     SSD1306.obj (.text:OLED_reset_sequence)
                  0000d7b2    0000001a     main.obj (.text:USCI_B0_graceInit)
                  0000d7cc    00000016     rts430_eabi.lib : div16u.obj (.text)
                  0000d7e2    00000014     delay.obj (.text:delay_ms)
                  0000d7f6    00000014     rts430_eabi.lib : mult16.obj (.text)
                  0000d80a    00000014     SSD1306.obj (.text:setup_GPIOs)
                  0000d81e    00000012     rts430_eabi.lib : boot_special.obj (.text:_c_int00_noinit_noargs_noexit)
                  0000d830    00000012     delay.obj (.text:delay_us)
                  0000d842    00000012     rts430_eabi.lib : lsr32.obj (.text:l_lsr)
                  0000d854    00000010                     : asr32.obj (.text:l_asr)
                  0000d864    00000010                     : lsl32.obj (.text:l_lsl)
                  0000d874    00000010                     : epilog.obj (.text)
                  0000d884    00000008     SSD1306.obj (.text:OLED_clear_screen)
                  0000d88c    00000008     main.obj (.text:WDTplus_graceInit)
                  0000d894    00000008     rts430_eabi.lib : isr_trap.obj (.text:_isr:__TI_ISR_TRAP)
                  0000d89c    00000006                     : exit.obj (.text:abort)
                  0000d8a2    00000004     main.obj (.text:System_graceInit)
                  0000d8a6    00000004     rts430_eabi.lib : pre_init.obj (.text:_system_pre_init)

.cinit     0    0000c000    00000000     UNINITIALIZED

.const     0    0000d8aa    00000266     
                  0000d8aa    00000228     SSD1306.obj (.const:font_regular)
                  0000dad2    0000003e     main.obj (.const:.string)

.binit     0    0000c000    00000000     

.init_array 
*          0    0000c000    00000000     UNINITIALIZED

TRAPINT    0    0000ffe0    00000002     
                  0000ffe0    00000002     rts430_eabi.lib : int00.obj (.int00)

PORT1      0    0000ffe4    00000002     
                  0000ffe4    00000002     rts430_eabi.lib : int02.obj (.int02)

PORT2      0    0000ffe6    00000002     
                  0000ffe6    00000002     rts430_eabi.lib : int03.obj (.int03)

ADC10      0    0000ffea    00000002     
                  0000ffea    00000002     rts430_eabi.lib : int05.obj (.int05)

USCIAB0TX 
*          0    0000ffec    00000002     
                  0000ffec    00000002     rts430_eabi.lib : int06.obj (.int06)

USCIAB0RX 
*          0    0000ffee    00000002     
                  0000ffee    00000002     rts430_eabi.lib : int07.obj (.int07)

TIMER0_A1 
*          0    0000fff0    00000002     
                  0000fff0    00000002     rts430_eabi.lib : int08.obj (.int08)

TIMER0_A0 
*          0    0000fff2    00000002     
                  0000fff2    00000002     rts430_eabi.lib : int09.obj (.int09)

WDT        0    0000fff4    00000002     
                  0000fff4    00000002     rts430_eabi.lib : int10.obj (.int10)

COMPARATORA 
*          0    0000fff6    00000002     
                  0000fff6    00000002     rts430_eabi.lib : int11.obj (.int11)

TIMER1_A1 
*          0    0000fff8    00000002     
                  0000fff8    00000002     rts430_eabi.lib : int12.obj (.int12)

TIMER1_A0 
*          0    0000fffa    00000002     
                  0000fffa    00000002     rts430_eabi.lib : int13.obj (.int13)

NMI        0    0000fffc    00000002     
                  0000fffc    00000002     rts430_eabi.lib : int14.obj (.int14)

.reset     0    0000fffe    00000002     
                  0000fffe    00000002     rts430_eabi.lib : boot.obj (.reset)

$fill000   0    0000ffde    00000002     
                  0000ffde    00000002     --HOLE-- [fill = ffff]

MODULE SUMMARY

       Module             code   ro data   rw data
       ------             ----   -------   -------
    .\
       main.obj           382    62        0      
    +--+------------------+------+---------+---------+
       Total:             382    62        0      
                                                  
    .\Libraries\
       SSD1306.obj        2520   552       0      
       HW_SPI.obj         64     0         0      
       delay.obj          38     0         0      
    +--+------------------+------+---------+---------+
       Total:             2622   552       0      
                                                  
    C:\ti\ccsv7\tools\compiler\ti-cgt-msp430_17.6.0.STS\lib\rts430_eabi.lib
       addd.obj           762    0         0      
       frcaddd.obj        608    0         0      
       fs_add.obj         306    0         0      
       fs_mpy.obj         196    0         0      
       renormd.obj        190    0         0      
       cvtdf.obj          140    0         0      
       fs_tol.obj         126    0         0      
       cvtfd.obj          114    0         0      
       lsr32.obj          110    0         0      
       div32u.obj         88     0         0      
       asr32.obj          78     0         0      
       lsl32.obj          78     0         0      
       lsr16.obj          76     0         0      
       fs_cmp.obj         74     0         0      
       fs_ltof.obj        74     0         0      
       div32s.obj         64     0         0      
       asr16.obj          44     0         0      
       div16s.obj         44     0         0      
       lsl16.obj          44     0         0      
       div16u.obj         22     0         0      
       mult16.obj         20     0         0      
       boot_special.obj   18     0         0      
       epilog.obj         16     0         0      
       isr_trap.obj       8      0         0      
       exit.obj           6      0         0      
       pre_init.obj       4      0         0      
       boot.obj           0      2         0      
       int00.obj          0      2         0      
       int02.obj          0      2         0      
       int03.obj          0      2         0      
       int05.obj          0      2         0      
       int06.obj          0      2         0      
       int07.obj          0      2         0      
       int08.obj          0      2         0      
       int09.obj          0      2         0      
       int10.obj          0      2         0      
       int11.obj          0      2         0      
       int12.obj          0      2         0      
       int13.obj          0      2         0      
       int14.obj          0      2         0      
    +--+------------------+------+---------+---------+
       Total:             3310   28        0      
                                                  
       Stack:             0      0         80     
    +--+------------------+------+---------+---------+
       Grand Total:       6314   642       80     


GLOBAL SYMBOLS: SORTED ALPHABETICALLY BY Name 

address   name                         
-------   ----                         
0000004a  ADC10AE0                     
000001b0  ADC10CTL0                    
000001b2  ADC10CTL1                    
00000048  ADC10DTC0                    
00000049  ADC10DTC1                    
000001b4  ADC10MEM                     
000001bc  ADC10SA                      
00000057  BCSCTL1                      
00000058  BCSCTL2                      
00000053  BCSCTL3                      
0000d64a  BCSplus_graceInit            
0000d89c  C$$EXIT                      
00000059  CACTL1                       
0000005a  CACTL2                       
000010fb  CALBC1_12MHZ                 
000010f9  CALBC1_16MHZ                 
000010ff  CALBC1_1MHZ                  
000010fd  CALBC1_8MHZ                  
000010fa  CALDCO_12MHZ                 
000010f8  CALDCO_16MHZ                 
000010fe  CALDCO_1MHZ                  
000010fc  CALDCO_8MHZ                  
0000005b  CAPD                         
00000056  DCOCTL                       
00000128  FCTL1                        
0000012a  FCTL2                        
0000012c  FCTL3                        
0000d612  GPIO_graceInit               
0000d77a  HW_SPI_init                  
00000000  IE1                          
00000001  IE2                          
00000002  IFG1                         
00000003  IFG2                         
0000d884  OLED_clear_screen            
0000d3e2  OLED_fill                    
0000d67c  OLED_gotoxy                  
0000cd0a  OLED_init                    
0000d510  OLED_print_char              
0000ca8e  OLED_print_chr               
0000d08a  OLED_print_decimal           
0000c8fc  OLED_print_float             
0000c000  OLED_print_int               
0000d2be  OLED_print_string            
0000d798  OLED_reset_sequence          
0000d732  OLED_write                   
00000022  P1DIR                        
00000025  P1IE                         
00000024  P1IES                        
00000023  P1IFG                        
00000020  P1IN                         
00000021  P1OUT                        
00000027  P1REN                        
00000026  P1SEL                        
00000041  P1SEL2                       
0000002a  P2DIR                        
0000002d  P2IE                         
0000002c  P2IES                        
0000002b  P2IFG                        
00000028  P2IN                         
00000029  P2OUT                        
0000002f  P2REN                        
0000002e  P2SEL                        
00000042  P2SEL2                       
0000001a  P3DIR                        
00000018  P3IN                         
00000019  P3OUT                        
00000010  P3REN                        
0000001b  P3SEL                        
00000043  P3SEL2                       
0000d758  SPI_transfer                 
0000d8a2  System_graceInit             
00000172  TA0CCR0                      
00000174  TA0CCR1                      
00000176  TA0CCR2                      
00000162  TA0CCTL0                     
00000164  TA0CCTL1                     
00000166  TA0CCTL2                     
00000160  TA0CTL                       
0000012e  TA0IV                        
00000170  TA0R                         
00000192  TA1CCR0                      
00000194  TA1CCR1                      
00000196  TA1CCR2                      
00000182  TA1CCTL0                     
00000184  TA1CCTL1                     
00000186  TA1CCTL2                     
00000180  TA1CTL                       
0000011e  TA1IV                        
00000190  TA1R                         
000010db  TLV_ADC10_1_LEN              
000010da  TLV_ADC10_1_TAG              
000010c0  TLV_CHECKSUM                 
000010f7  TLV_DCO_30_LEN               
000010f6  TLV_DCO_30_TAG               
0000005d  UCA0ABCTL                    
00000062  UCA0BR0                      
00000063  UCA0BR1                      
00000060  UCA0CTL0                     
00000061  UCA0CTL1                     
0000005f  UCA0IRRCTL                   
0000005e  UCA0IRTCTL                   
00000064  UCA0MCTL                     
00000066  UCA0RXBUF                    
00000065  UCA0STAT                     
00000067  UCA0TXBUF                    
0000006a  UCB0BR0                      
0000006b  UCB0BR1                      
00000068  UCB0CTL0                     
00000069  UCB0CTL1                     
0000006c  UCB0I2CIE                    
00000118  UCB0I2COA                    
0000011a  UCB0I2CSA                    
0000006e  UCB0RXBUF                    
0000006d  UCB0STAT                     
0000006f  UCB0TXBUF                    
0000d7b2  USCI_B0_graceInit            
00000120  WDTCTL                       
0000d88c  WDTplus_graceInit            
00000400  __STACK_END                  
00000050  __STACK_SIZE                 
0000d894  __TI_ISR_TRAP                
0000c69c  __TI_frcaddd                 
0000ffe0  __TI_int00                   
0000ffe4  __TI_int02                   
0000ffe6  __TI_int03                   
0000ffea  __TI_int05                   
0000ffec  __TI_int06                   
0000ffee  __TI_int07                   
0000fff0  __TI_int08                   
0000fff2  __TI_int09                   
0000fff4  __TI_int10                   
0000fff6  __TI_int11                   
0000fff8  __TI_int12                   
0000fffa  __TI_int13                   
0000fffc  __TI_int14                   
ffffffff  __TI_pprof_out_hndl          
ffffffff  __TI_prof_data_size          
ffffffff  __TI_prof_data_start         
0000cfcc  __TI_renormd                 
ffffffff  __c_args__                   
0000c3a2  __mspabi_addd                
0000cbde  __mspabi_addf                
0000d47c  __mspabi_cmpf                
0000d142  __mspabi_cvtdf               
0000d24c  __mspabi_cvtfd               
0000d6da  __mspabi_divi                
0000d556  __mspabi_divli               
0000d7cc  __mspabi_divu                
0000d38a  __mspabi_divul               
0000d1ce  __mspabi_fixfli              
0000d4c6  __mspabi_fltlif              
0000d880  __mspabi_func_epilog_1       
0000d87e  __mspabi_func_epilog_2       
0000d87c  __mspabi_func_epilog_3       
0000d87a  __mspabi_func_epilog_4       
0000d878  __mspabi_func_epilog_5       
0000d876  __mspabi_func_epilog_6       
0000d874  __mspabi_func_epilog_7       
0000cf08  __mspabi_mpyf                
0000d7f6  __mspabi_mpyi                
0000d7f6  __mspabi_mpyi_sw             
0000d6da  __mspabi_remi                
0000d556  __mspabi_remli               
0000d7cc  __mspabi_remu                
0000d38a  __mspabi_remul               
0000d706  __mspabi_slli                
0000d72e  __mspabi_slli_1              
0000d71c  __mspabi_slli_10             
0000d71a  __mspabi_slli_11             
0000d718  __mspabi_slli_12             
0000d716  __mspabi_slli_13             
0000d714  __mspabi_slli_14             
0000d712  __mspabi_slli_15             
0000d72c  __mspabi_slli_2              
0000d72a  __mspabi_slli_3              
0000d728  __mspabi_slli_4              
0000d726  __mspabi_slli_5              
0000d724  __mspabi_slli_6              
0000d722  __mspabi_slli_7              
0000d720  __mspabi_slli_8              
0000d71e  __mspabi_slli_9              
0000d864  __mspabi_slll                
0000d60c  __mspabi_slll_1              
0000d5e8  __mspabi_slll_10             
0000d5e4  __mspabi_slll_11             
0000d5e0  __mspabi_slll_12             
0000d5dc  __mspabi_slll_13             
0000d5d8  __mspabi_slll_14             
0000d5d4  __mspabi_slll_15             
0000d608  __mspabi_slll_2              
0000d604  __mspabi_slll_3              
0000d600  __mspabi_slll_4              
0000d5fc  __mspabi_slll_5              
0000d5f8  __mspabi_slll_6              
0000d5f4  __mspabi_slll_7              
0000d5f0  __mspabi_slll_8              
0000d5ec  __mspabi_slll_9              
0000d6ae  __mspabi_srai                
0000d6d6  __mspabi_srai_1              
0000d6c4  __mspabi_srai_10             
0000d6c2  __mspabi_srai_11             
0000d6c0  __mspabi_srai_12             
0000d6be  __mspabi_srai_13             
0000d6bc  __mspabi_srai_14             
0000d6ba  __mspabi_srai_15             
0000d6d4  __mspabi_srai_2              
0000d6d2  __mspabi_srai_3              
0000d6d0  __mspabi_srai_4              
0000d6ce  __mspabi_srai_5              
0000d6cc  __mspabi_srai_6              
0000d6ca  __mspabi_srai_7              
0000d6c8  __mspabi_srai_8              
0000d6c6  __mspabi_srai_9              
0000d854  __mspabi_sral                
0000d5ce  __mspabi_sral_1              
0000d5aa  __mspabi_sral_10             
0000d5a6  __mspabi_sral_11             
0000d5a2  __mspabi_sral_12             
0000d59e  __mspabi_sral_13             
0000d59a  __mspabi_sral_14             
0000d596  __mspabi_sral_15             
0000d5ca  __mspabi_sral_2              
0000d5c6  __mspabi_sral_3              
0000d5c2  __mspabi_sral_4              
0000d5be  __mspabi_sral_5              
0000d5ba  __mspabi_sral_6              
0000d5b6  __mspabi_sral_7              
0000d5b2  __mspabi_sral_8              
0000d5ae  __mspabi_sral_9              
0000d430  __mspabi_srli                
0000d476  __mspabi_srli_1              
0000d452  __mspabi_srli_10             
0000d44e  __mspabi_srli_11             
0000d44a  __mspabi_srli_12             
0000d446  __mspabi_srli_13             
0000d442  __mspabi_srli_14             
0000d43e  __mspabi_srli_15             
0000d472  __mspabi_srli_2              
0000d46e  __mspabi_srli_3              
0000d46a  __mspabi_srli_4              
0000d466  __mspabi_srli_5              
0000d462  __mspabi_srli_6              
0000d45e  __mspabi_srli_7              
0000d45a  __mspabi_srli_8              
0000d456  __mspabi_srli_9              
0000d842  __mspabi_srll                
0000d382  __mspabi_srll_1              
0000d34c  __mspabi_srll_10             
0000d346  __mspabi_srll_11             
0000d340  __mspabi_srll_12             
0000d33a  __mspabi_srll_13             
0000d334  __mspabi_srll_14             
0000d32e  __mspabi_srll_15             
0000d37c  __mspabi_srll_2              
0000d376  __mspabi_srll_3              
0000d370  __mspabi_srll_4              
0000d36a  __mspabi_srll_5              
0000d364  __mspabi_srll_6              
0000d35e  __mspabi_srll_7              
0000d358  __mspabi_srll_8              
0000d352  __mspabi_srll_9              
0000cbd8  __mspabi_subf                
0000d81e  _c_int00_noinit_noargs_noexit
0000fffe  _reset_vector                
000003b0  _stack                       
0000d8a6  _system_pre_init             
0000d89c  abort                        
0000d7e2  delay_ms                     
0000d830  delay_us                     
0000d8aa  font_regular                 
0000ce1a  main                         
0000d80a  setup_GPIOs                  


GLOBAL SYMBOLS: SORTED BY Symbol Address 

address   name                         
-------   ----                         
00000000  IE1                          
00000001  IE2                          
00000002  IFG1                         
00000003  IFG2                         
00000010  P3REN                        
00000018  P3IN                         
00000019  P3OUT                        
0000001a  P3DIR                        
0000001b  P3SEL                        
00000020  P1IN                         
00000021  P1OUT                        
00000022  P1DIR                        
00000023  P1IFG                        
00000024  P1IES                        
00000025  P1IE                         
00000026  P1SEL                        
00000027  P1REN                        
00000028  P2IN                         
00000029  P2OUT                        
0000002a  P2DIR                        
0000002b  P2IFG                        
0000002c  P2IES                        
0000002d  P2IE                         
0000002e  P2SEL                        
0000002f  P2REN                        
00000041  P1SEL2                       
00000042  P2SEL2                       
00000043  P3SEL2                       
00000048  ADC10DTC0                    
00000049  ADC10DTC1                    
0000004a  ADC10AE0                     
00000050  __STACK_SIZE                 
00000053  BCSCTL3                      
00000056  DCOCTL                       
00000057  BCSCTL1                      
00000058  BCSCTL2                      
00000059  CACTL1                       
0000005a  CACTL2                       
0000005b  CAPD                         
0000005d  UCA0ABCTL                    
0000005e  UCA0IRTCTL                   
0000005f  UCA0IRRCTL                   
00000060  UCA0CTL0                     
00000061  UCA0CTL1                     
00000062  UCA0BR0                      
00000063  UCA0BR1                      
00000064  UCA0MCTL                     
00000065  UCA0STAT                     
00000066  UCA0RXBUF                    
00000067  UCA0TXBUF                    
00000068  UCB0CTL0                     
00000069  UCB0CTL1                     
0000006a  UCB0BR0                      
0000006b  UCB0BR1                      
0000006c  UCB0I2CIE                    
0000006d  UCB0STAT                     
0000006e  UCB0RXBUF                    
0000006f  UCB0TXBUF                    
00000118  UCB0I2COA                    
0000011a  UCB0I2CSA                    
0000011e  TA1IV                        
00000120  WDTCTL                       
00000128  FCTL1                        
0000012a  FCTL2                        
0000012c  FCTL3                        
0000012e  TA0IV                        
00000160  TA0CTL                       
00000162  TA0CCTL0                     
00000164  TA0CCTL1                     
00000166  TA0CCTL2                     
00000170  TA0R                         
00000172  TA0CCR0                      
00000174  TA0CCR1                      
00000176  TA0CCR2                      
00000180  TA1CTL                       
00000182  TA1CCTL0                     
00000184  TA1CCTL1                     
00000186  TA1CCTL2                     
00000190  TA1R                         
00000192  TA1CCR0                      
00000194  TA1CCR1                      
00000196  TA1CCR2                      
000001b0  ADC10CTL0                    
000001b2  ADC10CTL1                    
000001b4  ADC10MEM                     
000001bc  ADC10SA                      
000003b0  _stack                       
00000400  __STACK_END                  
000010c0  TLV_CHECKSUM                 
000010da  TLV_ADC10_1_TAG              
000010db  TLV_ADC10_1_LEN              
000010f6  TLV_DCO_30_TAG               
000010f7  TLV_DCO_30_LEN               
000010f8  CALDCO_16MHZ                 
000010f9  CALBC1_16MHZ                 
000010fa  CALDCO_12MHZ                 
000010fb  CALBC1_12MHZ                 
000010fc  CALDCO_8MHZ                  
000010fd  CALBC1_8MHZ                  
000010fe  CALDCO_1MHZ                  
000010ff  CALBC1_1MHZ                  
0000c000  OLED_print_int               
0000c3a2  __mspabi_addd                
0000c69c  __TI_frcaddd                 
0000c8fc  OLED_print_float             
0000ca8e  OLED_print_chr               
0000cbd8  __mspabi_subf                
0000cbde  __mspabi_addf                
0000cd0a  OLED_init                    
0000ce1a  main                         
0000cf08  __mspabi_mpyf                
0000cfcc  __TI_renormd                 
0000d08a  OLED_print_decimal           
0000d142  __mspabi_cvtdf               
0000d1ce  __mspabi_fixfli              
0000d24c  __mspabi_cvtfd               
0000d2be  OLED_print_string            
0000d32e  __mspabi_srll_15             
0000d334  __mspabi_srll_14             
0000d33a  __mspabi_srll_13             
0000d340  __mspabi_srll_12             
0000d346  __mspabi_srll_11             
0000d34c  __mspabi_srll_10             
0000d352  __mspabi_srll_9              
0000d358  __mspabi_srll_8              
0000d35e  __mspabi_srll_7              
0000d364  __mspabi_srll_6              
0000d36a  __mspabi_srll_5              
0000d370  __mspabi_srll_4              
0000d376  __mspabi_srll_3              
0000d37c  __mspabi_srll_2              
0000d382  __mspabi_srll_1              
0000d38a  __mspabi_divul               
0000d38a  __mspabi_remul               
0000d3e2  OLED_fill                    
0000d430  __mspabi_srli                
0000d43e  __mspabi_srli_15             
0000d442  __mspabi_srli_14             
0000d446  __mspabi_srli_13             
0000d44a  __mspabi_srli_12             
0000d44e  __mspabi_srli_11             
0000d452  __mspabi_srli_10             
0000d456  __mspabi_srli_9              
0000d45a  __mspabi_srli_8              
0000d45e  __mspabi_srli_7              
0000d462  __mspabi_srli_6              
0000d466  __mspabi_srli_5              
0000d46a  __mspabi_srli_4              
0000d46e  __mspabi_srli_3              
0000d472  __mspabi_srli_2              
0000d476  __mspabi_srli_1              
0000d47c  __mspabi_cmpf                
0000d4c6  __mspabi_fltlif              
0000d510  OLED_print_char              
0000d556  __mspabi_divli               
0000d556  __mspabi_remli               
0000d596  __mspabi_sral_15             
0000d59a  __mspabi_sral_14             
0000d59e  __mspabi_sral_13             
0000d5a2  __mspabi_sral_12             
0000d5a6  __mspabi_sral_11             
0000d5aa  __mspabi_sral_10             
0000d5ae  __mspabi_sral_9              
0000d5b2  __mspabi_sral_8              
0000d5b6  __mspabi_sral_7              
0000d5ba  __mspabi_sral_6              
0000d5be  __mspabi_sral_5              
0000d5c2  __mspabi_sral_4              
0000d5c6  __mspabi_sral_3              
0000d5ca  __mspabi_sral_2              
0000d5ce  __mspabi_sral_1              
0000d5d4  __mspabi_slll_15             
0000d5d8  __mspabi_slll_14             
0000d5dc  __mspabi_slll_13             
0000d5e0  __mspabi_slll_12             
0000d5e4  __mspabi_slll_11             
0000d5e8  __mspabi_slll_10             
0000d5ec  __mspabi_slll_9              
0000d5f0  __mspabi_slll_8              
0000d5f4  __mspabi_slll_7              
0000d5f8  __mspabi_slll_6              
0000d5fc  __mspabi_slll_5              
0000d600  __mspabi_slll_4              
0000d604  __mspabi_slll_3              
0000d608  __mspabi_slll_2              
0000d60c  __mspabi_slll_1              
0000d612  GPIO_graceInit               
0000d64a  BCSplus_graceInit            
0000d67c  OLED_gotoxy                  
0000d6ae  __mspabi_srai                
0000d6ba  __mspabi_srai_15             
0000d6bc  __mspabi_srai_14             
0000d6be  __mspabi_srai_13             
0000d6c0  __mspabi_srai_12             
0000d6c2  __mspabi_srai_11             
0000d6c4  __mspabi_srai_10             
0000d6c6  __mspabi_srai_9              
0000d6c8  __mspabi_srai_8              
0000d6ca  __mspabi_srai_7              
0000d6cc  __mspabi_srai_6              
0000d6ce  __mspabi_srai_5              
0000d6d0  __mspabi_srai_4              
0000d6d2  __mspabi_srai_3              
0000d6d4  __mspabi_srai_2              
0000d6d6  __mspabi_srai_1              
0000d6da  __mspabi_divi                
0000d6da  __mspabi_remi                
0000d706  __mspabi_slli                
0000d712  __mspabi_slli_15             
0000d714  __mspabi_slli_14             
0000d716  __mspabi_slli_13             
0000d718  __mspabi_slli_12             
0000d71a  __mspabi_slli_11             
0000d71c  __mspabi_slli_10             
0000d71e  __mspabi_slli_9              
0000d720  __mspabi_slli_8              
0000d722  __mspabi_slli_7              
0000d724  __mspabi_slli_6              
0000d726  __mspabi_slli_5              
0000d728  __mspabi_slli_4              
0000d72a  __mspabi_slli_3              
0000d72c  __mspabi_slli_2              
0000d72e  __mspabi_slli_1              
0000d732  OLED_write                   
0000d758  SPI_transfer                 
0000d77a  HW_SPI_init                  
0000d798  OLED_reset_sequence          
0000d7b2  USCI_B0_graceInit            
0000d7cc  __mspabi_divu                
0000d7cc  __mspabi_remu                
0000d7e2  delay_ms                     
0000d7f6  __mspabi_mpyi                
0000d7f6  __mspabi_mpyi_sw             
0000d80a  setup_GPIOs                  
0000d81e  _c_int00_noinit_noargs_noexit
0000d830  delay_us                     
0000d842  __mspabi_srll                
0000d854  __mspabi_sral                
0000d864  __mspabi_slll                
0000d874  __mspabi_func_epilog_7       
0000d876  __mspabi_func_epilog_6       
0000d878  __mspabi_func_epilog_5       
0000d87a  __mspabi_func_epilog_4       
0000d87c  __mspabi_func_epilog_3       
0000d87e  __mspabi_func_epilog_2       
0000d880  __mspabi_func_epilog_1       
0000d884  OLED_clear_screen            
0000d88c  WDTplus_graceInit            
0000d894  __TI_ISR_TRAP                
0000d89c  C$$EXIT                      
0000d89c  abort                        
0000d8a2  System_graceInit             
0000d8a6  _system_pre_init             
0000d8aa  font_regular                 
0000ffe0  __TI_int00                   
0000ffe4  __TI_int02                   
0000ffe6  __TI_int03                   
0000ffea  __TI_int05                   
0000ffec  __TI_int06                   
0000ffee  __TI_int07                   
0000fff0  __TI_int08                   
0000fff2  __TI_int09                   
0000fff4  __TI_int10                   
0000fff6  __TI_int11                   
0000fff8  __TI_int12                   
0000fffa  __TI_int13                   
0000fffc  __TI_int14                   
0000fffe  _reset_vector                
ffffffff  __TI_pprof_out_hndl          
ffffffff  __TI_prof_data_size          
ffffffff  __TI_prof_data_start         
ffffffff  __c_args__                   

[272 symbols]
