******************************************************************************
                  MSP430 Linker PC v17.6.0                     
******************************************************************************
>> Linked Thu Feb  8 14:18:26 2018

OUTPUT FILE NAME:   <ADC10.out>
ENTRY POINT SYMBOL: "_c_int00_noinit_noargs_noexit"  address: 0000d980


MEMORY CONFIGURATION

         name            origin    length      used     unused   attr    fill
----------------------  --------  ---------  --------  --------  ----  --------
  SFR                   00000000   00000010  00000000  00000010  RWIX
  PERIPHERALS_8BIT      00000010   000000f0  00000000  000000f0  RWIX
  PERIPHERALS_16BIT     00000100   00000100  00000000  00000100  RWIX
  RAM                   00000200   00000200  00000050  000001b0  RWIX
  INFOD                 00001000   00000040  00000000  00000040  RWIX
  INFOC                 00001040   00000040  00000000  00000040  RWIX
  INFOB                 00001080   00000040  00000000  00000040  RWIX
  INFOA                 000010c0   00000040  00000000  00000040  RWIX
  FLASH                 0000c000   00003fde  00001a44  0000259a  RWIX
  BSLSIGNATURE          0000ffde   00000002  00000002  00000000  RWIX  ffff 
  INT00                 0000ffe0   00000002  00000002  00000000  RWIX
  INT01                 0000ffe2   00000002  00000000  00000002  RWIX
  INT02                 0000ffe4   00000002  00000002  00000000  RWIX
  INT03                 0000ffe6   00000002  00000002  00000000  RWIX
  INT04                 0000ffe8   00000002  00000000  00000002  RWIX
  INT05                 0000ffea   00000002  00000002  00000000  RWIX
  INT06                 0000ffec   00000002  00000002  00000000  RWIX
  INT07                 0000ffee   00000002  00000002  00000000  RWIX
  INT08                 0000fff0   00000002  00000002  00000000  RWIX
  INT09                 0000fff2   00000002  00000002  00000000  RWIX
  INT10                 0000fff4   00000002  00000002  00000000  RWIX
  INT11                 0000fff6   00000002  00000002  00000000  RWIX
  INT12                 0000fff8   00000002  00000002  00000000  RWIX
  INT13                 0000fffa   00000002  00000002  00000000  RWIX
  INT14                 0000fffc   00000002  00000002  00000000  RWIX
  RESET                 0000fffe   00000002  00000002  00000000  RWIX


SECTION ALLOCATION MAP

 output                                  attributes/
section   page    origin      length       input sections
--------  ----  ----------  ----------   ----------------
.stack     0    000003b0    00000050     UNINITIALIZED
                  000003b0    00000002     rts430_eabi.lib : boot.obj (.stack)
                  000003b2    0000004e     --HOLE--

.text      0    0000c000    00001a12     
                  0000c000    00000478     rts430_eabi.lib : frcdivd.obj (.text:__TI_frcdivd)
                  0000c478    000002fa                     : addd.obj (.text:__mspabi_addd)
                  0000c772    00000286                     : frcmpyd.obj (.text:__TI_frcmpyd)
                  0000c9f8    0000026e                     : mpyd.obj (.text:__mspabi_mpyd)
                  0000cc66    00000260                     : frcaddd.obj (.text:__TI_frcaddd)
                  0000cec6    00000238                     : divd.obj (.text:__mspabi_divd)
                  0000d0fe    00000110     main.obj (.text:main)
                  0000d20e    000000be     rts430_eabi.lib : renormd.obj (.text:__TI_renormd)
                  0000d2cc    000000a2     main.obj (.text:lcd_print)
                  0000d36e    00000098     lcd.obj (.text:LCD_init)
                  0000d406    0000008a     rts430_eabi.lib : fltuld.obj (.text:__mspabi_fltuld)
                  0000d490    00000078     main.obj (.text:get_temp)
                  0000d508    00000074     rts430_eabi.lib : fixdul.obj (.text:__mspabi_fixdul)
                  0000d57c    0000006e     lcd.obj (.text:LCD_4bit_send)
                  0000d5ea    0000005c     rts430_eabi.lib : lsr32.obj (.text:l_lsr_const)
                  0000d646    0000004c                     : lsr16.obj (.text)
                  0000d692    00000042     main.obj (.text:get_volt)
                  0000d6d4    0000003e     rts430_eabi.lib : asr32.obj (.text:l_asr_const)
                  0000d712    0000003e                     : lsl32.obj (.text:l_lsl_const)
                  0000d750    00000038     main.obj (.text:GPIO_graceInit)
                  0000d788    0000002e     rts430_eabi.lib : subd.obj (.text:__mspabi_subd)
                  0000d7b6    0000002c                     : asr16.obj (.text)
                  0000d7e2    0000002c                     : lsl16.obj (.text)
                  0000d80e    00000026     main.obj (.text:BCSplus_graceInit)
                  0000d834    00000026     main.obj (.text:get_ADC)
                  0000d85a    00000026     rts430_eabi.lib : mult32.obj (.text)
                  0000d880    00000022     lcd.obj (.text:LCD_goto)
                  0000d8a2    0000001c     main.obj (.text:ADC10_graceInit)
                  0000d8be    0000001a     lcd.obj (.text:LCD_send)
                  0000d8d8    0000001a     lcd.obj (.text:toggle_io)
                  0000d8f2    00000016     lcd.obj (.text:LCD_putstr)
                  0000d908    00000016     rts430_eabi.lib : div16u.obj (.text)
                  0000d91e    00000016     lcd.obj (.text:toggle_EN_pin)
                  0000d934    00000014     delay.obj (.text:delay_ms)
                  0000d948    00000014     rts430_eabi.lib : mult16.obj (.text)
                  0000d95c    00000012     lcd.obj (.text:LCD_clear_home)
                  0000d96e    00000012     rts430_eabi.lib : fixdu.obj (.text:__mspabi_fixdu)
                  0000d980    00000012                     : boot_special.obj (.text:_c_int00_noinit_noargs_noexit)
                  0000d992    00000012     delay.obj (.text:delay_us)
                  0000d9a4    00000012     rts430_eabi.lib : lsr32.obj (.text:l_lsr)
                  0000d9b6    00000010                     : asr32.obj (.text:l_asr)
                  0000d9c6    00000010                     : lsl32.obj (.text:l_lsl)
                  0000d9d6    00000010                     : epilog.obj (.text)
                  0000d9e6    00000008     lcd.obj (.text:LCD_putchar)
                  0000d9ee    00000008     main.obj (.text:WDTplus_graceInit)
                  0000d9f6    00000008     rts430_eabi.lib : isr_trap.obj (.text:_isr:__TI_ISR_TRAP)
                  0000d9fe    00000006                     : fltud.obj (.text:__mspabi_fltud)
                  0000da04    00000006                     : exit.obj (.text:abort)
                  0000da0a    00000004     main.obj (.text:System_graceInit)
                  0000da0e    00000004     rts430_eabi.lib : pre_init.obj (.text:_system_pre_init)

.cinit     0    0000c000    00000000     UNINITIALIZED

.const     0    0000da12    00000032     
                  0000da12    00000032     main.obj (.const:.string)

.binit     0    0000c000    00000000     

.init_array 
*          0    0000c000    00000000     UNINITIALIZED

TRAPINT    0    0000ffe0    00000002     
                  0000ffe0    00000002     rts430_eabi.lib : int00.obj (.int00)

PORT1      0    0000ffe4    00000002     
                  0000ffe4    00000002     rts430_eabi.lib : int02.obj (.int02)

PORT2      0    0000ffe6    00000002     
                  0000ffe6    00000002     rts430_eabi.lib : int03.obj (.int03)

ADC10      0    0000ffea    00000002     
                  0000ffea    00000002     rts430_eabi.lib : int05.obj (.int05)

USCIAB0TX 
*          0    0000ffec    00000002     
                  0000ffec    00000002     rts430_eabi.lib : int06.obj (.int06)

USCIAB0RX 
*          0    0000ffee    00000002     
                  0000ffee    00000002     rts430_eabi.lib : int07.obj (.int07)

TIMER0_A1 
*          0    0000fff0    00000002     
                  0000fff0    00000002     rts430_eabi.lib : int08.obj (.int08)

TIMER0_A0 
*          0    0000fff2    00000002     
                  0000fff2    00000002     rts430_eabi.lib : int09.obj (.int09)

WDT        0    0000fff4    00000002     
                  0000fff4    00000002     rts430_eabi.lib : int10.obj (.int10)

COMPARATORA 
*          0    0000fff6    00000002     
                  0000fff6    00000002     rts430_eabi.lib : int11.obj (.int11)

TIMER1_A1 
*          0    0000fff8    00000002     
                  0000fff8    00000002     rts430_eabi.lib : int12.obj (.int12)

TIMER1_A0 
*          0    0000fffa    00000002     
                  0000fffa    00000002     rts430_eabi.lib : int13.obj (.int13)

NMI        0    0000fffc    00000002     
                  0000fffc    00000002     rts430_eabi.lib : int14.obj (.int14)

.reset     0    0000fffe    00000002     
                  0000fffe    00000002     rts430_eabi.lib : boot.obj (.reset)

$fill000   0    0000ffde    00000002     
                  0000ffde    00000002     --HOLE-- [fill = ffff]

MODULE SUMMARY

       Module             code   ro data   rw data
       ------             ----   -------   -------
    .\
       main.obj           792    50        0      
    +--+------------------+------+---------+---------+
       Total:             792    50        0      
                                                  
    .\Libraries\
       lcd.obj            418    0         0      
       delay.obj          38     0         0      
    +--+------------------+------+---------+---------+
       Total:             456    0         0      
                                                  
    C:\ti\ccsv7\tools\compiler\ti-cgt-msp430_17.6.0.STS\lib\rts430_eabi.lib
       frcdivd.obj        1144   0         0      
       addd.obj           762    0         0      
       frcmpyd.obj        646    0         0      
       mpyd.obj           622    0         0      
       frcaddd.obj        608    0         0      
       divd.obj           568    0         0      
       renormd.obj        190    0         0      
       fltuld.obj         138    0         0      
       fixdul.obj         116    0         0      
       lsr32.obj          110    0         0      
       asr32.obj          78     0         0      
       lsl32.obj          78     0         0      
       lsr16.obj          76     0         0      
       subd.obj           46     0         0      
       asr16.obj          44     0         0      
       lsl16.obj          44     0         0      
       mult32.obj         38     0         0      
       div16u.obj         22     0         0      
       mult16.obj         20     0         0      
       boot_special.obj   18     0         0      
       fixdu.obj          18     0         0      
       epilog.obj         16     0         0      
       isr_trap.obj       8      0         0      
       exit.obj           6      0         0      
       fltud.obj          6      0         0      
       pre_init.obj       4      0         0      
       boot.obj           0      2         0      
       int00.obj          0      2         0      
       int02.obj          0      2         0      
       int03.obj          0      2         0      
       int05.obj          0      2         0      
       int06.obj          0      2         0      
       int07.obj          0      2         0      
       int08.obj          0      2         0      
       int09.obj          0      2         0      
       int10.obj          0      2         0      
       int11.obj          0      2         0      
       int12.obj          0      2         0      
       int13.obj          0      2         0      
       int14.obj          0      2         0      
    +--+------------------+------+---------+---------+
       Total:             5426   28        0      
                                                  
       Stack:             0      0         80     
    +--+------------------+------+---------+---------+
       Grand Total:       6674   78        80     


GLOBAL SYMBOLS: SORTED ALPHABETICALLY BY Name 

address   name                         
-------   ----                         
0000004a  ADC10AE0                     
000001b0  ADC10CTL0                    
000001b2  ADC10CTL1                    
00000048  ADC10DTC0                    
00000049  ADC10DTC1                    
000001b4  ADC10MEM                     
000001bc  ADC10SA                      
0000d8a2  ADC10_graceInit              
00000057  BCSCTL1                      
00000058  BCSCTL2                      
00000053  BCSCTL3                      
0000d80e  BCSplus_graceInit            
0000da04  C$$EXIT                      
00000059  CACTL1                       
0000005a  CACTL2                       
000010fb  CALBC1_12MHZ                 
000010f9  CALBC1_16MHZ                 
000010ff  CALBC1_1MHZ                  
000010fd  CALBC1_8MHZ                  
000010fa  CALDCO_12MHZ                 
000010f8  CALDCO_16MHZ                 
000010fe  CALDCO_1MHZ                  
000010fc  CALDCO_8MHZ                  
0000005b  CAPD                         
00000056  DCOCTL                       
00000128  FCTL1                        
0000012a  FCTL2                        
0000012c  FCTL3                        
0000d750  GPIO_graceInit               
00000000  IE1                          
00000001  IE2                          
00000002  IFG1                         
00000003  IFG2                         
0000d57c  LCD_4bit_send                
0000d95c  LCD_clear_home               
0000d880  LCD_goto                     
0000d36e  LCD_init                     
0000d9e6  LCD_putchar                  
0000d8f2  LCD_putstr                   
0000d8be  LCD_send                     
00000022  P1DIR                        
00000025  P1IE                         
00000024  P1IES                        
00000023  P1IFG                        
00000020  P1IN                         
00000021  P1OUT                        
00000027  P1REN                        
00000026  P1SEL                        
00000041  P1SEL2                       
0000002a  P2DIR                        
0000002d  P2IE                         
0000002c  P2IES                        
0000002b  P2IFG                        
00000028  P2IN                         
00000029  P2OUT                        
0000002f  P2REN                        
0000002e  P2SEL                        
00000042  P2SEL2                       
0000001a  P3DIR                        
00000018  P3IN                         
00000019  P3OUT                        
00000010  P3REN                        
0000001b  P3SEL                        
00000043  P3SEL2                       
0000da0a  System_graceInit             
00000172  TA0CCR0                      
00000174  TA0CCR1                      
00000176  TA0CCR2                      
00000162  TA0CCTL0                     
00000164  TA0CCTL1                     
00000166  TA0CCTL2                     
00000160  TA0CTL                       
0000012e  TA0IV                        
00000170  TA0R                         
00000192  TA1CCR0                      
00000194  TA1CCR1                      
00000196  TA1CCR2                      
00000182  TA1CCTL0                     
00000184  TA1CCTL1                     
00000186  TA1CCTL2                     
00000180  TA1CTL                       
0000011e  TA1IV                        
00000190  TA1R                         
000010db  TLV_ADC10_1_LEN              
000010da  TLV_ADC10_1_TAG              
000010c0  TLV_CHECKSUM                 
000010f7  TLV_DCO_30_LEN               
000010f6  TLV_DCO_30_TAG               
0000005d  UCA0ABCTL                    
00000062  UCA0BR0                      
00000063  UCA0BR1                      
00000060  UCA0CTL0                     
00000061  UCA0CTL1                     
0000005f  UCA0IRRCTL                   
0000005e  UCA0IRTCTL                   
00000064  UCA0MCTL                     
00000066  UCA0RXBUF                    
00000065  UCA0STAT                     
00000067  UCA0TXBUF                    
0000006a  UCB0BR0                      
0000006b  UCB0BR1                      
00000068  UCB0CTL0                     
00000069  UCB0CTL1                     
0000006c  UCB0I2CIE                    
00000118  UCB0I2COA                    
0000011a  UCB0I2CSA                    
0000006e  UCB0RXBUF                    
0000006d  UCB0STAT                     
0000006f  UCB0TXBUF                    
00000120  WDTCTL                       
0000d9ee  WDTplus_graceInit            
00000400  __STACK_END                  
00000050  __STACK_SIZE                 
0000d9f6  __TI_ISR_TRAP                
0000cc66  __TI_frcaddd                 
0000c000  __TI_frcdivd                 
0000c772  __TI_frcmpyd                 
0000ffe0  __TI_int00                   
0000ffe4  __TI_int02                   
0000ffe6  __TI_int03                   
0000ffea  __TI_int05                   
0000ffec  __TI_int06                   
0000ffee  __TI_int07                   
0000fff0  __TI_int08                   
0000fff2  __TI_int09                   
0000fff4  __TI_int10                   
0000fff6  __TI_int11                   
0000fff8  __TI_int12                   
0000fffa  __TI_int13                   
0000fffc  __TI_int14                   
ffffffff  __TI_pprof_out_hndl          
ffffffff  __TI_prof_data_size          
ffffffff  __TI_prof_data_start         
0000d20e  __TI_renormd                 
ffffffff  __c_args__                   
0000c478  __mspabi_addd                
0000cec6  __mspabi_divd                
0000d908  __mspabi_divu                
0000d96e  __mspabi_fixdu               
0000d508  __mspabi_fixdul              
0000d9fe  __mspabi_fltud               
0000d406  __mspabi_fltuld              
0000d9e2  __mspabi_func_epilog_1       
0000d9e0  __mspabi_func_epilog_2       
0000d9de  __mspabi_func_epilog_3       
0000d9dc  __mspabi_func_epilog_4       
0000d9da  __mspabi_func_epilog_5       
0000d9d8  __mspabi_func_epilog_6       
0000d9d6  __mspabi_func_epilog_7       
0000c9f8  __mspabi_mpyd                
0000d948  __mspabi_mpyi                
0000d948  __mspabi_mpyi_sw             
0000d85a  __mspabi_mpyl                
0000d85a  __mspabi_mpyl_sw             
0000d908  __mspabi_remu                
0000d7e2  __mspabi_slli                
0000d80a  __mspabi_slli_1              
0000d7f8  __mspabi_slli_10             
0000d7f6  __mspabi_slli_11             
0000d7f4  __mspabi_slli_12             
0000d7f2  __mspabi_slli_13             
0000d7f0  __mspabi_slli_14             
0000d7ee  __mspabi_slli_15             
0000d808  __mspabi_slli_2              
0000d806  __mspabi_slli_3              
0000d804  __mspabi_slli_4              
0000d802  __mspabi_slli_5              
0000d800  __mspabi_slli_6              
0000d7fe  __mspabi_slli_7              
0000d7fc  __mspabi_slli_8              
0000d7fa  __mspabi_slli_9              
0000d9c6  __mspabi_slll                
0000d74a  __mspabi_slll_1              
0000d726  __mspabi_slll_10             
0000d722  __mspabi_slll_11             
0000d71e  __mspabi_slll_12             
0000d71a  __mspabi_slll_13             
0000d716  __mspabi_slll_14             
0000d712  __mspabi_slll_15             
0000d746  __mspabi_slll_2              
0000d742  __mspabi_slll_3              
0000d73e  __mspabi_slll_4              
0000d73a  __mspabi_slll_5              
0000d736  __mspabi_slll_6              
0000d732  __mspabi_slll_7              
0000d72e  __mspabi_slll_8              
0000d72a  __mspabi_slll_9              
0000d7b6  __mspabi_srai                
0000d7de  __mspabi_srai_1              
0000d7cc  __mspabi_srai_10             
0000d7ca  __mspabi_srai_11             
0000d7c8  __mspabi_srai_12             
0000d7c6  __mspabi_srai_13             
0000d7c4  __mspabi_srai_14             
0000d7c2  __mspabi_srai_15             
0000d7dc  __mspabi_srai_2              
0000d7da  __mspabi_srai_3              
0000d7d8  __mspabi_srai_4              
0000d7d6  __mspabi_srai_5              
0000d7d4  __mspabi_srai_6              
0000d7d2  __mspabi_srai_7              
0000d7d0  __mspabi_srai_8              
0000d7ce  __mspabi_srai_9              
0000d9b6  __mspabi_sral                
0000d70c  __mspabi_sral_1              
0000d6e8  __mspabi_sral_10             
0000d6e4  __mspabi_sral_11             
0000d6e0  __mspabi_sral_12             
0000d6dc  __mspabi_sral_13             
0000d6d8  __mspabi_sral_14             
0000d6d4  __mspabi_sral_15             
0000d708  __mspabi_sral_2              
0000d704  __mspabi_sral_3              
0000d700  __mspabi_sral_4              
0000d6fc  __mspabi_sral_5              
0000d6f8  __mspabi_sral_6              
0000d6f4  __mspabi_sral_7              
0000d6f0  __mspabi_sral_8              
0000d6ec  __mspabi_sral_9              
0000d646  __mspabi_srli                
0000d68c  __mspabi_srli_1              
0000d668  __mspabi_srli_10             
0000d664  __mspabi_srli_11             
0000d660  __mspabi_srli_12             
0000d65c  __mspabi_srli_13             
0000d658  __mspabi_srli_14             
0000d654  __mspabi_srli_15             
0000d688  __mspabi_srli_2              
0000d684  __mspabi_srli_3              
0000d680  __mspabi_srli_4              
0000d67c  __mspabi_srli_5              
0000d678  __mspabi_srli_6              
0000d674  __mspabi_srli_7              
0000d670  __mspabi_srli_8              
0000d66c  __mspabi_srli_9              
0000d9a4  __mspabi_srll                
0000d63e  __mspabi_srll_1              
0000d608  __mspabi_srll_10             
0000d602  __mspabi_srll_11             
0000d5fc  __mspabi_srll_12             
0000d5f6  __mspabi_srll_13             
0000d5f0  __mspabi_srll_14             
0000d5ea  __mspabi_srll_15             
0000d638  __mspabi_srll_2              
0000d632  __mspabi_srll_3              
0000d62c  __mspabi_srll_4              
0000d626  __mspabi_srll_5              
0000d620  __mspabi_srll_6              
0000d61a  __mspabi_srll_7              
0000d614  __mspabi_srll_8              
0000d60e  __mspabi_srll_9              
0000d788  __mspabi_subd                
0000d980  _c_int00_noinit_noargs_noexit
0000fffe  _reset_vector                
000003b0  _stack                       
0000da0e  _system_pre_init             
0000da04  abort                        
0000d934  delay_ms                     
0000d992  delay_us                     
0000d834  get_ADC                      
0000d490  get_temp                     
0000d692  get_volt                     
0000d2cc  lcd_print                    
0000d0fe  main                         
0000d91e  toggle_EN_pin                
0000d8d8  toggle_io                    


GLOBAL SYMBOLS: SORTED BY Symbol Address 

address   name                         
-------   ----                         
00000000  IE1                          
00000001  IE2                          
00000002  IFG1                         
00000003  IFG2                         
00000010  P3REN                        
00000018  P3IN                         
00000019  P3OUT                        
0000001a  P3DIR                        
0000001b  P3SEL                        
00000020  P1IN                         
00000021  P1OUT                        
00000022  P1DIR                        
00000023  P1IFG                        
00000024  P1IES                        
00000025  P1IE                         
00000026  P1SEL                        
00000027  P1REN                        
00000028  P2IN                         
00000029  P2OUT                        
0000002a  P2DIR                        
0000002b  P2IFG                        
0000002c  P2IES                        
0000002d  P2IE                         
0000002e  P2SEL                        
0000002f  P2REN                        
00000041  P1SEL2                       
00000042  P2SEL2                       
00000043  P3SEL2                       
00000048  ADC10DTC0                    
00000049  ADC10DTC1                    
0000004a  ADC10AE0                     
00000050  __STACK_SIZE                 
00000053  BCSCTL3                      
00000056  DCOCTL                       
00000057  BCSCTL1                      
00000058  BCSCTL2                      
00000059  CACTL1                       
0000005a  CACTL2                       
0000005b  CAPD                         
0000005d  UCA0ABCTL                    
0000005e  UCA0IRTCTL                   
0000005f  UCA0IRRCTL                   
00000060  UCA0CTL0                     
00000061  UCA0CTL1                     
00000062  UCA0BR0                      
00000063  UCA0BR1                      
00000064  UCA0MCTL                     
00000065  UCA0STAT                     
00000066  UCA0RXBUF                    
00000067  UCA0TXBUF                    
00000068  UCB0CTL0                     
00000069  UCB0CTL1                     
0000006a  UCB0BR0                      
0000006b  UCB0BR1                      
0000006c  UCB0I2CIE                    
0000006d  UCB0STAT                     
0000006e  UCB0RXBUF                    
0000006f  UCB0TXBUF                    
00000118  UCB0I2COA                    
0000011a  UCB0I2CSA                    
0000011e  TA1IV                        
00000120  WDTCTL                       
00000128  FCTL1                        
0000012a  FCTL2                        
0000012c  FCTL3                        
0000012e  TA0IV                        
00000160  TA0CTL                       
00000162  TA0CCTL0                     
00000164  TA0CCTL1                     
00000166  TA0CCTL2                     
00000170  TA0R                         
00000172  TA0CCR0                      
00000174  TA0CCR1                      
00000176  TA0CCR2                      
00000180  TA1CTL                       
00000182  TA1CCTL0                     
00000184  TA1CCTL1                     
00000186  TA1CCTL2                     
00000190  TA1R                         
00000192  TA1CCR0                      
00000194  TA1CCR1                      
00000196  TA1CCR2                      
000001b0  ADC10CTL0                    
000001b2  ADC10CTL1                    
000001b4  ADC10MEM                     
000001bc  ADC10SA                      
000003b0  _stack                       
00000400  __STACK_END                  
000010c0  TLV_CHECKSUM                 
000010da  TLV_ADC10_1_TAG              
000010db  TLV_ADC10_1_LEN              
000010f6  TLV_DCO_30_TAG               
000010f7  TLV_DCO_30_LEN               
000010f8  CALDCO_16MHZ                 
000010f9  CALBC1_16MHZ                 
000010fa  CALDCO_12MHZ                 
000010fb  CALBC1_12MHZ                 
000010fc  CALDCO_8MHZ                  
000010fd  CALBC1_8MHZ                  
000010fe  CALDCO_1MHZ                  
000010ff  CALBC1_1MHZ                  
0000c000  __TI_frcdivd                 
0000c478  __mspabi_addd                
0000c772  __TI_frcmpyd                 
0000c9f8  __mspabi_mpyd                
0000cc66  __TI_frcaddd                 
0000cec6  __mspabi_divd                
0000d0fe  main                         
0000d20e  __TI_renormd                 
0000d2cc  lcd_print                    
0000d36e  LCD_init                     
0000d406  __mspabi_fltuld              
0000d490  get_temp                     
0000d508  __mspabi_fixdul              
0000d57c  LCD_4bit_send                
0000d5ea  __mspabi_srll_15             
0000d5f0  __mspabi_srll_14             
0000d5f6  __mspabi_srll_13             
0000d5fc  __mspabi_srll_12             
0000d602  __mspabi_srll_11             
0000d608  __mspabi_srll_10             
0000d60e  __mspabi_srll_9              
0000d614  __mspabi_srll_8              
0000d61a  __mspabi_srll_7              
0000d620  __mspabi_srll_6              
0000d626  __mspabi_srll_5              
0000d62c  __mspabi_srll_4              
0000d632  __mspabi_srll_3              
0000d638  __mspabi_srll_2              
0000d63e  __mspabi_srll_1              
0000d646  __mspabi_srli                
0000d654  __mspabi_srli_15             
0000d658  __mspabi_srli_14             
0000d65c  __mspabi_srli_13             
0000d660  __mspabi_srli_12             
0000d664  __mspabi_srli_11             
0000d668  __mspabi_srli_10             
0000d66c  __mspabi_srli_9              
0000d670  __mspabi_srli_8              
0000d674  __mspabi_srli_7              
0000d678  __mspabi_srli_6              
0000d67c  __mspabi_srli_5              
0000d680  __mspabi_srli_4              
0000d684  __mspabi_srli_3              
0000d688  __mspabi_srli_2              
0000d68c  __mspabi_srli_1              
0000d692  get_volt                     
0000d6d4  __mspabi_sral_15             
0000d6d8  __mspabi_sral_14             
0000d6dc  __mspabi_sral_13             
0000d6e0  __mspabi_sral_12             
0000d6e4  __mspabi_sral_11             
0000d6e8  __mspabi_sral_10             
0000d6ec  __mspabi_sral_9              
0000d6f0  __mspabi_sral_8              
0000d6f4  __mspabi_sral_7              
0000d6f8  __mspabi_sral_6              
0000d6fc  __mspabi_sral_5              
0000d700  __mspabi_sral_4              
0000d704  __mspabi_sral_3              
0000d708  __mspabi_sral_2              
0000d70c  __mspabi_sral_1              
0000d712  __mspabi_slll_15             
0000d716  __mspabi_slll_14             
0000d71a  __mspabi_slll_13             
0000d71e  __mspabi_slll_12             
0000d722  __mspabi_slll_11             
0000d726  __mspabi_slll_10             
0000d72a  __mspabi_slll_9              
0000d72e  __mspabi_slll_8              
0000d732  __mspabi_slll_7              
0000d736  __mspabi_slll_6              
0000d73a  __mspabi_slll_5              
0000d73e  __mspabi_slll_4              
0000d742  __mspabi_slll_3              
0000d746  __mspabi_slll_2              
0000d74a  __mspabi_slll_1              
0000d750  GPIO_graceInit               
0000d788  __mspabi_subd                
0000d7b6  __mspabi_srai                
0000d7c2  __mspabi_srai_15             
0000d7c4  __mspabi_srai_14             
0000d7c6  __mspabi_srai_13             
0000d7c8  __mspabi_srai_12             
0000d7ca  __mspabi_srai_11             
0000d7cc  __mspabi_srai_10             
0000d7ce  __mspabi_srai_9              
0000d7d0  __mspabi_srai_8              
0000d7d2  __mspabi_srai_7              
0000d7d4  __mspabi_srai_6              
0000d7d6  __mspabi_srai_5              
0000d7d8  __mspabi_srai_4              
0000d7da  __mspabi_srai_3              
0000d7dc  __mspabi_srai_2              
0000d7de  __mspabi_srai_1              
0000d7e2  __mspabi_slli                
0000d7ee  __mspabi_slli_15             
0000d7f0  __mspabi_slli_14             
0000d7f2  __mspabi_slli_13             
0000d7f4  __mspabi_slli_12             
0000d7f6  __mspabi_slli_11             
0000d7f8  __mspabi_slli_10             
0000d7fa  __mspabi_slli_9              
0000d7fc  __mspabi_slli_8              
0000d7fe  __mspabi_slli_7              
0000d800  __mspabi_slli_6              
0000d802  __mspabi_slli_5              
0000d804  __mspabi_slli_4              
0000d806  __mspabi_slli_3              
0000d808  __mspabi_slli_2              
0000d80a  __mspabi_slli_1              
0000d80e  BCSplus_graceInit            
0000d834  get_ADC                      
0000d85a  __mspabi_mpyl                
0000d85a  __mspabi_mpyl_sw             
0000d880  LCD_goto                     
0000d8a2  ADC10_graceInit              
0000d8be  LCD_send                     
0000d8d8  toggle_io                    
0000d8f2  LCD_putstr                   
0000d908  __mspabi_divu                
0000d908  __mspabi_remu                
0000d91e  toggle_EN_pin                
0000d934  delay_ms                     
0000d948  __mspabi_mpyi                
0000d948  __mspabi_mpyi_sw             
0000d95c  LCD_clear_home               
0000d96e  __mspabi_fixdu               
0000d980  _c_int00_noinit_noargs_noexit
0000d992  delay_us                     
0000d9a4  __mspabi_srll                
0000d9b6  __mspabi_sral                
0000d9c6  __mspabi_slll                
0000d9d6  __mspabi_func_epilog_7       
0000d9d8  __mspabi_func_epilog_6       
0000d9da  __mspabi_func_epilog_5       
0000d9dc  __mspabi_func_epilog_4       
0000d9de  __mspabi_func_epilog_3       
0000d9e0  __mspabi_func_epilog_2       
0000d9e2  __mspabi_func_epilog_1       
0000d9e6  LCD_putchar                  
0000d9ee  WDTplus_graceInit            
0000d9f6  __TI_ISR_TRAP                
0000d9fe  __mspabi_fltud               
0000da04  C$$EXIT                      
0000da04  abort                        
0000da0a  System_graceInit             
0000da0e  _system_pre_init             
0000ffe0  __TI_int00                   
0000ffe4  __TI_int02                   
0000ffe6  __TI_int03                   
0000ffea  __TI_int05                   
0000ffec  __TI_int06                   
0000ffee  __TI_int07                   
0000fff0  __TI_int08                   
0000fff2  __TI_int09                   
0000fff4  __TI_int10                   
0000fff6  __TI_int11                   
0000fff8  __TI_int12                   
0000fffa  __TI_int13                   
0000fffc  __TI_int14                   
0000fffe  _reset_vector                
ffffffff  __TI_pprof_out_hndl          
ffffffff  __TI_prof_data_size          
ffffffff  __TI_prof_data_start         
ffffffff  __c_args__                   

[266 symbols]
