******************************************************************************
                  MSP430 Linker PC v17.6.0                     
******************************************************************************
>> Linked Sun Aug 20 10:00:51 2017

OUTPUT FILE NAME:   <SW_SPI.out>
ENTRY POINT SYMBOL: "_c_int00_noinit_noargs_noexit"  address: 0000e31c


MEMORY CONFIGURATION

         name            origin    length      used     unused   attr    fill
----------------------  --------  ---------  --------  --------  ----  --------
  SFR                   00000000   00000010  00000000  00000010  RWIX
  PERIPHERALS_8BIT      00000010   000000f0  00000000  000000f0  RWIX
  PERIPHERALS_16BIT     00000100   00000100  00000000  00000100  RWIX
  RAM                   00000200   00000100  00000050  000000b0  RWIX
  INFOD                 00001000   00000040  00000000  00000040  RWIX
  INFOC                 00001040   00000040  00000000  00000040  RWIX
  INFOB                 00001080   00000040  00000000  00000040  RWIX
  INFOA                 000010c0   00000040  00000000  00000040  RWIX
  FLASH                 0000e000   00001fe0  00000424  00001bbc  RWIX
  INT00                 0000ffe0   00000002  00000000  00000002  RWIX
  INT01                 0000ffe2   00000002  00000000  00000002  RWIX
  INT02                 0000ffe4   00000002  00000002  00000000  RWIX
  INT03                 0000ffe6   00000002  00000002  00000000  RWIX
  INT04                 0000ffe8   00000002  00000002  00000000  RWIX
  INT05                 0000ffea   00000002  00000002  00000000  RWIX
  INT06                 0000ffec   00000002  00000000  00000002  RWIX
  INT07                 0000ffee   00000002  00000000  00000002  RWIX
  INT08                 0000fff0   00000002  00000002  00000000  RWIX
  INT09                 0000fff2   00000002  00000002  00000000  RWIX
  INT10                 0000fff4   00000002  00000002  00000000  RWIX
  INT11                 0000fff6   00000002  00000002  00000000  RWIX
  INT12                 0000fff8   00000002  00000000  00000002  RWIX
  INT13                 0000fffa   00000002  00000000  00000002  RWIX
  INT14                 0000fffc   00000002  00000002  00000000  RWIX
  RESET                 0000fffe   00000002  00000002  00000000  RWIX


SECTION ALLOCATION MAP

 output                                  attributes/
section   page    origin      length       input sections
--------  ----  ----------  ----------   ----------------
.stack     0    000002b0    00000050     UNINITIALIZED
                  000002b0    00000002     rts430_eabi.lib : boot.obj (.stack)
                  000002b2    0000004e     --HOLE--

.text      0    0000e000    0000035e     
                  0000e000    00000248     main.obj (.text:main)
                  0000e248    0000004a     MCP4921.obj (.text:MCP4921_write)
                  0000e292    0000002e     main.obj (.text:GPIO_graceInit)
                  0000e2c0    00000026     main.obj (.text:BCSplus_graceInit)
                  0000e2e6    00000022     MCP4921.obj (.text:MCP4921_init)
                  0000e308    00000014     delay.obj (.text:delay_ms)
                  0000e31c    00000012     rts430_eabi.lib : boot_special.obj (.text:_c_int00_noinit_noargs_noexit)
                  0000e32e    00000012     delay.obj (.text:delay_us)
                  0000e340    00000008     main.obj (.text:WDTplus_graceInit)
                  0000e348    00000008     rts430_eabi.lib : isr_trap.obj (.text:_isr:__TI_ISR_TRAP)
                  0000e350    00000006                     : exit.obj (.text:abort)
                  0000e356    00000004     main.obj (.text:System_graceInit)
                  0000e35a    00000004     rts430_eabi.lib : pre_init.obj (.text:_system_pre_init)

.cinit     0    0000e000    00000000     UNINITIALIZED

.const     0    0000e35e    000000c6     
                  0000e35e    00000042     main.obj (.const:sine_table)
                  0000e3a0    00000042     main.obj (.const:square_table)
                  0000e3e2    00000042     main.obj (.const:triangle_table)

.binit     0    0000e000    00000000     

.init_array 
*          0    0000e000    00000000     UNINITIALIZED

PORT1      0    0000ffe4    00000002     
                  0000ffe4    00000002     rts430_eabi.lib : int02.obj (.int02)

PORT2      0    0000ffe6    00000002     
                  0000ffe6    00000002     rts430_eabi.lib : int03.obj (.int03)

USI        0    0000ffe8    00000002     
                  0000ffe8    00000002     rts430_eabi.lib : int04.obj (.int04)

ADC10      0    0000ffea    00000002     
                  0000ffea    00000002     rts430_eabi.lib : int05.obj (.int05)

TIMER0_A1 
*          0    0000fff0    00000002     
                  0000fff0    00000002     rts430_eabi.lib : int08.obj (.int08)

TIMER0_A0 
*          0    0000fff2    00000002     
                  0000fff2    00000002     rts430_eabi.lib : int09.obj (.int09)

WDT        0    0000fff4    00000002     
                  0000fff4    00000002     rts430_eabi.lib : int10.obj (.int10)

COMPARATORA 
*          0    0000fff6    00000002     
                  0000fff6    00000002     rts430_eabi.lib : int11.obj (.int11)

NMI        0    0000fffc    00000002     
                  0000fffc    00000002     rts430_eabi.lib : int14.obj (.int14)

.reset     0    0000fffe    00000002     
                  0000fffe    00000002     rts430_eabi.lib : boot.obj (.reset)

MODULE SUMMARY

       Module             code   ro data   rw data
       ------             ----   -------   -------
    .\
       main.obj           680    198       0      
    +--+------------------+------+---------+---------+
       Total:             680    198       0      
                                                  
    .\Libraries\
       MCP4921.obj        108    0         0      
       delay.obj          38     0         0      
    +--+------------------+------+---------+---------+
       Total:             146    0         0      
                                                  
    C:\ti\ccsv7\tools\compiler\ti-cgt-msp430_17.6.0.STS\lib\rts430_eabi.lib
       boot_special.obj   18     0         0      
       isr_trap.obj       8      0         0      
       exit.obj           6      0         0      
       pre_init.obj       4      0         0      
       boot.obj           0      2         0      
       int02.obj          0      2         0      
       int03.obj          0      2         0      
       int04.obj          0      2         0      
       int05.obj          0      2         0      
       int08.obj          0      2         0      
       int09.obj          0      2         0      
       int10.obj          0      2         0      
       int11.obj          0      2         0      
       int14.obj          0      2         0      
    +--+------------------+------+---------+---------+
       Total:             36     20        0      
                                                  
       Stack:             0      0         80     
    +--+------------------+------+---------+---------+
       Grand Total:       862    218       80     


GLOBAL SYMBOLS: SORTED ALPHABETICALLY BY Name 

address   name                         
-------   ----                         
0000004a  ADC10AE0                     
000001b0  ADC10CTL0                    
000001b2  ADC10CTL1                    
00000048  ADC10DTC0                    
00000049  ADC10DTC1                    
000001b4  ADC10MEM                     
000001bc  ADC10SA                      
00000057  BCSCTL1                      
00000058  BCSCTL2                      
00000053  BCSCTL3                      
0000e2c0  BCSplus_graceInit            
0000e350  C$$EXIT                      
00000059  CACTL1                       
0000005a  CACTL2                       
000010fb  CALBC1_12MHZ                 
000010f9  CALBC1_16MHZ                 
000010ff  CALBC1_1MHZ                  
000010fd  CALBC1_8MHZ                  
000010fa  CALDCO_12MHZ                 
000010f8  CALDCO_16MHZ                 
000010fe  CALDCO_1MHZ                  
000010fc  CALDCO_8MHZ                  
0000005b  CAPD                         
00000056  DCOCTL                       
00000128  FCTL1                        
0000012a  FCTL2                        
0000012c  FCTL3                        
0000e292  GPIO_graceInit               
00000000  IE1                          
00000002  IFG1                         
0000e2e6  MCP4921_init                 
0000e248  MCP4921_write                
00000022  P1DIR                        
00000025  P1IE                         
00000024  P1IES                        
00000023  P1IFG                        
00000020  P1IN                         
00000021  P1OUT                        
00000027  P1REN                        
00000026  P1SEL                        
00000041  P1SEL2                       
0000002a  P2DIR                        
0000002d  P2IE                         
0000002c  P2IES                        
0000002b  P2IFG                        
00000028  P2IN                         
00000029  P2OUT                        
0000002f  P2REN                        
0000002e  P2SEL                        
00000042  P2SEL2                       
0000e356  System_graceInit             
00000172  TA0CCR0                      
00000174  TA0CCR1                      
00000176  TA0CCR2                      
00000162  TA0CCTL0                     
00000164  TA0CCTL1                     
00000166  TA0CCTL2                     
00000160  TA0CTL                       
0000012e  TA0IV                        
00000170  TA0R                         
000010db  TLV_ADC10_1_LEN              
000010da  TLV_ADC10_1_TAG              
000010c0  TLV_CHECKSUM                 
000010f7  TLV_DCO_30_LEN               
000010f6  TLV_DCO_30_TAG               
0000007a  USICCTL                      
0000007a  USICKCTL                     
0000007b  USICNT                       
00000078  USICTL                       
00000078  USICTL0                      
00000079  USICTL1                      
0000007c  USISR                        
0000007d  USISRH                       
0000007c  USISRL                       
00000120  WDTCTL                       
0000e340  WDTplus_graceInit            
00000300  __STACK_END                  
00000050  __STACK_SIZE                 
0000e348  __TI_ISR_TRAP                
0000ffe4  __TI_int02                   
0000ffe6  __TI_int03                   
0000ffe8  __TI_int04                   
0000ffea  __TI_int05                   
0000fff0  __TI_int08                   
0000fff2  __TI_int09                   
0000fff4  __TI_int10                   
0000fff6  __TI_int11                   
0000fffc  __TI_int14                   
ffffffff  __TI_pprof_out_hndl          
ffffffff  __TI_prof_data_size          
ffffffff  __TI_prof_data_start         
ffffffff  __c_args__                   
0000e31c  _c_int00_noinit_noargs_noexit
0000fffe  _reset_vector                
000002b0  _stack                       
0000e35a  _system_pre_init             
0000e350  abort                        
0000e308  delay_ms                     
0000e32e  delay_us                     
0000e000  main                         
0000e35e  sine_table                   
0000e3a0  square_table                 
0000e3e2  triangle_table               


GLOBAL SYMBOLS: SORTED BY Symbol Address 

address   name                         
-------   ----                         
00000000  IE1                          
00000002  IFG1                         
00000020  P1IN                         
00000021  P1OUT                        
00000022  P1DIR                        
00000023  P1IFG                        
00000024  P1IES                        
00000025  P1IE                         
00000026  P1SEL                        
00000027  P1REN                        
00000028  P2IN                         
00000029  P2OUT                        
0000002a  P2DIR                        
0000002b  P2IFG                        
0000002c  P2IES                        
0000002d  P2IE                         
0000002e  P2SEL                        
0000002f  P2REN                        
00000041  P1SEL2                       
00000042  P2SEL2                       
00000048  ADC10DTC0                    
00000049  ADC10DTC1                    
0000004a  ADC10AE0                     
00000050  __STACK_SIZE                 
00000053  BCSCTL3                      
00000056  DCOCTL                       
00000057  BCSCTL1                      
00000058  BCSCTL2                      
00000059  CACTL1                       
0000005a  CACTL2                       
0000005b  CAPD                         
00000078  USICTL                       
00000078  USICTL0                      
00000079  USICTL1                      
0000007a  USICCTL                      
0000007a  USICKCTL                     
0000007b  USICNT                       
0000007c  USISR                        
0000007c  USISRL                       
0000007d  USISRH                       
00000120  WDTCTL                       
00000128  FCTL1                        
0000012a  FCTL2                        
0000012c  FCTL3                        
0000012e  TA0IV                        
00000160  TA0CTL                       
00000162  TA0CCTL0                     
00000164  TA0CCTL1                     
00000166  TA0CCTL2                     
00000170  TA0R                         
00000172  TA0CCR0                      
00000174  TA0CCR1                      
00000176  TA0CCR2                      
000001b0  ADC10CTL0                    
000001b2  ADC10CTL1                    
000001b4  ADC10MEM                     
000001bc  ADC10SA                      
000002b0  _stack                       
00000300  __STACK_END                  
000010c0  TLV_CHECKSUM                 
000010da  TLV_ADC10_1_TAG              
000010db  TLV_ADC10_1_LEN              
000010f6  TLV_DCO_30_TAG               
000010f7  TLV_DCO_30_LEN               
000010f8  CALDCO_16MHZ                 
000010f9  CALBC1_16MHZ                 
000010fa  CALDCO_12MHZ                 
000010fb  CALBC1_12MHZ                 
000010fc  CALDCO_8MHZ                  
000010fd  CALBC1_8MHZ                  
000010fe  CALDCO_1MHZ                  
000010ff  CALBC1_1MHZ                  
0000e000  main                         
0000e248  MCP4921_write                
0000e292  GPIO_graceInit               
0000e2c0  BCSplus_graceInit            
0000e2e6  MCP4921_init                 
0000e308  delay_ms                     
0000e31c  _c_int00_noinit_noargs_noexit
0000e32e  delay_us                     
0000e340  WDTplus_graceInit            
0000e348  __TI_ISR_TRAP                
0000e350  C$$EXIT                      
0000e350  abort                        
0000e356  System_graceInit             
0000e35a  _system_pre_init             
0000e35e  sine_table                   
0000e3a0  square_table                 
0000e3e2  triangle_table               
0000ffe4  __TI_int02                   
0000ffe6  __TI_int03                   
0000ffe8  __TI_int04                   
0000ffea  __TI_int05                   
0000fff0  __TI_int08                   
0000fff2  __TI_int09                   
0000fff4  __TI_int10                   
0000fff6  __TI_int11                   
0000fffc  __TI_int14                   
0000fffe  _reset_vector                
ffffffff  __TI_pprof_out_hndl          
ffffffff  __TI_prof_data_size          
ffffffff  __TI_prof_data_start         
ffffffff  __c_args__                   

[103 symbols]
