******************************************************************************
                  MSP430 Linker PC v17.6.0                     
******************************************************************************
>> Linked Tue Mar  6 20:28:51 2018

OUTPUT FILE NAME:   <Capacitive_Touch_(Multi).out>
ENTRY POINT SYMBOL: "_c_int00_noargs_noexit"  address: 0000e938


MEMORY CONFIGURATION

         name            origin    length      used     unused   attr    fill
----------------------  --------  ---------  --------  --------  ----  --------
  SFR                   00000000   00000010  00000000  00000010  RWIX
  PERIPHERALS_8BIT      00000010   000000f0  00000000  000000f0  RWIX
  PERIPHERALS_16BIT     00000100   00000100  00000000  00000100  RWIX
  RAM                   00000200   00000100  00000060  000000a0  RWIX
  INFOD                 00001000   00000040  00000000  00000040  RWIX
  INFOC                 00001040   00000040  00000000  00000040  RWIX
  INFOB                 00001080   00000040  00000000  00000040  RWIX
  INFOA                 000010c0   00000040  00000000  00000040  RWIX
  FLASH                 0000e000   00001fe0  00000a54  0000158c  RWIX
  INT00                 0000ffe0   00000002  00000000  00000002  RWIX
  INT01                 0000ffe2   00000002  00000000  00000002  RWIX
  INT02                 0000ffe4   00000002  00000002  00000000  RWIX
  INT03                 0000ffe6   00000002  00000002  00000000  RWIX
  INT04                 0000ffe8   00000002  00000002  00000000  RWIX
  INT05                 0000ffea   00000002  00000002  00000000  RWIX
  INT06                 0000ffec   00000002  00000000  00000002  RWIX
  INT07                 0000ffee   00000002  00000000  00000002  RWIX
  INT08                 0000fff0   00000002  00000002  00000000  RWIX
  INT09                 0000fff2   00000002  00000002  00000000  RWIX
  INT10                 0000fff4   00000002  00000002  00000000  RWIX
  INT11                 0000fff6   00000002  00000002  00000000  RWIX
  INT12                 0000fff8   00000002  00000000  00000002  RWIX
  INT13                 0000fffa   00000002  00000000  00000002  RWIX
  INT14                 0000fffc   00000002  00000002  00000000  RWIX
  RESET                 0000fffe   00000002  00000002  00000000  RWIX


SECTION ALLOCATION MAP

 output                                  attributes/
section   page    origin      length       input sections
--------  ----  ----------  ----------   ----------------
.bss       0    00000200    0000000e     UNINITIALIZED
                  00000200    00000006     (.common:baseCnt)
                  00000206    00000006     (.common:measCnt)
                  0000020c    00000002     (.common:keyPressed)

.data      0    0000020e    00000002     UNINITIALIZED
                  0000020e    00000002     CTS_Layer.obj (.data)

.stack     0    000002b0    00000050     UNINITIALIZED
                  000002b0    00000002     rts430_eabi.lib : boot.obj (.stack)
                  000002b2    0000004e     --HOLE--

.text      0    0000e000    00000a10     
                  0000e000    0000040c     CTS_Layer.obj (.text:TI_CAPT_Custom)
                  0000e40c    00000128     CTS_HAL.obj (.text:TI_CTS_RO_PINOSC_TA0_WDTp_HAL)
                  0000e534    000000d0     CTS_Layer.obj (.text:Dominant_Element)
                  0000e604    0000007c     rts430_eabi.lib : copy_decompress_lzss.obj (.text:decompress:lzss:__TI_decompress_lzss)
                  0000e680    0000006e                     : autoinit.obj (.text:_auto_init)
                  0000e6ee    00000064     main.obj (.text:main)
                  0000e752    00000062     CTS_Layer.obj (.text:TI_CAPT_Update_Baseline)
                  0000e7b4    0000005a     rts430_eabi.lib : cpy_tbl.obj (.text:copy_in)
                  0000e80e    0000004c                     : lsr16.obj (.text)
                  0000e85a    00000038     CTS_Layer.obj (.text:TI_CAPT_Buttons)
                  0000e892    00000034     main.obj (.text:BCSplus_graceInit)
                  0000e8c6    0000002c     rts430_eabi.lib : lsl16.obj (.text)
                  0000e8f2    0000002a     main.obj (.text:GPIO_graceInit)
                  0000e91c    0000001c     main.obj (.text:sleep)
                  0000e938    0000001a     rts430_eabi.lib : boot_special.obj (.text:_c_int00_noargs_noexit)
                  0000e952    00000016                     : div16u.obj (.text)
                  0000e968    00000014     main.obj (.text:ISR_Timer0_A0)
                  0000e97c    00000014     rts430_eabi.lib : copy_zero_init.obj (.text:decompress:ZI:__TI_zero_init)
                  0000e990    00000014                     : mult16.obj (.text)
                  0000e9a4    00000012                     : copy_decompress_none.obj (.text:decompress:none:__TI_decompress_none)
                  0000e9b6    00000012                     : memcpy.obj (.text:memcpy)
                  0000e9c8    00000010     CTS_Layer.obj (.text:TI_CAPT_Init_Baseline)
                  0000e9d8    00000010     rts430_eabi.lib : epilog.obj (.text)
                  0000e9e8    0000000e     CTS_Layer.obj (.text:TI_CAPT_Raw)
                  0000e9f6    00000008     CTS_HAL.obj (.text:watchdog_timer)
                  0000e9fe    00000006     main.obj (.text:ISR_trap)
                  0000ea04    00000006     rts430_eabi.lib : exit.obj (.text:abort)
                  0000ea0a    00000004                     : pre_init.obj (.text:_system_pre_init)
                  0000ea0e    00000002                     : startup.obj (.text:_system_post_cinit)

.const     0    0000ea10    0000002c     
                  0000ea10    0000000e     structure.obj (.const:multi_buttons)
                  0000ea1e    0000000a     structure.obj (.const:down_element)
                  0000ea28    0000000a     structure.obj (.const:middle_element)
                  0000ea32    0000000a     structure.obj (.const:up_element)

.cinit     0    0000ea3c    00000018     
                  0000ea3c    00000006     (.cinit..data.load) [load image]
                  0000ea42    00000006     (__TI_handler_table)
                  0000ea48    00000004     (.cinit..bss.load) [load image, compression = zero_init]
                  0000ea4c    00000008     (__TI_cinit_table)

.binit     0    0000e000    00000000     

.init_array 
*          0    0000e000    00000000     UNINITIALIZED

PORT1      0    0000ffe4    00000002     
                  0000ffe4    00000002     main.obj (.int02)

PORT2      0    0000ffe6    00000002     
                  0000ffe6    00000002     main.obj (.int03)

USI        0    0000ffe8    00000002     
                  0000ffe8    00000002     main.obj (.int04)

ADC10      0    0000ffea    00000002     
                  0000ffea    00000002     main.obj (.int05)

TIMER0_A1 
*          0    0000fff0    00000002     
                  0000fff0    00000002     main.obj (.int08)

TIMER0_A0 
*          0    0000fff2    00000002     
                  0000fff2    00000002     main.obj (.int09)

WDT        0    0000fff4    00000002     
                  0000fff4    00000002     CTS_HAL.obj (.int10)

COMPARATORA 
*          0    0000fff6    00000002     
                  0000fff6    00000002     main.obj (.int11)

NMI        0    0000fffc    00000002     
                  0000fffc    00000002     main.obj (.int14)

.reset     0    0000fffe    00000002     
                  0000fffe    00000002     rts430_eabi.lib : boot.obj (.reset)

MODULE SUMMARY

       Module                     code   ro data   rw data
       ------                     ----   -------   -------
    .\
       main.obj                   248    16        2      
    +--+--------------------------+------+---------+---------+
       Total:                     248    16        2      
                                                          
    .\Libraries\
       CTS_Layer.obj              1428   0         14     
       CTS_HAL.obj                304    2         0      
       structure.obj              0      44        0      
    +--+--------------------------+------+---------+---------+
       Total:                     1732   46        14     
                                                          
    C:\ti\ccsv7\tools\compiler\ti-cgt-msp430_17.6.0.STS\lib\rts430_eabi.lib
       copy_decompress_lzss.obj   124    0         0      
       autoinit.obj               110    0         0      
       cpy_tbl.obj                90     0         0      
       lsr16.obj                  76     0         0      
       lsl16.obj                  44     0         0      
       boot_special.obj           26     0         0      
       div16u.obj                 22     0         0      
       copy_zero_init.obj         20     0         0      
       mult16.obj                 20     0         0      
       copy_decompress_none.obj   18     0         0      
       memcpy.obj                 18     0         0      
       epilog.obj                 16     0         0      
       exit.obj                   6      0         0      
       pre_init.obj               4      0         0      
       boot.obj                   0      2         0      
       startup.obj                2      0         0      
    +--+--------------------------+------+---------+---------+
       Total:                     596    2         0      
                                                          
       Stack:                     0      0         80     
       Linker Generated:          0      24        0      
    +--+--------------------------+------+---------+---------+
       Grand Total:               2576   88        96     


LINKER GENERATED COPY TABLES

__TI_cinit_table @ 0000ea4c records: 2, size/record: 4, table size: 8
	.data: load addr=0000ea3c, load size=00000006 bytes, run addr=0000020e, run size=00000002 bytes, compression=copy
	.bss: load addr=0000ea48, load size=00000004 bytes, run addr=00000200, run size=0000000e bytes, compression=zero_init


LINKER GENERATED HANDLER TABLE

__TI_handler_table @ 0000ea42 records: 3, size/record: 2, table size: 6
	index: 0, handler: __TI_zero_init
	index: 1, handler: __TI_decompress_lzss
	index: 2, handler: __TI_decompress_none


GLOBAL SYMBOLS: SORTED ALPHABETICALLY BY Name 

address   name                         
-------   ----                         
0000004a  ADC10AE0                     
000001b0  ADC10CTL0                    
000001b2  ADC10CTL1                    
00000048  ADC10DTC0                    
00000049  ADC10DTC1                    
000001b4  ADC10MEM                     
000001bc  ADC10SA                      
00000057  BCSCTL1                      
00000058  BCSCTL2                      
00000053  BCSCTL3                      
0000e892  BCSplus_graceInit            
0000ea04  C$$EXIT                      
00000059  CACTL1                       
0000005a  CACTL2                       
000010fb  CALBC1_12MHZ                 
000010f9  CALBC1_16MHZ                 
000010ff  CALBC1_1MHZ                  
000010fd  CALBC1_8MHZ                  
000010fa  CALDCO_12MHZ                 
000010f8  CALDCO_16MHZ                 
000010fe  CALDCO_1MHZ                  
000010fc  CALDCO_8MHZ                  
0000005b  CAPD                         
00000056  DCOCTL                       
0000e534  Dominant_Element             
00000128  FCTL1                        
0000012a  FCTL2                        
0000012c  FCTL3                        
0000e8f2  GPIO_graceInit               
00000000  IE1                          
00000002  IFG1                         
0000e968  ISR_Timer0_A0                
0000e9fe  ISR_trap                     
00000022  P1DIR                        
00000025  P1IE                         
00000024  P1IES                        
00000023  P1IFG                        
00000020  P1IN                         
00000021  P1OUT                        
00000027  P1REN                        
00000026  P1SEL                        
00000041  P1SEL2                       
0000002a  P2DIR                        
0000002d  P2IE                         
0000002c  P2IES                        
0000002b  P2IFG                        
00000028  P2IN                         
00000029  P2OUT                        
0000002f  P2REN                        
0000002e  P2SEL                        
00000042  P2SEL2                       
00000172  TA0CCR0                      
00000174  TA0CCR1                      
00000176  TA0CCR2                      
00000162  TA0CCTL0                     
00000164  TA0CCTL1                     
00000166  TA0CCTL2                     
00000160  TA0CTL                       
0000012e  TA0IV                        
00000170  TA0R                         
0000e85a  TI_CAPT_Buttons              
0000e000  TI_CAPT_Custom               
0000e9c8  TI_CAPT_Init_Baseline        
0000e9e8  TI_CAPT_Raw                  
0000e752  TI_CAPT_Update_Baseline      
0000e40c  TI_CTS_RO_PINOSC_TA0_WDTp_HAL
000010db  TLV_ADC10_1_LEN              
000010da  TLV_ADC10_1_TAG              
000010c0  TLV_CHECKSUM                 
000010f7  TLV_DCO_30_LEN               
000010f6  TLV_DCO_30_TAG               
0000007a  USICCTL                      
0000007a  USICKCTL                     
0000007b  USICNT                       
00000078  USICTL                       
00000078  USICTL0                      
00000079  USICTL1                      
0000007c  USISR                        
0000007d  USISRH                       
0000007c  USISRL                       
00000120  WDTCTL                       
00000300  __STACK_END                  
00000050  __STACK_SIZE                 
UNDEFED   __TI_BINIT_Base              
UNDEFED   __TI_BINIT_Limit             
0000ea4c  __TI_CINIT_Base              
0000ea54  __TI_CINIT_Limit             
0000ea42  __TI_Handler_Table_Base      
0000ea48  __TI_Handler_Table_Limit     
UNDEFED   __TI_INITARRAY_Base          
UNDEFED   __TI_INITARRAY_Limit         
0000e604  __TI_decompress_lzss         
0000e9a4  __TI_decompress_none         
0000ffe4  __TI_int02                   
0000ffe6  __TI_int03                   
0000ffe8  __TI_int04                   
0000ffea  __TI_int05                   
0000fff0  __TI_int08                   
0000fff2  __TI_int09                   
0000fff4  __TI_int10                   
0000fff6  __TI_int11                   
0000fffc  __TI_int14                   
ffffffff  __TI_pprof_out_hndl          
ffffffff  __TI_prof_data_size          
ffffffff  __TI_prof_data_start         
0000e97c  __TI_zero_init               
ffffffff  __c_args__                   
0000e952  __mspabi_divu                
0000e9e4  __mspabi_func_epilog_1       
0000e9e2  __mspabi_func_epilog_2       
0000e9e0  __mspabi_func_epilog_3       
0000e9de  __mspabi_func_epilog_4       
0000e9dc  __mspabi_func_epilog_5       
0000e9da  __mspabi_func_epilog_6       
0000e9d8  __mspabi_func_epilog_7       
0000e990  __mspabi_mpyi                
0000e990  __mspabi_mpyi_sw             
0000e952  __mspabi_remu                
0000e8c6  __mspabi_slli                
0000e8ee  __mspabi_slli_1              
0000e8dc  __mspabi_slli_10             
0000e8da  __mspabi_slli_11             
0000e8d8  __mspabi_slli_12             
0000e8d6  __mspabi_slli_13             
0000e8d4  __mspabi_slli_14             
0000e8d2  __mspabi_slli_15             
0000e8ec  __mspabi_slli_2              
0000e8ea  __mspabi_slli_3              
0000e8e8  __mspabi_slli_4              
0000e8e6  __mspabi_slli_5              
0000e8e4  __mspabi_slli_6              
0000e8e2  __mspabi_slli_7              
0000e8e0  __mspabi_slli_8              
0000e8de  __mspabi_slli_9              
0000e80e  __mspabi_srli                
0000e854  __mspabi_srli_1              
0000e830  __mspabi_srli_10             
0000e82c  __mspabi_srli_11             
0000e828  __mspabi_srli_12             
0000e824  __mspabi_srli_13             
0000e820  __mspabi_srli_14             
0000e81c  __mspabi_srli_15             
0000e850  __mspabi_srli_2              
0000e84c  __mspabi_srli_3              
0000e848  __mspabi_srli_4              
0000e844  __mspabi_srli_5              
0000e840  __mspabi_srli_6              
0000e83c  __mspabi_srli_7              
0000e838  __mspabi_srli_8              
0000e834  __mspabi_srli_9              
0000e680  _auto_init                   
0000e938  _c_int00_noargs_noexit       
0000fffe  _reset_vector                
000002b0  _stack                       
0000ea0e  _system_post_cinit           
0000ea0a  _system_pre_init             
0000ea04  abort                        
00000200  baseCnt                      
0000e7b4  copy_in                      
0000020e  ctsStatusReg                 
0000ea1e  down_element                 
0000020c  keyPressed                   
0000e6ee  main                         
00000206  measCnt                      
0000e9b6  memcpy                       
0000ea28  middle_element               
0000ea10  multi_buttons                
0000e91c  sleep                        
0000ea32  up_element                   
0000e9f6  watchdog_timer               


GLOBAL SYMBOLS: SORTED BY Symbol Address 

address   name                         
-------   ----                         
00000000  IE1                          
00000002  IFG1                         
00000020  P1IN                         
00000021  P1OUT                        
00000022  P1DIR                        
00000023  P1IFG                        
00000024  P1IES                        
00000025  P1IE                         
00000026  P1SEL                        
00000027  P1REN                        
00000028  P2IN                         
00000029  P2OUT                        
0000002a  P2DIR                        
0000002b  P2IFG                        
0000002c  P2IES                        
0000002d  P2IE                         
0000002e  P2SEL                        
0000002f  P2REN                        
00000041  P1SEL2                       
00000042  P2SEL2                       
00000048  ADC10DTC0                    
00000049  ADC10DTC1                    
0000004a  ADC10AE0                     
00000050  __STACK_SIZE                 
00000053  BCSCTL3                      
00000056  DCOCTL                       
00000057  BCSCTL1                      
00000058  BCSCTL2                      
00000059  CACTL1                       
0000005a  CACTL2                       
0000005b  CAPD                         
00000078  USICTL                       
00000078  USICTL0                      
00000079  USICTL1                      
0000007a  USICCTL                      
0000007a  USICKCTL                     
0000007b  USICNT                       
0000007c  USISR                        
0000007c  USISRL                       
0000007d  USISRH                       
00000120  WDTCTL                       
00000128  FCTL1                        
0000012a  FCTL2                        
0000012c  FCTL3                        
0000012e  TA0IV                        
00000160  TA0CTL                       
00000162  TA0CCTL0                     
00000164  TA0CCTL1                     
00000166  TA0CCTL2                     
00000170  TA0R                         
00000172  TA0CCR0                      
00000174  TA0CCR1                      
00000176  TA0CCR2                      
000001b0  ADC10CTL0                    
000001b2  ADC10CTL1                    
000001b4  ADC10MEM                     
000001bc  ADC10SA                      
00000200  baseCnt                      
00000206  measCnt                      
0000020c  keyPressed                   
0000020e  ctsStatusReg                 
000002b0  _stack                       
00000300  __STACK_END                  
000010c0  TLV_CHECKSUM                 
000010da  TLV_ADC10_1_TAG              
000010db  TLV_ADC10_1_LEN              
000010f6  TLV_DCO_30_TAG               
000010f7  TLV_DCO_30_LEN               
000010f8  CALDCO_16MHZ                 
000010f9  CALBC1_16MHZ                 
000010fa  CALDCO_12MHZ                 
000010fb  CALBC1_12MHZ                 
000010fc  CALDCO_8MHZ                  
000010fd  CALBC1_8MHZ                  
000010fe  CALDCO_1MHZ                  
000010ff  CALBC1_1MHZ                  
0000e000  TI_CAPT_Custom               
0000e40c  TI_CTS_RO_PINOSC_TA0_WDTp_HAL
0000e534  Dominant_Element             
0000e604  __TI_decompress_lzss         
0000e680  _auto_init                   
0000e6ee  main                         
0000e752  TI_CAPT_Update_Baseline      
0000e7b4  copy_in                      
0000e80e  __mspabi_srli                
0000e81c  __mspabi_srli_15             
0000e820  __mspabi_srli_14             
0000e824  __mspabi_srli_13             
0000e828  __mspabi_srli_12             
0000e82c  __mspabi_srli_11             
0000e830  __mspabi_srli_10             
0000e834  __mspabi_srli_9              
0000e838  __mspabi_srli_8              
0000e83c  __mspabi_srli_7              
0000e840  __mspabi_srli_6              
0000e844  __mspabi_srli_5              
0000e848  __mspabi_srli_4              
0000e84c  __mspabi_srli_3              
0000e850  __mspabi_srli_2              
0000e854  __mspabi_srli_1              
0000e85a  TI_CAPT_Buttons              
0000e892  BCSplus_graceInit            
0000e8c6  __mspabi_slli                
0000e8d2  __mspabi_slli_15             
0000e8d4  __mspabi_slli_14             
0000e8d6  __mspabi_slli_13             
0000e8d8  __mspabi_slli_12             
0000e8da  __mspabi_slli_11             
0000e8dc  __mspabi_slli_10             
0000e8de  __mspabi_slli_9              
0000e8e0  __mspabi_slli_8              
0000e8e2  __mspabi_slli_7              
0000e8e4  __mspabi_slli_6              
0000e8e6  __mspabi_slli_5              
0000e8e8  __mspabi_slli_4              
0000e8ea  __mspabi_slli_3              
0000e8ec  __mspabi_slli_2              
0000e8ee  __mspabi_slli_1              
0000e8f2  GPIO_graceInit               
0000e91c  sleep                        
0000e938  _c_int00_noargs_noexit       
0000e952  __mspabi_divu                
0000e952  __mspabi_remu                
0000e968  ISR_Timer0_A0                
0000e97c  __TI_zero_init               
0000e990  __mspabi_mpyi                
0000e990  __mspabi_mpyi_sw             
0000e9a4  __TI_decompress_none         
0000e9b6  memcpy                       
0000e9c8  TI_CAPT_Init_Baseline        
0000e9d8  __mspabi_func_epilog_7       
0000e9da  __mspabi_func_epilog_6       
0000e9dc  __mspabi_func_epilog_5       
0000e9de  __mspabi_func_epilog_4       
0000e9e0  __mspabi_func_epilog_3       
0000e9e2  __mspabi_func_epilog_2       
0000e9e4  __mspabi_func_epilog_1       
0000e9e8  TI_CAPT_Raw                  
0000e9f6  watchdog_timer               
0000e9fe  ISR_trap                     
0000ea04  C$$EXIT                      
0000ea04  abort                        
0000ea0a  _system_pre_init             
0000ea0e  _system_post_cinit           
0000ea10  multi_buttons                
0000ea1e  down_element                 
0000ea28  middle_element               
0000ea32  up_element                   
0000ea42  __TI_Handler_Table_Base      
0000ea48  __TI_Handler_Table_Limit     
0000ea4c  __TI_CINIT_Base              
0000ea54  __TI_CINIT_Limit             
0000ffe4  __TI_int02                   
0000ffe6  __TI_int03                   
0000ffe8  __TI_int04                   
0000ffea  __TI_int05                   
0000fff0  __TI_int08                   
0000fff2  __TI_int09                   
0000fff4  __TI_int10                   
0000fff6  __TI_int11                   
0000fffc  __TI_int14                   
0000fffe  _reset_vector                
ffffffff  __TI_pprof_out_hndl          
ffffffff  __TI_prof_data_size          
ffffffff  __TI_prof_data_start         
ffffffff  __c_args__                   
UNDEFED   __TI_BINIT_Base              
UNDEFED   __TI_BINIT_Limit             
UNDEFED   __TI_INITARRAY_Base          
UNDEFED   __TI_INITARRAY_Limit         

[170 symbols]
