******************************************************************************
                  MSP430 Linker PC v17.6.0                     
******************************************************************************
>> Linked Sat Aug  5 11:02:35 2017

OUTPUT FILE NAME:   <Timer_Capture.out>
ENTRY POINT SYMBOL: "_c_int00_noargs_noexit"  address: 0000c88e


MEMORY CONFIGURATION

         name            origin    length      used     unused   attr    fill
----------------------  --------  ---------  --------  --------  ----  --------
  SFR                   00000000   00000010  00000000  00000010  RWIX
  PERIPHERALS_8BIT      00000010   000000f0  00000000  000000f0  RWIX
  PERIPHERALS_16BIT     00000100   00000100  00000000  00000100  RWIX
  RAM                   00000200   00000200  0000005a  000001a6  RWIX
  INFOD                 00001000   00000040  00000000  00000040  RWIX
  INFOC                 00001040   00000040  00000000  00000040  RWIX
  INFOB                 00001080   00000040  00000000  00000040  RWIX
  INFOA                 000010c0   00000040  00000000  00000040  RWIX
  FLASH                 0000c000   00003fde  00000a76  00003568  RWIX
  BSLSIGNATURE          0000ffde   00000002  00000002  00000000  RWIX  ffff 
  INT00                 0000ffe0   00000002  00000002  00000000  RWIX
  INT01                 0000ffe2   00000002  00000000  00000002  RWIX
  INT02                 0000ffe4   00000002  00000002  00000000  RWIX
  INT03                 0000ffe6   00000002  00000002  00000000  RWIX
  INT04                 0000ffe8   00000002  00000000  00000002  RWIX
  INT05                 0000ffea   00000002  00000002  00000000  RWIX
  INT06                 0000ffec   00000002  00000002  00000000  RWIX
  INT07                 0000ffee   00000002  00000002  00000000  RWIX
  INT08                 0000fff0   00000002  00000002  00000000  RWIX
  INT09                 0000fff2   00000002  00000002  00000000  RWIX
  INT10                 0000fff4   00000002  00000002  00000000  RWIX
  INT11                 0000fff6   00000002  00000002  00000000  RWIX
  INT12                 0000fff8   00000002  00000002  00000000  RWIX
  INT13                 0000fffa   00000002  00000002  00000000  RWIX
  INT14                 0000fffc   00000002  00000002  00000000  RWIX
  RESET                 0000fffe   00000002  00000002  00000000  RWIX


SECTION ALLOCATION MAP

 output                                  attributes/
section   page    origin      length       input sections
--------  ----  ----------  ----------   ----------------
.data      0    00000200    00000008     UNINITIALIZED
                  00000200    00000008     main.obj (.data)

.bss       0    00000208    00000002     UNINITIALIZED
                  00000208    00000001     (.common:bl_state)
                  00000209    00000001     (.common:data_value)

.stack     0    000003b0    00000050     UNINITIALIZED
                  000003b0    00000002     rts430_eabi.lib : boot.obj (.stack)
                  000003b2    0000004e     --HOLE--

.text      0    0000c000    00000998     
                  0000c000    0000018e     main.obj (.text:main)
                  0000c18e    00000124     lcd.obj (.text:LCD_init)
                  0000c2b2    000000ee     main.obj (.text:lcd_print)
                  0000c3a0    0000008c     lcd.obj (.text:LCD_4bit_send)
                  0000c42c    0000007c     rts430_eabi.lib : copy_decompress_lzss.obj (.text:decompress:lzss:__TI_decompress_lzss)
                  0000c4a8    0000006e                     : autoinit.obj (.text:_auto_init)
                  0000c516    0000005a                     : cpy_tbl.obj (.text:copy_in)
                  0000c570    00000058                     : div32u.obj (.text)
                  0000c5c8    00000054     SW_I2C.obj (.text:SW_I2C_write)
                  0000c61c    0000004c     rts430_eabi.lib : lsr16.obj (.text)
                  0000c668    0000004a     lcd.obj (.text:LCD_send)
                  0000c6b2    00000046     SW_I2C.obj (.text:SW_I2C_wait_ACK)
                  0000c6f8    0000003e     main.obj (.text:GPIO_graceInit)
                  0000c736    0000002c     SW_I2C.obj (.text:SW_I2C_start)
                  0000c762    0000002c     SW_I2C.obj (.text:SW_I2C_stop)
                  0000c78e    0000002c     rts430_eabi.lib : lsl16.obj (.text)
                  0000c7ba    00000028     main.obj (.text:BCSplus_graceInit)
                  0000c7e2    00000028     main.obj (.text:TIMER1_A1_ISR_HOOK)
                  0000c80a    00000026     PCF8574.obj (.text:PCF8574_write)
                  0000c830    00000022     lcd.obj (.text:LCD_goto)
                  0000c852    00000020     SW_I2C.obj (.text:SW_I2C_init)
                  0000c872    0000001c     main.obj (.text:System_graceInit)
                  0000c88e    0000001a     rts430_eabi.lib : boot_special.obj (.text:_c_int00_noargs_noexit)
                  0000c8a8    00000018     lcd.obj (.text:LCD_putstr)
                  0000c8c0    00000014     main.obj (.text:Timer0_A3_graceInit)
                  0000c8d4    00000014     main.obj (.text:Timer1_A3_graceInit)
                  0000c8e8    00000014     rts430_eabi.lib : copy_zero_init.obj (.text:decompress:ZI:__TI_zero_init)
                  0000c8fc    00000014     delay.obj (.text:delay_ms)
                  0000c910    00000014     rts430_eabi.lib : mult16.obj (.text)
                  0000c924    00000012     lcd.obj (.text:LCD_clear_home)
                  0000c936    00000012     rts430_eabi.lib : copy_decompress_none.obj (.text:decompress:none:__TI_decompress_none)
                  0000c948    00000012     delay.obj (.text:delay_us)
                  0000c95a    00000012     rts430_eabi.lib : memcpy.obj (.text:memcpy)
                  0000c96c    00000010                     : epilog.obj (.text)
                  0000c97c    00000008     main.obj (.text:WDTplus_graceInit)
                  0000c984    00000008     rts430_eabi.lib : isr_trap.obj (.text:_isr:__TI_ISR_TRAP)
                  0000c98c    00000006                     : exit.obj (.text:abort)
                  0000c992    00000004                     : pre_init.obj (.text:_system_pre_init)
                  0000c996    00000002                     : startup.obj (.text:_system_post_cinit)

.const     0    0000c998    000000c4     
                  0000c998    000000be     main.obj (.const:.string)
                  0000ca56    00000006     main.obj (.const:.string:$P$T0$1)

.cinit     0    0000ca5c    0000001a     
                  0000ca5c    00000007     (.cinit..data.load) [load image, compression = lzss]
                  0000ca63    00000001     --HOLE-- [fill = 0]
                  0000ca64    00000006     (__TI_handler_table)
                  0000ca6a    00000004     (.cinit..bss.load) [load image, compression = zero_init]
                  0000ca6e    00000008     (__TI_cinit_table)

.binit     0    0000c000    00000000     

.init_array 
*          0    0000c000    00000000     UNINITIALIZED

TRAPINT    0    0000ffe0    00000002     
                  0000ffe0    00000002     rts430_eabi.lib : int00.obj (.int00)

PORT1      0    0000ffe4    00000002     
                  0000ffe4    00000002     rts430_eabi.lib : int02.obj (.int02)

PORT2      0    0000ffe6    00000002     
                  0000ffe6    00000002     rts430_eabi.lib : int03.obj (.int03)

ADC10      0    0000ffea    00000002     
                  0000ffea    00000002     rts430_eabi.lib : int05.obj (.int05)

USCIAB0TX 
*          0    0000ffec    00000002     
                  0000ffec    00000002     rts430_eabi.lib : int06.obj (.int06)

USCIAB0RX 
*          0    0000ffee    00000002     
                  0000ffee    00000002     rts430_eabi.lib : int07.obj (.int07)

TIMER0_A1 
*          0    0000fff0    00000002     
                  0000fff0    00000002     rts430_eabi.lib : int08.obj (.int08)

TIMER0_A0 
*          0    0000fff2    00000002     
                  0000fff2    00000002     rts430_eabi.lib : int09.obj (.int09)

WDT        0    0000fff4    00000002     
                  0000fff4    00000002     rts430_eabi.lib : int10.obj (.int10)

COMPARATORA 
*          0    0000fff6    00000002     
                  0000fff6    00000002     rts430_eabi.lib : int11.obj (.int11)

TIMER1_A1 
*          0    0000fff8    00000002     
                  0000fff8    00000002     main.obj (.int12)

TIMER1_A0 
*          0    0000fffa    00000002     
                  0000fffa    00000002     rts430_eabi.lib : int13.obj (.int13)

NMI        0    0000fffc    00000002     
                  0000fffc    00000002     rts430_eabi.lib : int14.obj (.int14)

.reset     0    0000fffe    00000002     
                  0000fffe    00000002     rts430_eabi.lib : boot.obj (.reset)

$fill000   0    0000ffde    00000002     
                  0000ffde    00000002     --HOLE-- [fill = ffff]

MODULE SUMMARY

       Module                     code   ro data   rw data
       ------                     ----   -------   -------
    .\
       main.obj                   854    198       10     
    +--+--------------------------+------+---------+---------+
       Total:                     854    198       10     
                                                          
    .\Libraries\
       lcd.obj                    582    0         0      
       SW_I2C.obj                 274    0         0      
       PCF8574.obj                38     0         0      
       delay.obj                  38     0         0      
    +--+--------------------------+------+---------+---------+
       Total:                     932    0         0      
                                                          
    C:\ti\ccsv7\tools\compiler\ti-cgt-msp430_17.6.0.STS\lib\rts430_eabi.lib
       copy_decompress_lzss.obj   124    0         0      
       autoinit.obj               110    0         0      
       cpy_tbl.obj                90     0         0      
       div32u.obj                 88     0         0      
       lsr16.obj                  76     0         0      
       lsl16.obj                  44     0         0      
       boot_special.obj           26     0         0      
       copy_zero_init.obj         20     0         0      
       mult16.obj                 20     0         0      
       copy_decompress_none.obj   18     0         0      
       memcpy.obj                 18     0         0      
       epilog.obj                 16     0         0      
       isr_trap.obj               8      0         0      
       exit.obj                   6      0         0      
       pre_init.obj               4      0         0      
       boot.obj                   0      2         0      
       int00.obj                  0      2         0      
       int02.obj                  0      2         0      
       int03.obj                  0      2         0      
       int05.obj                  0      2         0      
       int06.obj                  0      2         0      
       int07.obj                  0      2         0      
       int08.obj                  0      2         0      
       int09.obj                  0      2         0      
       int10.obj                  0      2         0      
       int11.obj                  0      2         0      
       int13.obj                  0      2         0      
       int14.obj                  0      2         0      
       startup.obj                2      0         0      
    +--+--------------------------+------+---------+---------+
       Total:                     670    26        0      
                                                          
       Stack:                     0      0         80     
       Linker Generated:          0      25        0      
    +--+--------------------------+------+---------+---------+
       Grand Total:               2456   249       90     


LINKER GENERATED COPY TABLES

__TI_cinit_table @ 0000ca6e records: 2, size/record: 4, table size: 8
	.data: load addr=0000ca5c, load size=00000007 bytes, run addr=00000200, run size=00000008 bytes, compression=lzss
	.bss: load addr=0000ca6a, load size=00000004 bytes, run addr=00000208, run size=00000002 bytes, compression=zero_init


LINKER GENERATED HANDLER TABLE

__TI_handler_table @ 0000ca64 records: 3, size/record: 2, table size: 6
	index: 0, handler: __TI_zero_init
	index: 1, handler: __TI_decompress_lzss
	index: 2, handler: __TI_decompress_none


GLOBAL SYMBOLS: SORTED ALPHABETICALLY BY Name 

address   name                    
-------   ----                    
0000004a  ADC10AE0                
000001b0  ADC10CTL0               
000001b2  ADC10CTL1               
00000048  ADC10DTC0               
00000049  ADC10DTC1               
000001b4  ADC10MEM                
000001bc  ADC10SA                 
00000057  BCSCTL1                 
00000058  BCSCTL2                 
00000053  BCSCTL3                 
0000c7ba  BCSplus_graceInit       
0000c98c  C$$EXIT                 
00000059  CACTL1                  
0000005a  CACTL2                  
000010fb  CALBC1_12MHZ            
000010f9  CALBC1_16MHZ            
000010ff  CALBC1_1MHZ             
000010fd  CALBC1_8MHZ             
000010fa  CALDCO_12MHZ            
000010f8  CALDCO_16MHZ            
000010fe  CALDCO_1MHZ             
000010fc  CALDCO_8MHZ             
0000005b  CAPD                    
00000056  DCOCTL                  
00000128  FCTL1                   
0000012a  FCTL2                   
0000012c  FCTL3                   
0000c6f8  GPIO_graceInit          
00000000  IE1                     
00000001  IE2                     
00000002  IFG1                    
00000003  IFG2                    
0000c3a0  LCD_4bit_send           
0000c924  LCD_clear_home          
0000c830  LCD_goto                
0000c18e  LCD_init                
0000c8a8  LCD_putstr              
0000c668  LCD_send                
00000022  P1DIR                   
00000025  P1IE                    
00000024  P1IES                   
00000023  P1IFG                   
00000020  P1IN                    
00000021  P1OUT                   
00000027  P1REN                   
00000026  P1SEL                   
00000041  P1SEL2                  
0000002a  P2DIR                   
0000002d  P2IE                    
0000002c  P2IES                   
0000002b  P2IFG                   
00000028  P2IN                    
00000029  P2OUT                   
0000002f  P2REN                   
0000002e  P2SEL                   
00000042  P2SEL2                  
0000001a  P3DIR                   
00000018  P3IN                    
00000019  P3OUT                   
00000010  P3REN                   
0000001b  P3SEL                   
00000043  P3SEL2                  
0000c852  PCF8574_init            
0000c80a  PCF8574_write           
0000c852  SW_I2C_init             
0000c736  SW_I2C_start            
0000c762  SW_I2C_stop             
0000c6b2  SW_I2C_wait_ACK         
0000c5c8  SW_I2C_write            
0000c872  System_graceInit        
00000172  TA0CCR0                 
00000174  TA0CCR1                 
00000176  TA0CCR2                 
00000162  TA0CCTL0                
00000164  TA0CCTL1                
00000166  TA0CCTL2                
00000160  TA0CTL                  
0000012e  TA0IV                   
00000170  TA0R                    
00000192  TA1CCR0                 
00000194  TA1CCR1                 
00000196  TA1CCR2                 
00000182  TA1CCTL0                
00000184  TA1CCTL1                
00000186  TA1CCTL2                
00000180  TA1CTL                  
0000011e  TA1IV                   
00000190  TA1R                    
0000c7e2  TIMER1_A1_ISR_HOOK      
000010db  TLV_ADC10_1_LEN         
000010da  TLV_ADC10_1_TAG         
000010c0  TLV_CHECKSUM            
000010f7  TLV_DCO_30_LEN          
000010f6  TLV_DCO_30_TAG          
0000c8c0  Timer0_A3_graceInit     
0000c8d4  Timer1_A3_graceInit     
0000005d  UCA0ABCTL               
00000062  UCA0BR0                 
00000063  UCA0BR1                 
00000060  UCA0CTL0                
00000061  UCA0CTL1                
0000005f  UCA0IRRCTL              
0000005e  UCA0IRTCTL              
00000064  UCA0MCTL                
00000066  UCA0RXBUF               
00000065  UCA0STAT                
00000067  UCA0TXBUF               
0000006a  UCB0BR0                 
0000006b  UCB0BR1                 
00000068  UCB0CTL0                
00000069  UCB0CTL1                
0000006c  UCB0I2CIE               
00000118  UCB0I2COA               
0000011a  UCB0I2CSA               
0000006e  UCB0RXBUF               
0000006d  UCB0STAT                
0000006f  UCB0TXBUF               
00000120  WDTCTL                  
0000c97c  WDTplus_graceInit       
00000400  __STACK_END             
00000050  __STACK_SIZE            
UNDEFED   __TI_BINIT_Base         
UNDEFED   __TI_BINIT_Limit        
0000ca6e  __TI_CINIT_Base         
0000ca76  __TI_CINIT_Limit        
0000ca64  __TI_Handler_Table_Base 
0000ca6a  __TI_Handler_Table_Limit
UNDEFED   __TI_INITARRAY_Base     
UNDEFED   __TI_INITARRAY_Limit    
0000c984  __TI_ISR_TRAP           
0000c42c  __TI_decompress_lzss    
0000c936  __TI_decompress_none    
0000ffe0  __TI_int00              
0000ffe4  __TI_int02              
0000ffe6  __TI_int03              
0000ffea  __TI_int05              
0000ffec  __TI_int06              
0000ffee  __TI_int07              
0000fff0  __TI_int08              
0000fff2  __TI_int09              
0000fff4  __TI_int10              
0000fff6  __TI_int11              
0000fff8  __TI_int12              
0000fffa  __TI_int13              
0000fffc  __TI_int14              
ffffffff  __TI_pprof_out_hndl     
ffffffff  __TI_prof_data_size     
ffffffff  __TI_prof_data_start    
0000c8e8  __TI_zero_init          
ffffffff  __c_args__              
0000c570  __mspabi_divul          
0000c978  __mspabi_func_epilog_1  
0000c976  __mspabi_func_epilog_2  
0000c974  __mspabi_func_epilog_3  
0000c972  __mspabi_func_epilog_4  
0000c970  __mspabi_func_epilog_5  
0000c96e  __mspabi_func_epilog_6  
0000c96c  __mspabi_func_epilog_7  
0000c910  __mspabi_mpyi           
0000c910  __mspabi_mpyi_sw        
0000c570  __mspabi_remul          
0000c78e  __mspabi_slli           
0000c7b6  __mspabi_slli_1         
0000c7a4  __mspabi_slli_10        
0000c7a2  __mspabi_slli_11        
0000c7a0  __mspabi_slli_12        
0000c79e  __mspabi_slli_13        
0000c79c  __mspabi_slli_14        
0000c79a  __mspabi_slli_15        
0000c7b4  __mspabi_slli_2         
0000c7b2  __mspabi_slli_3         
0000c7b0  __mspabi_slli_4         
0000c7ae  __mspabi_slli_5         
0000c7ac  __mspabi_slli_6         
0000c7aa  __mspabi_slli_7         
0000c7a8  __mspabi_slli_8         
0000c7a6  __mspabi_slli_9         
0000c61c  __mspabi_srli           
0000c662  __mspabi_srli_1         
0000c63e  __mspabi_srli_10        
0000c63a  __mspabi_srli_11        
0000c636  __mspabi_srli_12        
0000c632  __mspabi_srli_13        
0000c62e  __mspabi_srli_14        
0000c62a  __mspabi_srli_15        
0000c65e  __mspabi_srli_2         
0000c65a  __mspabi_srli_3         
0000c656  __mspabi_srli_4         
0000c652  __mspabi_srli_5         
0000c64e  __mspabi_srli_6         
0000c64a  __mspabi_srli_7         
0000c646  __mspabi_srli_8         
0000c642  __mspabi_srli_9         
0000c4a8  _auto_init              
0000c88e  _c_int00_noargs_noexit  
0000fffe  _reset_vector           
000003b0  _stack                  
0000c996  _system_post_cinit      
0000c992  _system_pre_init        
0000c98c  abort                   
00000208  bl_state                
0000c516  copy_in                 
00000209  data_value              
0000c8fc  delay_ms                
0000c948  delay_us                
00000206  end_time                
0000c2b2  lcd_print               
0000c000  main                    
0000c95a  memcpy                  
00000200  overflow_count          
00000202  pulse_ticks             
00000204  start_time              


GLOBAL SYMBOLS: SORTED BY Symbol Address 

address   name                    
-------   ----                    
00000000  IE1                     
00000001  IE2                     
00000002  IFG1                    
00000003  IFG2                    
00000010  P3REN                   
00000018  P3IN                    
00000019  P3OUT                   
0000001a  P3DIR                   
0000001b  P3SEL                   
00000020  P1IN                    
00000021  P1OUT                   
00000022  P1DIR                   
00000023  P1IFG                   
00000024  P1IES                   
00000025  P1IE                    
00000026  P1SEL                   
00000027  P1REN                   
00000028  P2IN                    
00000029  P2OUT                   
0000002a  P2DIR                   
0000002b  P2IFG                   
0000002c  P2IES                   
0000002d  P2IE                    
0000002e  P2SEL                   
0000002f  P2REN                   
00000041  P1SEL2                  
00000042  P2SEL2                  
00000043  P3SEL2                  
00000048  ADC10DTC0               
00000049  ADC10DTC1               
0000004a  ADC10AE0                
00000050  __STACK_SIZE            
00000053  BCSCTL3                 
00000056  DCOCTL                  
00000057  BCSCTL1                 
00000058  BCSCTL2                 
00000059  CACTL1                  
0000005a  CACTL2                  
0000005b  CAPD                    
0000005d  UCA0ABCTL               
0000005e  UCA0IRTCTL              
0000005f  UCA0IRRCTL              
00000060  UCA0CTL0                
00000061  UCA0CTL1                
00000062  UCA0BR0                 
00000063  UCA0BR1                 
00000064  UCA0MCTL                
00000065  UCA0STAT                
00000066  UCA0RXBUF               
00000067  UCA0TXBUF               
00000068  UCB0CTL0                
00000069  UCB0CTL1                
0000006a  UCB0BR0                 
0000006b  UCB0BR1                 
0000006c  UCB0I2CIE               
0000006d  UCB0STAT                
0000006e  UCB0RXBUF               
0000006f  UCB0TXBUF               
00000118  UCB0I2COA               
0000011a  UCB0I2CSA               
0000011e  TA1IV                   
00000120  WDTCTL                  
00000128  FCTL1                   
0000012a  FCTL2                   
0000012c  FCTL3                   
0000012e  TA0IV                   
00000160  TA0CTL                  
00000162  TA0CCTL0                
00000164  TA0CCTL1                
00000166  TA0CCTL2                
00000170  TA0R                    
00000172  TA0CCR0                 
00000174  TA0CCR1                 
00000176  TA0CCR2                 
00000180  TA1CTL                  
00000182  TA1CCTL0                
00000184  TA1CCTL1                
00000186  TA1CCTL2                
00000190  TA1R                    
00000192  TA1CCR0                 
00000194  TA1CCR1                 
00000196  TA1CCR2                 
000001b0  ADC10CTL0               
000001b2  ADC10CTL1               
000001b4  ADC10MEM                
000001bc  ADC10SA                 
00000200  overflow_count          
00000202  pulse_ticks             
00000204  start_time              
00000206  end_time                
00000208  bl_state                
00000209  data_value              
000003b0  _stack                  
00000400  __STACK_END             
000010c0  TLV_CHECKSUM            
000010da  TLV_ADC10_1_TAG         
000010db  TLV_ADC10_1_LEN         
000010f6  TLV_DCO_30_TAG          
000010f7  TLV_DCO_30_LEN          
000010f8  CALDCO_16MHZ            
000010f9  CALBC1_16MHZ            
000010fa  CALDCO_12MHZ            
000010fb  CALBC1_12MHZ            
000010fc  CALDCO_8MHZ             
000010fd  CALBC1_8MHZ             
000010fe  CALDCO_1MHZ             
000010ff  CALBC1_1MHZ             
0000c000  main                    
0000c18e  LCD_init                
0000c2b2  lcd_print               
0000c3a0  LCD_4bit_send           
0000c42c  __TI_decompress_lzss    
0000c4a8  _auto_init              
0000c516  copy_in                 
0000c570  __mspabi_divul          
0000c570  __mspabi_remul          
0000c5c8  SW_I2C_write            
0000c61c  __mspabi_srli           
0000c62a  __mspabi_srli_15        
0000c62e  __mspabi_srli_14        
0000c632  __mspabi_srli_13        
0000c636  __mspabi_srli_12        
0000c63a  __mspabi_srli_11        
0000c63e  __mspabi_srli_10        
0000c642  __mspabi_srli_9         
0000c646  __mspabi_srli_8         
0000c64a  __mspabi_srli_7         
0000c64e  __mspabi_srli_6         
0000c652  __mspabi_srli_5         
0000c656  __mspabi_srli_4         
0000c65a  __mspabi_srli_3         
0000c65e  __mspabi_srli_2         
0000c662  __mspabi_srli_1         
0000c668  LCD_send                
0000c6b2  SW_I2C_wait_ACK         
0000c6f8  GPIO_graceInit          
0000c736  SW_I2C_start            
0000c762  SW_I2C_stop             
0000c78e  __mspabi_slli           
0000c79a  __mspabi_slli_15        
0000c79c  __mspabi_slli_14        
0000c79e  __mspabi_slli_13        
0000c7a0  __mspabi_slli_12        
0000c7a2  __mspabi_slli_11        
0000c7a4  __mspabi_slli_10        
0000c7a6  __mspabi_slli_9         
0000c7a8  __mspabi_slli_8         
0000c7aa  __mspabi_slli_7         
0000c7ac  __mspabi_slli_6         
0000c7ae  __mspabi_slli_5         
0000c7b0  __mspabi_slli_4         
0000c7b2  __mspabi_slli_3         
0000c7b4  __mspabi_slli_2         
0000c7b6  __mspabi_slli_1         
0000c7ba  BCSplus_graceInit       
0000c7e2  TIMER1_A1_ISR_HOOK      
0000c80a  PCF8574_write           
0000c830  LCD_goto                
0000c852  PCF8574_init            
0000c852  SW_I2C_init             
0000c872  System_graceInit        
0000c88e  _c_int00_noargs_noexit  
0000c8a8  LCD_putstr              
0000c8c0  Timer0_A3_graceInit     
0000c8d4  Timer1_A3_graceInit     
0000c8e8  __TI_zero_init          
0000c8fc  delay_ms                
0000c910  __mspabi_mpyi           
0000c910  __mspabi_mpyi_sw        
0000c924  LCD_clear_home          
0000c936  __TI_decompress_none    
0000c948  delay_us                
0000c95a  memcpy                  
0000c96c  __mspabi_func_epilog_7  
0000c96e  __mspabi_func_epilog_6  
0000c970  __mspabi_func_epilog_5  
0000c972  __mspabi_func_epilog_4  
0000c974  __mspabi_func_epilog_3  
0000c976  __mspabi_func_epilog_2  
0000c978  __mspabi_func_epilog_1  
0000c97c  WDTplus_graceInit       
0000c984  __TI_ISR_TRAP           
0000c98c  C$$EXIT                 
0000c98c  abort                   
0000c992  _system_pre_init        
0000c996  _system_post_cinit      
0000ca64  __TI_Handler_Table_Base 
0000ca6a  __TI_Handler_Table_Limit
0000ca6e  __TI_CINIT_Base         
0000ca76  __TI_CINIT_Limit        
0000ffe0  __TI_int00              
0000ffe4  __TI_int02              
0000ffe6  __TI_int03              
0000ffea  __TI_int05              
0000ffec  __TI_int06              
0000ffee  __TI_int07              
0000fff0  __TI_int08              
0000fff2  __TI_int09              
0000fff4  __TI_int10              
0000fff6  __TI_int11              
0000fff8  __TI_int12              
0000fffa  __TI_int13              
0000fffc  __TI_int14              
0000fffe  _reset_vector           
ffffffff  __TI_pprof_out_hndl     
ffffffff  __TI_prof_data_size     
ffffffff  __TI_prof_data_start    
ffffffff  __c_args__              
UNDEFED   __TI_BINIT_Base         
UNDEFED   __TI_BINIT_Limit        
UNDEFED   __TI_INITARRAY_Base     
UNDEFED   __TI_INITARRAY_Limit    

[212 symbols]
