******************************************************************************
                  MSP430 Linker PC v17.6.0                     
******************************************************************************
>> Linked Tue Jan 30 11:15:25 2018

OUTPUT FILE NAME:   <OW_DHT22.out>
ENTRY POINT SYMBOL: "_c_int00_noargs_noexit"  address: 0000fc78


MEMORY CONFIGURATION

         name            origin    length      used     unused   attr    fill
----------------------  --------  ---------  --------  --------  ----  --------
  SFR                   00000000   00000010  00000000  00000010  RWIX
  PERIPHERALS_8BIT      00000010   000000f0  00000000  000000f0  RWIX
  PERIPHERALS_16BIT     00000100   00000100  00000000  00000100  RWIX
  RAM                   00000200   00000100  00000058  000000a8  RWIX
  INFOD                 00001000   00000040  00000000  00000040  RWIX
  INFOC                 00001040   00000040  00000000  00000040  RWIX
  INFOB                 00001080   00000040  00000000  00000040  RWIX
  INFOA                 000010c0   00000040  00000000  00000040  RWIX
  FLASH                 0000e000   00001fe0  00001e3d  000001a3  RWIX
  INT00                 0000ffe0   00000002  00000000  00000002  RWIX
  INT01                 0000ffe2   00000002  00000000  00000002  RWIX
  INT02                 0000ffe4   00000002  00000002  00000000  RWIX
  INT03                 0000ffe6   00000002  00000002  00000000  RWIX
  INT04                 0000ffe8   00000002  00000002  00000000  RWIX
  INT05                 0000ffea   00000002  00000002  00000000  RWIX
  INT06                 0000ffec   00000002  00000000  00000002  RWIX
  INT07                 0000ffee   00000002  00000000  00000002  RWIX
  INT08                 0000fff0   00000002  00000002  00000000  RWIX
  INT09                 0000fff2   00000002  00000002  00000000  RWIX
  INT10                 0000fff4   00000002  00000002  00000000  RWIX
  INT11                 0000fff6   00000002  00000002  00000000  RWIX
  INT12                 0000fff8   00000002  00000000  00000002  RWIX
  INT13                 0000fffa   00000002  00000000  00000002  RWIX
  INT14                 0000fffc   00000002  00000002  00000000  RWIX
  RESET                 0000fffe   00000002  00000002  00000000  RWIX


SECTION ALLOCATION MAP

 output                                  attributes/
section   page    origin      length       input sections
--------  ----  ----------  ----------   ----------------
.bss       0    00000200    00000008     UNINITIALIZED
                  00000200    00000006     (.common:values)
                  00000206    00000002     lcd.obj (.bss)

.stack     0    000002b0    00000050     UNINITIALIZED
                  000002b0    00000002     rts430_eabi.lib : boot.obj (.stack)
                  000002b2    0000004e     --HOLE--

.text      0    0000e000    00001dbe     
                  0000e000    000002fa     rts430_eabi.lib : addd.obj (.text:__mspabi_addd)
                  0000e2fa    000002ae     main.obj (.text:print_I)
                  0000e5a8    00000286     rts430_eabi.lib : frcmpyd.obj (.text:__TI_frcmpyd)
                  0000e82e    0000026e                     : mpyd.obj (.text:__mspabi_mpyd)
                  0000ea9c    00000260                     : frcaddd.obj (.text:__TI_frcaddd)
                  0000ecfc    000001a0     main.obj (.text:print_F)
                  0000ee9c    0000018c     main.obj (.text:main)
                  0000f028    00000132     rts430_eabi.lib : fs_add.obj (.text)
                  0000f15a    000000c4                     : fs_mpy.obj (.text)
                  0000f21e    000000be                     : renormd.obj (.text:__TI_renormd)
                  0000f2dc    0000009c     DHT22.obj (.text:DHT22_get_data)
                  0000f378    0000008c     rts430_eabi.lib : cvtdf.obj (.text:__mspabi_cvtdf)
                  0000f404    0000008a                     : fltuld.obj (.text:__mspabi_fltuld)
                  0000f48e    0000007e     main.obj (.text:print_D)
                  0000f50c    0000007e     rts430_eabi.lib : fs_tol.obj (.text)
                  0000f58a    0000006e                     : autoinit.obj (.text:_auto_init)
                  0000f5f8    00000060     lcd.obj (.text:LCD_init)
                  0000f658    0000005c     rts430_eabi.lib : lsr32.obj (.text:l_lsr_const)
                  0000f6b4    0000005a                     : cpy_tbl.obj (.text:copy_in)
                  0000f70e    00000058                     : div32u.obj (.text)
                  0000f766    00000054     SW_I2C.obj (.text:SW_I2C_write)
                  0000f7ba    0000004c     rts430_eabi.lib : lsr16.obj (.text)
                  0000f806    0000004a                     : fs_cmp.obj (.text)
                  0000f850    0000004a                     : fs_ltof.obj (.text)
                  0000f89a    00000048     lcd.obj (.text:LCD_4bit_send)
                  0000f8e2    00000048     lcd.obj (.text:LCD_send)
                  0000f92a    00000040     rts430_eabi.lib : div32s.obj (.text)
                  0000f96a    0000003e                     : asr32.obj (.text:l_asr_const)
                  0000f9a8    0000003e                     : lsl32.obj (.text:l_lsl_const)
                  0000f9e6    00000038     DHT22.obj (.text:DHT22_get_byte)
                  0000fa1e    00000038     SW_I2C.obj (.text:SW_I2C_ACK_NACK)
                  0000fa56    00000032     main.obj (.text:BCSplus_graceInit)
                  0000fa88    00000032     main.obj (.text:lcd_symbol)
                  0000faba    0000002c     SW_I2C.obj (.text:SW_I2C_start)
                  0000fae6    0000002c     SW_I2C.obj (.text:SW_I2C_stop)
                  0000fb12    0000002c     rts430_eabi.lib : asr16.obj (.text)
                  0000fb3e    0000002c                     : div16s.obj (.text)
                  0000fb6a    0000002c                     : lsl16.obj (.text)
                  0000fb96    0000002a     PCF8574.obj (.text:PCF8574_write)
                  0000fbc0    00000028     main.obj (.text:GPIO_graceInit)
                  0000fbe8    00000028     lcd.obj (.text:LCD_toggle_EN)
                  0000fc10    00000026     rts430_eabi.lib : mult32.obj (.text)
                  0000fc36    00000022     lcd.obj (.text:LCD_goto)
                  0000fc58    00000020     SW_I2C.obj (.text:SW_I2C_init)
                  0000fc78    0000001a     rts430_eabi.lib : boot_special.obj (.text:_c_int00_noargs_noexit)
                  0000fc92    00000016                     : div16u.obj (.text)
                  0000fca8    00000014     lcd.obj (.text:LCD_putchar)
                  0000fcbc    00000014     lcd.obj (.text:LCD_putstr)
                  0000fcd0    00000014     rts430_eabi.lib : copy_zero_init.obj (.text:decompress:ZI:__TI_zero_init)
                  0000fce4    00000014     delay.obj (.text:delay_ms)
                  0000fcf8    00000014     rts430_eabi.lib : mult16.obj (.text)
                  0000fd0c    00000012     delay.obj (.text:delay_us)
                  0000fd1e    00000012     rts430_eabi.lib : lsr32.obj (.text:l_lsr)
                  0000fd30    00000012                     : memcpy.obj (.text:memcpy)
                  0000fd42    00000010                     : asr32.obj (.text:l_asr)
                  0000fd52    00000010                     : lsl32.obj (.text:l_lsl)
                  0000fd62    00000010                     : epilog.obj (.text)
                  0000fd72    0000000e     DHT22.obj (.text:DHT22_init)
                  0000fd80    0000000e     PCF8574.obj (.text:PCF8574_init)
                  0000fd8e    0000000a     rts430_eabi.lib : fs_neg.obj (.text)
                  0000fd98    00000008     main.obj (.text:WDTplus_graceInit)
                  0000fda0    00000008     rts430_eabi.lib : isr_trap.obj (.text:_isr:__TI_ISR_TRAP)
                  0000fda8    00000006                     : fltud.obj (.text:__mspabi_fltud)
                  0000fdae    00000006                     : exit.obj (.text:abort)
                  0000fdb4    00000004     main.obj (.text:System_graceInit)
                  0000fdb8    00000004     rts430_eabi.lib : pre_init.obj (.text:_system_pre_init)
                  0000fdbc    00000002                     : startup.obj (.text:_system_post_cinit)

.const     0    0000fdbe    00000075     
                  0000fdbe    00000060     main.obj (.const:.string)
                  0000fe1e    00000008     main.obj (.const:.string:symbol)
                  0000fe26    00000007     main.obj (.const:.string:$P$T1$2)
                  0000fe2d    00000001     --HOLE-- [fill = 0]
                  0000fe2e    00000005     main.obj (.const:.string:$P$T2$3)

.cinit     0    0000fe34    0000000a     
                  0000fe34    00000004     (.cinit..bss.load) [load image, compression = zero_init]
                  0000fe38    00000002     (__TI_handler_table)
                  0000fe3a    00000004     (__TI_cinit_table)

.binit     0    0000e000    00000000     

.init_array 
*          0    0000e000    00000000     UNINITIALIZED

PORT1      0    0000ffe4    00000002     
                  0000ffe4    00000002     rts430_eabi.lib : int02.obj (.int02)

PORT2      0    0000ffe6    00000002     
                  0000ffe6    00000002     rts430_eabi.lib : int03.obj (.int03)

USI        0    0000ffe8    00000002     
                  0000ffe8    00000002     rts430_eabi.lib : int04.obj (.int04)

ADC10      0    0000ffea    00000002     
                  0000ffea    00000002     rts430_eabi.lib : int05.obj (.int05)

TIMER0_A1 
*          0    0000fff0    00000002     
                  0000fff0    00000002     rts430_eabi.lib : int08.obj (.int08)

TIMER0_A0 
*          0    0000fff2    00000002     
                  0000fff2    00000002     rts430_eabi.lib : int09.obj (.int09)

WDT        0    0000fff4    00000002     
                  0000fff4    00000002     rts430_eabi.lib : int10.obj (.int10)

COMPARATORA 
*          0    0000fff6    00000002     
                  0000fff6    00000002     rts430_eabi.lib : int11.obj (.int11)

NMI        0    0000fffc    00000002     
                  0000fffc    00000002     rts430_eabi.lib : int14.obj (.int14)

.reset     0    0000fffe    00000002     
                  0000fffe    00000002     rts430_eabi.lib : boot.obj (.reset)

MODULE SUMMARY

       Module               code   ro data   rw data
       ------               ----   -------   -------
    .\
       main.obj             1776   116       0      
    +--+--------------------+------+---------+---------+
       Total:               1776   116       0      
                                                    
    .\Libraries\
       lcd.obj              354    0         2      
       SW_I2C.obj           260    0         0      
       DHT22.obj            226    0         6      
       PCF8574.obj          56     0         0      
       delay.obj            38     0         0      
    +--+--------------------+------+---------+---------+
       Total:               934    0         8      
                                                    
    C:\ti\ccsv7\tools\compiler\ti-cgt-msp430_17.6.0.STS\lib\rts430_eabi.lib
       addd.obj             762    0         0      
       frcmpyd.obj          646    0         0      
       mpyd.obj             622    0         0      
       frcaddd.obj          608    0         0      
       fs_add.obj           306    0         0      
       fs_mpy.obj           196    0         0      
       renormd.obj          190    0         0      
       cvtdf.obj            140    0         0      
       fltuld.obj           138    0         0      
       fs_tol.obj           126    0         0      
       autoinit.obj         110    0         0      
       lsr32.obj            110    0         0      
       cpy_tbl.obj          90     0         0      
       div32u.obj           88     0         0      
       asr32.obj            78     0         0      
       lsl32.obj            78     0         0      
       lsr16.obj            76     0         0      
       fs_cmp.obj           74     0         0      
       fs_ltof.obj          74     0         0      
       div32s.obj           64     0         0      
       asr16.obj            44     0         0      
       div16s.obj           44     0         0      
       lsl16.obj            44     0         0      
       mult32.obj           38     0         0      
       boot_special.obj     26     0         0      
       div16u.obj           22     0         0      
       copy_zero_init.obj   20     0         0      
       mult16.obj           20     0         0      
       memcpy.obj           18     0         0      
       epilog.obj           16     0         0      
       fs_neg.obj           10     0         0      
       isr_trap.obj         8      0         0      
       exit.obj             6      0         0      
       fltud.obj            6      0         0      
       pre_init.obj         4      0         0      
       boot.obj             0      2         0      
       int02.obj            0      2         0      
       int03.obj            0      2         0      
       int04.obj            0      2         0      
       int05.obj            0      2         0      
       int08.obj            0      2         0      
       int09.obj            0      2         0      
       int10.obj            0      2         0      
       int11.obj            0      2         0      
       int14.obj            0      2         0      
       startup.obj          2      0         0      
    +--+--------------------+------+---------+---------+
       Total:               4904   20        0      
                                                    
       Stack:               0      0         80     
       Linker Generated:    0      10        0      
    +--+--------------------+------+---------+---------+
       Grand Total:         7614   146       88     


LINKER GENERATED COPY TABLES

__TI_cinit_table @ 0000fe3a records: 1, size/record: 4, table size: 4
	.bss: load addr=0000fe34, load size=00000004 bytes, run addr=00000200, run size=00000008 bytes, compression=zero_init


LINKER GENERATED HANDLER TABLE

__TI_handler_table @ 0000fe38 records: 1, size/record: 2, table size: 2
	index: 0, handler: __TI_zero_init


GLOBAL SYMBOLS: SORTED ALPHABETICALLY BY Name 

address   name                    
-------   ----                    
0000004a  ADC10AE0                
000001b0  ADC10CTL0               
000001b2  ADC10CTL1               
00000048  ADC10DTC0               
00000049  ADC10DTC1               
000001b4  ADC10MEM                
000001bc  ADC10SA                 
00000057  BCSCTL1                 
00000058  BCSCTL2                 
00000053  BCSCTL3                 
0000fa56  BCSplus_graceInit       
0000fdae  C$$EXIT                 
00000059  CACTL1                  
0000005a  CACTL2                  
000010fb  CALBC1_12MHZ            
000010f9  CALBC1_16MHZ            
000010ff  CALBC1_1MHZ             
000010fd  CALBC1_8MHZ             
000010fa  CALDCO_12MHZ            
000010f8  CALDCO_16MHZ            
000010fe  CALDCO_1MHZ             
000010fc  CALDCO_8MHZ             
0000005b  CAPD                    
00000056  DCOCTL                  
0000f9e6  DHT22_get_byte          
0000f2dc  DHT22_get_data          
0000fd72  DHT22_init              
00000128  FCTL1                   
0000012a  FCTL2                   
0000012c  FCTL3                   
0000fbc0  GPIO_graceInit          
00000000  IE1                     
00000002  IFG1                    
0000f89a  LCD_4bit_send           
0000fc36  LCD_goto                
0000f5f8  LCD_init                
0000fca8  LCD_putchar             
0000fcbc  LCD_putstr              
0000f8e2  LCD_send                
0000fbe8  LCD_toggle_EN           
00000022  P1DIR                   
00000025  P1IE                    
00000024  P1IES                   
00000023  P1IFG                   
00000020  P1IN                    
00000021  P1OUT                   
00000027  P1REN                   
00000026  P1SEL                   
00000041  P1SEL2                  
0000002a  P2DIR                   
0000002d  P2IE                    
0000002c  P2IES                   
0000002b  P2IFG                   
00000028  P2IN                    
00000029  P2OUT                   
0000002f  P2REN                   
0000002e  P2SEL                   
00000042  P2SEL2                  
0000fd80  PCF8574_init            
0000fb96  PCF8574_write           
0000fa1e  SW_I2C_ACK_NACK         
0000fc58  SW_I2C_init             
0000faba  SW_I2C_start            
0000fae6  SW_I2C_stop             
0000f766  SW_I2C_write            
0000fdb4  System_graceInit        
00000172  TA0CCR0                 
00000174  TA0CCR1                 
00000176  TA0CCR2                 
00000162  TA0CCTL0                
00000164  TA0CCTL1                
00000166  TA0CCTL2                
00000160  TA0CTL                  
0000012e  TA0IV                   
00000170  TA0R                    
000010db  TLV_ADC10_1_LEN         
000010da  TLV_ADC10_1_TAG         
000010c0  TLV_CHECKSUM            
000010f7  TLV_DCO_30_LEN          
000010f6  TLV_DCO_30_TAG          
0000007a  USICCTL                 
0000007a  USICKCTL                
0000007b  USICNT                  
00000078  USICTL                  
00000078  USICTL0                 
00000079  USICTL1                 
0000007c  USISR                   
0000007d  USISRH                  
0000007c  USISRL                  
00000120  WDTCTL                  
0000fd98  WDTplus_graceInit       
00000300  __STACK_END             
00000050  __STACK_SIZE            
UNDEFED   __TI_BINIT_Base         
UNDEFED   __TI_BINIT_Limit        
0000fe3a  __TI_CINIT_Base         
0000fe3e  __TI_CINIT_Limit        
0000fe38  __TI_Handler_Table_Base 
0000fe3a  __TI_Handler_Table_Limit
UNDEFED   __TI_INITARRAY_Base     
UNDEFED   __TI_INITARRAY_Limit    
0000fda0  __TI_ISR_TRAP           
0000ea9c  __TI_frcaddd            
0000e5a8  __TI_frcmpyd            
0000ffe4  __TI_int02              
0000ffe6  __TI_int03              
0000ffe8  __TI_int04              
0000ffea  __TI_int05              
0000fff0  __TI_int08              
0000fff2  __TI_int09              
0000fff4  __TI_int10              
0000fff6  __TI_int11              
0000fffc  __TI_int14              
ffffffff  __TI_pprof_out_hndl     
ffffffff  __TI_prof_data_size     
ffffffff  __TI_prof_data_start    
0000f21e  __TI_renormd            
0000fcd0  __TI_zero_init          
ffffffff  __c_args__              
0000e000  __mspabi_addd           
0000f02e  __mspabi_addf           
0000f806  __mspabi_cmpf           
0000f378  __mspabi_cvtdf          
0000fb3e  __mspabi_divi           
0000f92a  __mspabi_divli          
0000fc92  __mspabi_divu           
0000f70e  __mspabi_divul          
0000f50c  __mspabi_fixfli         
0000f850  __mspabi_fltlif         
0000fda8  __mspabi_fltud          
0000f404  __mspabi_fltuld         
0000fd6e  __mspabi_func_epilog_1  
0000fd6c  __mspabi_func_epilog_2  
0000fd6a  __mspabi_func_epilog_3  
0000fd68  __mspabi_func_epilog_4  
0000fd66  __mspabi_func_epilog_5  
0000fd64  __mspabi_func_epilog_6  
0000fd62  __mspabi_func_epilog_7  
0000e82e  __mspabi_mpyd           
0000f15a  __mspabi_mpyf           
0000fcf8  __mspabi_mpyi           
0000fcf8  __mspabi_mpyi_sw        
0000fc10  __mspabi_mpyl           
0000fc10  __mspabi_mpyl_sw        
0000fd8e  __mspabi_negf           
0000fb3e  __mspabi_remi           
0000f92a  __mspabi_remli          
0000fc92  __mspabi_remu           
0000f70e  __mspabi_remul          
0000fb6a  __mspabi_slli           
0000fb92  __mspabi_slli_1         
0000fb80  __mspabi_slli_10        
0000fb7e  __mspabi_slli_11        
0000fb7c  __mspabi_slli_12        
0000fb7a  __mspabi_slli_13        
0000fb78  __mspabi_slli_14        
0000fb76  __mspabi_slli_15        
0000fb90  __mspabi_slli_2         
0000fb8e  __mspabi_slli_3         
0000fb8c  __mspabi_slli_4         
0000fb8a  __mspabi_slli_5         
0000fb88  __mspabi_slli_6         
0000fb86  __mspabi_slli_7         
0000fb84  __mspabi_slli_8         
0000fb82  __mspabi_slli_9         
0000fd52  __mspabi_slll           
0000f9e0  __mspabi_slll_1         
0000f9bc  __mspabi_slll_10        
0000f9b8  __mspabi_slll_11        
0000f9b4  __mspabi_slll_12        
0000f9b0  __mspabi_slll_13        
0000f9ac  __mspabi_slll_14        
0000f9a8  __mspabi_slll_15        
0000f9dc  __mspabi_slll_2         
0000f9d8  __mspabi_slll_3         
0000f9d4  __mspabi_slll_4         
0000f9d0  __mspabi_slll_5         
0000f9cc  __mspabi_slll_6         
0000f9c8  __mspabi_slll_7         
0000f9c4  __mspabi_slll_8         
0000f9c0  __mspabi_slll_9         
0000fb12  __mspabi_srai           
0000fb3a  __mspabi_srai_1         
0000fb28  __mspabi_srai_10        
0000fb26  __mspabi_srai_11        
0000fb24  __mspabi_srai_12        
0000fb22  __mspabi_srai_13        
0000fb20  __mspabi_srai_14        
0000fb1e  __mspabi_srai_15        
0000fb38  __mspabi_srai_2         
0000fb36  __mspabi_srai_3         
0000fb34  __mspabi_srai_4         
0000fb32  __mspabi_srai_5         
0000fb30  __mspabi_srai_6         
0000fb2e  __mspabi_srai_7         
0000fb2c  __mspabi_srai_8         
0000fb2a  __mspabi_srai_9         
0000fd42  __mspabi_sral           
0000f9a2  __mspabi_sral_1         
0000f97e  __mspabi_sral_10        
0000f97a  __mspabi_sral_11        
0000f976  __mspabi_sral_12        
0000f972  __mspabi_sral_13        
0000f96e  __mspabi_sral_14        
0000f96a  __mspabi_sral_15        
0000f99e  __mspabi_sral_2         
0000f99a  __mspabi_sral_3         
0000f996  __mspabi_sral_4         
0000f992  __mspabi_sral_5         
0000f98e  __mspabi_sral_6         
0000f98a  __mspabi_sral_7         
0000f986  __mspabi_sral_8         
0000f982  __mspabi_sral_9         
0000f7ba  __mspabi_srli           
0000f800  __mspabi_srli_1         
0000f7dc  __mspabi_srli_10        
0000f7d8  __mspabi_srli_11        
0000f7d4  __mspabi_srli_12        
0000f7d0  __mspabi_srli_13        
0000f7cc  __mspabi_srli_14        
0000f7c8  __mspabi_srli_15        
0000f7fc  __mspabi_srli_2         
0000f7f8  __mspabi_srli_3         
0000f7f4  __mspabi_srli_4         
0000f7f0  __mspabi_srli_5         
0000f7ec  __mspabi_srli_6         
0000f7e8  __mspabi_srli_7         
0000f7e4  __mspabi_srli_8         
0000f7e0  __mspabi_srli_9         
0000fd1e  __mspabi_srll           
0000f6ac  __mspabi_srll_1         
0000f676  __mspabi_srll_10        
0000f670  __mspabi_srll_11        
0000f66a  __mspabi_srll_12        
0000f664  __mspabi_srll_13        
0000f65e  __mspabi_srll_14        
0000f658  __mspabi_srll_15        
0000f6a6  __mspabi_srll_2         
0000f6a0  __mspabi_srll_3         
0000f69a  __mspabi_srll_4         
0000f694  __mspabi_srll_5         
0000f68e  __mspabi_srll_6         
0000f688  __mspabi_srll_7         
0000f682  __mspabi_srll_8         
0000f67c  __mspabi_srll_9         
0000f028  __mspabi_subf           
0000f58a  _auto_init              
0000fc78  _c_int00_noargs_noexit  
0000fffe  _reset_vector           
000002b0  _stack                  
0000fdbc  _system_post_cinit      
0000fdb8  _system_pre_init        
0000fdae  abort                   
0000f6b4  copy_in                 
0000fce4  delay_ms                
0000fd0c  delay_us                
0000fa88  lcd_symbol              
0000ee9c  main                    
0000fd30  memcpy                  
0000f48e  print_D                 
0000ecfc  print_F                 
0000e2fa  print_I                 
0000fe1e  symbol                  
00000200  values                  


GLOBAL SYMBOLS: SORTED BY Symbol Address 

address   name                    
-------   ----                    
00000000  IE1                     
00000002  IFG1                    
00000020  P1IN                    
00000021  P1OUT                   
00000022  P1DIR                   
00000023  P1IFG                   
00000024  P1IES                   
00000025  P1IE                    
00000026  P1SEL                   
00000027  P1REN                   
00000028  P2IN                    
00000029  P2OUT                   
0000002a  P2DIR                   
0000002b  P2IFG                   
0000002c  P2IES                   
0000002d  P2IE                    
0000002e  P2SEL                   
0000002f  P2REN                   
00000041  P1SEL2                  
00000042  P2SEL2                  
00000048  ADC10DTC0               
00000049  ADC10DTC1               
0000004a  ADC10AE0                
00000050  __STACK_SIZE            
00000053  BCSCTL3                 
00000056  DCOCTL                  
00000057  BCSCTL1                 
00000058  BCSCTL2                 
00000059  CACTL1                  
0000005a  CACTL2                  
0000005b  CAPD                    
00000078  USICTL                  
00000078  USICTL0                 
00000079  USICTL1                 
0000007a  USICCTL                 
0000007a  USICKCTL                
0000007b  USICNT                  
0000007c  USISR                   
0000007c  USISRL                  
0000007d  USISRH                  
00000120  WDTCTL                  
00000128  FCTL1                   
0000012a  FCTL2                   
0000012c  FCTL3                   
0000012e  TA0IV                   
00000160  TA0CTL                  
00000162  TA0CCTL0                
00000164  TA0CCTL1                
00000166  TA0CCTL2                
00000170  TA0R                    
00000172  TA0CCR0                 
00000174  TA0CCR1                 
00000176  TA0CCR2                 
000001b0  ADC10CTL0               
000001b2  ADC10CTL1               
000001b4  ADC10MEM                
000001bc  ADC10SA                 
00000200  values                  
000002b0  _stack                  
00000300  __STACK_END             
000010c0  TLV_CHECKSUM            
000010da  TLV_ADC10_1_TAG         
000010db  TLV_ADC10_1_LEN         
000010f6  TLV_DCO_30_TAG          
000010f7  TLV_DCO_30_LEN          
000010f8  CALDCO_16MHZ            
000010f9  CALBC1_16MHZ            
000010fa  CALDCO_12MHZ            
000010fb  CALBC1_12MHZ            
000010fc  CALDCO_8MHZ             
000010fd  CALBC1_8MHZ             
000010fe  CALDCO_1MHZ             
000010ff  CALBC1_1MHZ             
0000e000  __mspabi_addd           
0000e2fa  print_I                 
0000e5a8  __TI_frcmpyd            
0000e82e  __mspabi_mpyd           
0000ea9c  __TI_frcaddd            
0000ecfc  print_F                 
0000ee9c  main                    
0000f028  __mspabi_subf           
0000f02e  __mspabi_addf           
0000f15a  __mspabi_mpyf           
0000f21e  __TI_renormd            
0000f2dc  DHT22_get_data          
0000f378  __mspabi_cvtdf          
0000f404  __mspabi_fltuld         
0000f48e  print_D                 
0000f50c  __mspabi_fixfli         
0000f58a  _auto_init              
0000f5f8  LCD_init                
0000f658  __mspabi_srll_15        
0000f65e  __mspabi_srll_14        
0000f664  __mspabi_srll_13        
0000f66a  __mspabi_srll_12        
0000f670  __mspabi_srll_11        
0000f676  __mspabi_srll_10        
0000f67c  __mspabi_srll_9         
0000f682  __mspabi_srll_8         
0000f688  __mspabi_srll_7         
0000f68e  __mspabi_srll_6         
0000f694  __mspabi_srll_5         
0000f69a  __mspabi_srll_4         
0000f6a0  __mspabi_srll_3         
0000f6a6  __mspabi_srll_2         
0000f6ac  __mspabi_srll_1         
0000f6b4  copy_in                 
0000f70e  __mspabi_divul          
0000f70e  __mspabi_remul          
0000f766  SW_I2C_write            
0000f7ba  __mspabi_srli           
0000f7c8  __mspabi_srli_15        
0000f7cc  __mspabi_srli_14        
0000f7d0  __mspabi_srli_13        
0000f7d4  __mspabi_srli_12        
0000f7d8  __mspabi_srli_11        
0000f7dc  __mspabi_srli_10        
0000f7e0  __mspabi_srli_9         
0000f7e4  __mspabi_srli_8         
0000f7e8  __mspabi_srli_7         
0000f7ec  __mspabi_srli_6         
0000f7f0  __mspabi_srli_5         
0000f7f4  __mspabi_srli_4         
0000f7f8  __mspabi_srli_3         
0000f7fc  __mspabi_srli_2         
0000f800  __mspabi_srli_1         
0000f806  __mspabi_cmpf           
0000f850  __mspabi_fltlif         
0000f89a  LCD_4bit_send           
0000f8e2  LCD_send                
0000f92a  __mspabi_divli          
0000f92a  __mspabi_remli          
0000f96a  __mspabi_sral_15        
0000f96e  __mspabi_sral_14        
0000f972  __mspabi_sral_13        
0000f976  __mspabi_sral_12        
0000f97a  __mspabi_sral_11        
0000f97e  __mspabi_sral_10        
0000f982  __mspabi_sral_9         
0000f986  __mspabi_sral_8         
0000f98a  __mspabi_sral_7         
0000f98e  __mspabi_sral_6         
0000f992  __mspabi_sral_5         
0000f996  __mspabi_sral_4         
0000f99a  __mspabi_sral_3         
0000f99e  __mspabi_sral_2         
0000f9a2  __mspabi_sral_1         
0000f9a8  __mspabi_slll_15        
0000f9ac  __mspabi_slll_14        
0000f9b0  __mspabi_slll_13        
0000f9b4  __mspabi_slll_12        
0000f9b8  __mspabi_slll_11        
0000f9bc  __mspabi_slll_10        
0000f9c0  __mspabi_slll_9         
0000f9c4  __mspabi_slll_8         
0000f9c8  __mspabi_slll_7         
0000f9cc  __mspabi_slll_6         
0000f9d0  __mspabi_slll_5         
0000f9d4  __mspabi_slll_4         
0000f9d8  __mspabi_slll_3         
0000f9dc  __mspabi_slll_2         
0000f9e0  __mspabi_slll_1         
0000f9e6  DHT22_get_byte          
0000fa1e  SW_I2C_ACK_NACK         
0000fa56  BCSplus_graceInit       
0000fa88  lcd_symbol              
0000faba  SW_I2C_start            
0000fae6  SW_I2C_stop             
0000fb12  __mspabi_srai           
0000fb1e  __mspabi_srai_15        
0000fb20  __mspabi_srai_14        
0000fb22  __mspabi_srai_13        
0000fb24  __mspabi_srai_12        
0000fb26  __mspabi_srai_11        
0000fb28  __mspabi_srai_10        
0000fb2a  __mspabi_srai_9         
0000fb2c  __mspabi_srai_8         
0000fb2e  __mspabi_srai_7         
0000fb30  __mspabi_srai_6         
0000fb32  __mspabi_srai_5         
0000fb34  __mspabi_srai_4         
0000fb36  __mspabi_srai_3         
0000fb38  __mspabi_srai_2         
0000fb3a  __mspabi_srai_1         
0000fb3e  __mspabi_divi           
0000fb3e  __mspabi_remi           
0000fb6a  __mspabi_slli           
0000fb76  __mspabi_slli_15        
0000fb78  __mspabi_slli_14        
0000fb7a  __mspabi_slli_13        
0000fb7c  __mspabi_slli_12        
0000fb7e  __mspabi_slli_11        
0000fb80  __mspabi_slli_10        
0000fb82  __mspabi_slli_9         
0000fb84  __mspabi_slli_8         
0000fb86  __mspabi_slli_7         
0000fb88  __mspabi_slli_6         
0000fb8a  __mspabi_slli_5         
0000fb8c  __mspabi_slli_4         
0000fb8e  __mspabi_slli_3         
0000fb90  __mspabi_slli_2         
0000fb92  __mspabi_slli_1         
0000fb96  PCF8574_write           
0000fbc0  GPIO_graceInit          
0000fbe8  LCD_toggle_EN           
0000fc10  __mspabi_mpyl           
0000fc10  __mspabi_mpyl_sw        
0000fc36  LCD_goto                
0000fc58  SW_I2C_init             
0000fc78  _c_int00_noargs_noexit  
0000fc92  __mspabi_divu           
0000fc92  __mspabi_remu           
0000fca8  LCD_putchar             
0000fcbc  LCD_putstr              
0000fcd0  __TI_zero_init          
0000fce4  delay_ms                
0000fcf8  __mspabi_mpyi           
0000fcf8  __mspabi_mpyi_sw        
0000fd0c  delay_us                
0000fd1e  __mspabi_srll           
0000fd30  memcpy                  
0000fd42  __mspabi_sral           
0000fd52  __mspabi_slll           
0000fd62  __mspabi_func_epilog_7  
0000fd64  __mspabi_func_epilog_6  
0000fd66  __mspabi_func_epilog_5  
0000fd68  __mspabi_func_epilog_4  
0000fd6a  __mspabi_func_epilog_3  
0000fd6c  __mspabi_func_epilog_2  
0000fd6e  __mspabi_func_epilog_1  
0000fd72  DHT22_init              
0000fd80  PCF8574_init            
0000fd8e  __mspabi_negf           
0000fd98  WDTplus_graceInit       
0000fda0  __TI_ISR_TRAP           
0000fda8  __mspabi_fltud          
0000fdae  C$$EXIT                 
0000fdae  abort                   
0000fdb4  System_graceInit        
0000fdb8  _system_pre_init        
0000fdbc  _system_post_cinit      
0000fe1e  symbol                  
0000fe38  __TI_Handler_Table_Base 
0000fe3a  __TI_CINIT_Base         
0000fe3a  __TI_Handler_Table_Limit
0000fe3e  __TI_CINIT_Limit        
0000ffe4  __TI_int02              
0000ffe6  __TI_int03              
0000ffe8  __TI_int04              
0000ffea  __TI_int05              
0000fff0  __TI_int08              
0000fff2  __TI_int09              
0000fff4  __TI_int10              
0000fff6  __TI_int11              
0000fffc  __TI_int14              
0000fffe  _reset_vector           
ffffffff  __TI_pprof_out_hndl     
ffffffff  __TI_prof_data_size     
ffffffff  __TI_prof_data_start    
ffffffff  __c_args__              
UNDEFED   __TI_BINIT_Base         
UNDEFED   __TI_BINIT_Limit        
UNDEFED   __TI_INITARRAY_Base     
UNDEFED   __TI_INITARRAY_Limit    

[264 symbols]
