******************************************************************************
                  MSP430 Linker PC v16.9.3                     
******************************************************************************
>> Linked Fri Feb 09 21:13:00 2018

OUTPUT FILE NAME:   <LCD_with_Software_SPI.out>
ENTRY POINT SYMBOL: "_c_int00_noargs_noexit"  address: 0000e4ea


MEMORY CONFIGURATION

         name            origin    length      used     unused   attr    fill
----------------------  --------  ---------  --------  --------  ----  --------
  SFR                   00000000   00000010  00000000  00000010  RWIX
  PERIPHERALS_8BIT      00000010   000000f0  00000000  000000f0  RWIX
  PERIPHERALS_16BIT     00000100   00000100  00000000  00000100  RWIX
  RAM                   00000200   00000100  00000051  000000af  RWIX
  INFOD                 00001000   00000040  00000000  00000040  RWIX
  INFOC                 00001040   00000040  00000000  00000040  RWIX
  INFOB                 00001080   00000040  00000000  00000040  RWIX
  INFOA                 000010c0   00000040  00000000  00000040  RWIX
  FLASH                 0000e000   00001fe0  00000633  000019ad  RWIX
  INT00                 0000ffe0   00000002  00000000  00000002  RWIX
  INT01                 0000ffe2   00000002  00000000  00000002  RWIX
  INT02                 0000ffe4   00000002  00000002  00000000  RWIX
  INT03                 0000ffe6   00000002  00000002  00000000  RWIX
  INT04                 0000ffe8   00000002  00000002  00000000  RWIX
  INT05                 0000ffea   00000002  00000002  00000000  RWIX
  INT06                 0000ffec   00000002  00000000  00000002  RWIX
  INT07                 0000ffee   00000002  00000000  00000002  RWIX
  INT08                 0000fff0   00000002  00000002  00000000  RWIX
  INT09                 0000fff2   00000002  00000002  00000000  RWIX
  INT10                 0000fff4   00000002  00000002  00000000  RWIX
  INT11                 0000fff6   00000002  00000002  00000000  RWIX
  INT12                 0000fff8   00000002  00000000  00000002  RWIX
  INT13                 0000fffa   00000002  00000000  00000002  RWIX
  INT14                 0000fffc   00000002  00000002  00000000  RWIX
  RESET                 0000fffe   00000002  00000002  00000000  RWIX


SECTION ALLOCATION MAP

 output                                  attributes/
section   page    origin      length       input sections
--------  ----  ----------  ----------   ----------------
.bss       0    00000200    00000001     UNINITIALIZED
                  00000200    00000001     (.common:data_value)

.stack     0    000002b0    00000050     UNINITIALIZED
                  000002b0    00000002     rts430_eabi.lib : boot.obj (.stack)
                  000002b2    0000004e     --HOLE--

.text      0    0000e000    000005f8     
                  0000e000    00000124     main.obj (.text:main)
                  0000e124    000000e2     lcd.obj (.text:LCD_init)
                  0000e206    00000078     lcd.obj (.text:LCD_4bit_send)
                  0000e27e    00000070     main.obj (.text:show_value)
                  0000e2ee    0000006e     rts430_eabi.lib : autoinit.obj (.text:_auto_init)
                  0000e35c    0000005a                     : cpy_tbl.obj (.text:copy_in)
                  0000e3b6    00000038     lcd.obj (.text:SIPO)
                  0000e3ee    00000032     main.obj (.text:BCSplus_graceInit)
                  0000e420    0000002c     rts430_eabi.lib : asr16.obj (.text)
                  0000e44c    0000002c                     : div16s.obj (.text)
                  0000e478    0000002c                     : lsl16.obj (.text)
                  0000e4a4    0000002a     main.obj (.text:GPIO_graceInit)
                  0000e4ce    0000001c     lcd.obj (.text:LCD_goto)
                  0000e4ea    0000001a     rts430_eabi.lib : boot_special.obj (.text:_c_int00_noargs_noexit)
                  0000e504    00000018     lcd.obj (.text:LCD_putstr)
                  0000e51c    00000016     rts430_eabi.lib : div16u.obj (.text)
                  0000e532    00000014                     : copy_zero_init.obj (.text:decompress:ZI:__TI_zero_init)
                  0000e546    00000014     delay.obj (.text:delay_ms)
                  0000e55a    00000014     delay.obj (.text:delay_us)
                  0000e56e    00000014     rts430_eabi.lib : mult16.obj (.text)
                  0000e582    00000012     lcd.obj (.text:LCD_command)
                  0000e594    00000012     lcd.obj (.text:LCD_send_data)
                  0000e5a6    00000012     rts430_eabi.lib : memcpy.obj (.text:memcpy)
                  0000e5b8    00000010                     : epilog.obj (.text)
                  0000e5c8    0000000e     lcd.obj (.text:LCD_clear_home)
                  0000e5d6    00000008     main.obj (.text:System_graceInit)
                  0000e5de    00000008     rts430_eabi.lib : isr_trap.obj (.text:_isr:__TI_ISR_TRAP)
                  0000e5e6    00000006     lcd.obj (.text:LCD_putchar)
                  0000e5ec    00000006     rts430_eabi.lib : exit.obj (.text:abort)
                  0000e5f2    00000004                     : pre_init.obj (.text:_system_pre_init)
                  0000e5f6    00000002                     : startup.obj (.text:_system_post_cinit)

.binit     0    0000e000    00000000     

.const     0    0000e5f8    00000031     
                  0000e5f8    0000000d     main.obj (.const:.string:$P$T2$3)
                  0000e605    00000001     --HOLE-- [fill = 0]
                  0000e606    0000000b     main.obj (.const:.string:$P$T0$1)
                  0000e611    00000001     --HOLE-- [fill = 0]
                  0000e612    0000000b     main.obj (.const:.string:$P$T1$2)
                  0000e61d    00000001     --HOLE-- [fill = 0]
                  0000e61e    0000000b     main.obj (.const:.string:$P$T3$4)

.cinit     0    0000e62a    0000000a     
                  0000e62a    00000004     (.cinit..bss.load) [load image, compression = zero_init]
                  0000e62e    00000002     (__TI_handler_table)
                  0000e630    00000004     (__TI_cinit_table)

.init_array 
*          0    0000e000    00000000     UNINITIALIZED

PORT1      0    0000ffe4    00000002     
                  0000ffe4    00000002     rts430_eabi.lib : int02.obj (.int02)

PORT2      0    0000ffe6    00000002     
                  0000ffe6    00000002     rts430_eabi.lib : int03.obj (.int03)

USI        0    0000ffe8    00000002     
                  0000ffe8    00000002     rts430_eabi.lib : int04.obj (.int04)

ADC10      0    0000ffea    00000002     
                  0000ffea    00000002     rts430_eabi.lib : int05.obj (.int05)

TIMER0_A1 
*          0    0000fff0    00000002     
                  0000fff0    00000002     rts430_eabi.lib : int08.obj (.int08)

TIMER0_A0 
*          0    0000fff2    00000002     
                  0000fff2    00000002     rts430_eabi.lib : int09.obj (.int09)

WDT        0    0000fff4    00000002     
                  0000fff4    00000002     rts430_eabi.lib : int10.obj (.int10)

COMPARATORA 
*          0    0000fff6    00000002     
                  0000fff6    00000002     rts430_eabi.lib : int11.obj (.int11)

NMI        0    0000fffc    00000002     
                  0000fffc    00000002     rts430_eabi.lib : int14.obj (.int14)

.reset     0    0000fffe    00000002     
                  0000fffe    00000002     rts430_eabi.lib : boot.obj (.reset)

MODULE SUMMARY

       Module               code   ro data   rw data
       ------               ----   -------   -------
    .\
       main.obj             504    46        1      
    +--+--------------------+------+---------+---------+
       Total:               504    46        1      
                                                    
    .\Libraries\
       lcd.obj              510    0         0      
       delay.obj            40     0         0      
    +--+--------------------+------+---------+---------+
       Total:               550    0         0      
                                                    
    C:\ti\ccsv7\tools\compiler\ti-cgt-msp430_16.9.3.LTS\lib\rts430_eabi.lib
       autoinit.obj         110    0         0      
       cpy_tbl.obj          90     0         0      
       asr16.obj            44     0         0      
       div16s.obj           44     0         0      
       lsl16.obj            44     0         0      
       boot_special.obj     26     0         0      
       div16u.obj           22     0         0      
       copy_zero_init.obj   20     0         0      
       mult16.obj           20     0         0      
       memcpy.obj           18     0         0      
       epilog.obj           16     0         0      
       isr_trap.obj         8      0         0      
       exit.obj             6      0         0      
       pre_init.obj         4      0         0      
       boot.obj             0      2         0      
       int02.obj            0      2         0      
       int03.obj            0      2         0      
       int04.obj            0      2         0      
       int05.obj            0      2         0      
       int08.obj            0      2         0      
       int09.obj            0      2         0      
       int10.obj            0      2         0      
       int11.obj            0      2         0      
       int14.obj            0      2         0      
       startup.obj          2      0         0      
    +--+--------------------+------+---------+---------+
       Total:               474    20        0      
                                                    
       Stack:               0      0         80     
       Linker Generated:    0      10        0      
    +--+--------------------+------+---------+---------+
       Grand Total:         1528   76        81     


LINKER GENERATED COPY TABLES

__TI_cinit_table @ 0000e630 records: 1, size/record: 4, table size: 4
	.bss: load addr=0000e62a, load size=00000004 bytes, run addr=00000200, run size=00000001 bytes, compression=zero_init


LINKER GENERATED HANDLER TABLE

__TI_handler_table @ 0000e62e records: 1, size/record: 2, table size: 2
	index: 0, handler: __TI_zero_init


GLOBAL SYMBOLS: SORTED ALPHABETICALLY BY Name 

address   name                    
-------   ----                    
0000004a  ADC10AE0                
000001b0  ADC10CTL0               
000001b2  ADC10CTL1               
00000048  ADC10DTC0               
00000049  ADC10DTC1               
000001b4  ADC10MEM                
000001bc  ADC10SA                 
00000057  BCSCTL1                 
00000058  BCSCTL2                 
00000053  BCSCTL3                 
0000e3ee  BCSplus_graceInit       
0000e5ec  C$$EXIT                 
00000059  CACTL1                  
0000005a  CACTL2                  
000010fb  CALBC1_12MHZ            
000010f9  CALBC1_16MHZ            
000010ff  CALBC1_1MHZ             
000010fd  CALBC1_8MHZ             
000010fa  CALDCO_12MHZ            
000010f8  CALDCO_16MHZ            
000010fe  CALDCO_1MHZ             
000010fc  CALDCO_8MHZ             
0000005b  CAPD                    
00000056  DCOCTL                  
00000128  FCTL1                   
0000012a  FCTL2                   
0000012c  FCTL3                   
0000e4a4  GPIO_graceInit          
00000000  IE1                     
00000002  IFG1                    
0000e206  LCD_4bit_send           
0000e5c8  LCD_clear_home          
0000e582  LCD_command             
0000e4ce  LCD_goto                
0000e124  LCD_init                
0000e5e6  LCD_putchar             
0000e504  LCD_putstr              
0000e594  LCD_send_data           
00000022  P1DIR                   
00000025  P1IE                    
00000024  P1IES                   
00000023  P1IFG                   
00000020  P1IN                    
00000021  P1OUT                   
00000027  P1REN                   
00000026  P1SEL                   
00000041  P1SEL2                  
0000002a  P2DIR                   
0000002d  P2IE                    
0000002c  P2IES                   
0000002b  P2IFG                   
00000028  P2IN                    
00000029  P2OUT                   
0000002f  P2REN                   
0000002e  P2SEL                   
00000042  P2SEL2                  
0000e3b6  SIPO                    
0000e5d6  System_graceInit        
00000172  TA0CCR0                 
00000174  TA0CCR1                 
00000176  TA0CCR2                 
00000162  TA0CCTL0                
00000164  TA0CCTL1                
00000166  TA0CCTL2                
00000160  TA0CTL                  
0000012e  TA0IV                   
00000170  TA0R                    
000010db  TLV_ADC10_1_LEN         
000010da  TLV_ADC10_1_TAG         
000010c0  TLV_CHECKSUM            
000010f7  TLV_DCO_30_LEN          
000010f6  TLV_DCO_30_TAG          
0000007a  USICCTL                 
0000007a  USICKCTL                
0000007b  USICNT                  
00000078  USICTL                  
00000078  USICTL0                 
00000079  USICTL1                 
0000007c  USISR                   
0000007d  USISRH                  
0000007c  USISRL                  
00000120  WDTCTL                  
00000300  __STACK_END             
00000050  __STACK_SIZE            
UNDEFED   __TI_BINIT_Base         
UNDEFED   __TI_BINIT_Limit        
0000e630  __TI_CINIT_Base         
0000e634  __TI_CINIT_Limit        
0000e62e  __TI_Handler_Table_Base 
0000e630  __TI_Handler_Table_Limit
UNDEFED   __TI_INITARRAY_Base     
UNDEFED   __TI_INITARRAY_Limit    
0000e5de  __TI_ISR_TRAP           
0000ffe4  __TI_int02              
0000ffe6  __TI_int03              
0000ffe8  __TI_int04              
0000ffea  __TI_int05              
0000fff0  __TI_int08              
0000fff2  __TI_int09              
0000fff4  __TI_int10              
0000fff6  __TI_int11              
0000fffc  __TI_int14              
ffffffff  __TI_pprof_out_hndl     
ffffffff  __TI_prof_data_size     
ffffffff  __TI_prof_data_start    
0000e532  __TI_zero_init          
ffffffff  __c_args__              
0000e44c  __mspabi_divi           
0000e51c  __mspabi_divu           
0000e5c4  __mspabi_func_epilog_1  
0000e5c2  __mspabi_func_epilog_2  
0000e5c0  __mspabi_func_epilog_3  
0000e5be  __mspabi_func_epilog_4  
0000e5bc  __mspabi_func_epilog_5  
0000e5ba  __mspabi_func_epilog_6  
0000e5b8  __mspabi_func_epilog_7  
0000e56e  __mspabi_mpyi           
0000e56e  __mspabi_mpyi_sw        
0000e44c  __mspabi_remi           
0000e51c  __mspabi_remu           
0000e478  __mspabi_slli           
0000e4a0  __mspabi_slli_1         
0000e48e  __mspabi_slli_10        
0000e48c  __mspabi_slli_11        
0000e48a  __mspabi_slli_12        
0000e488  __mspabi_slli_13        
0000e486  __mspabi_slli_14        
0000e484  __mspabi_slli_15        
0000e49e  __mspabi_slli_2         
0000e49c  __mspabi_slli_3         
0000e49a  __mspabi_slli_4         
0000e498  __mspabi_slli_5         
0000e496  __mspabi_slli_6         
0000e494  __mspabi_slli_7         
0000e492  __mspabi_slli_8         
0000e490  __mspabi_slli_9         
0000e420  __mspabi_srai           
0000e448  __mspabi_srai_1         
0000e436  __mspabi_srai_10        
0000e434  __mspabi_srai_11        
0000e432  __mspabi_srai_12        
0000e430  __mspabi_srai_13        
0000e42e  __mspabi_srai_14        
0000e42c  __mspabi_srai_15        
0000e446  __mspabi_srai_2         
0000e444  __mspabi_srai_3         
0000e442  __mspabi_srai_4         
0000e440  __mspabi_srai_5         
0000e43e  __mspabi_srai_6         
0000e43c  __mspabi_srai_7         
0000e43a  __mspabi_srai_8         
0000e438  __mspabi_srai_9         
0000e2ee  _auto_init              
0000e4ea  _c_int00_noargs_noexit  
0000fffe  _reset_vector           
000002b0  _stack                  
0000e5f6  _system_post_cinit      
0000e5f2  _system_pre_init        
0000e5ec  abort                   
0000e35c  copy_in                 
00000200  data_value              
0000e546  delay_ms                
0000e55a  delay_us                
0000e000  main                    
0000e5a6  memcpy                  
0000e27e  show_value              


GLOBAL SYMBOLS: SORTED BY Symbol Address 

address   name                    
-------   ----                    
00000000  IE1                     
00000002  IFG1                    
00000020  P1IN                    
00000021  P1OUT                   
00000022  P1DIR                   
00000023  P1IFG                   
00000024  P1IES                   
00000025  P1IE                    
00000026  P1SEL                   
00000027  P1REN                   
00000028  P2IN                    
00000029  P2OUT                   
0000002a  P2DIR                   
0000002b  P2IFG                   
0000002c  P2IES                   
0000002d  P2IE                    
0000002e  P2SEL                   
0000002f  P2REN                   
00000041  P1SEL2                  
00000042  P2SEL2                  
00000048  ADC10DTC0               
00000049  ADC10DTC1               
0000004a  ADC10AE0                
00000050  __STACK_SIZE            
00000053  BCSCTL3                 
00000056  DCOCTL                  
00000057  BCSCTL1                 
00000058  BCSCTL2                 
00000059  CACTL1                  
0000005a  CACTL2                  
0000005b  CAPD                    
00000078  USICTL                  
00000078  USICTL0                 
00000079  USICTL1                 
0000007a  USICCTL                 
0000007a  USICKCTL                
0000007b  USICNT                  
0000007c  USISR                   
0000007c  USISRL                  
0000007d  USISRH                  
00000120  WDTCTL                  
00000128  FCTL1                   
0000012a  FCTL2                   
0000012c  FCTL3                   
0000012e  TA0IV                   
00000160  TA0CTL                  
00000162  TA0CCTL0                
00000164  TA0CCTL1                
00000166  TA0CCTL2                
00000170  TA0R                    
00000172  TA0CCR0                 
00000174  TA0CCR1                 
00000176  TA0CCR2                 
000001b0  ADC10CTL0               
000001b2  ADC10CTL1               
000001b4  ADC10MEM                
000001bc  ADC10SA                 
00000200  data_value              
000002b0  _stack                  
00000300  __STACK_END             
000010c0  TLV_CHECKSUM            
000010da  TLV_ADC10_1_TAG         
000010db  TLV_ADC10_1_LEN         
000010f6  TLV_DCO_30_TAG          
000010f7  TLV_DCO_30_LEN          
000010f8  CALDCO_16MHZ            
000010f9  CALBC1_16MHZ            
000010fa  CALDCO_12MHZ            
000010fb  CALBC1_12MHZ            
000010fc  CALDCO_8MHZ             
000010fd  CALBC1_8MHZ             
000010fe  CALDCO_1MHZ             
000010ff  CALBC1_1MHZ             
0000e000  main                    
0000e124  LCD_init                
0000e206  LCD_4bit_send           
0000e27e  show_value              
0000e2ee  _auto_init              
0000e35c  copy_in                 
0000e3b6  SIPO                    
0000e3ee  BCSplus_graceInit       
0000e420  __mspabi_srai           
0000e42c  __mspabi_srai_15        
0000e42e  __mspabi_srai_14        
0000e430  __mspabi_srai_13        
0000e432  __mspabi_srai_12        
0000e434  __mspabi_srai_11        
0000e436  __mspabi_srai_10        
0000e438  __mspabi_srai_9         
0000e43a  __mspabi_srai_8         
0000e43c  __mspabi_srai_7         
0000e43e  __mspabi_srai_6         
0000e440  __mspabi_srai_5         
0000e442  __mspabi_srai_4         
0000e444  __mspabi_srai_3         
0000e446  __mspabi_srai_2         
0000e448  __mspabi_srai_1         
0000e44c  __mspabi_divi           
0000e44c  __mspabi_remi           
0000e478  __mspabi_slli           
0000e484  __mspabi_slli_15        
0000e486  __mspabi_slli_14        
0000e488  __mspabi_slli_13        
0000e48a  __mspabi_slli_12        
0000e48c  __mspabi_slli_11        
0000e48e  __mspabi_slli_10        
0000e490  __mspabi_slli_9         
0000e492  __mspabi_slli_8         
0000e494  __mspabi_slli_7         
0000e496  __mspabi_slli_6         
0000e498  __mspabi_slli_5         
0000e49a  __mspabi_slli_4         
0000e49c  __mspabi_slli_3         
0000e49e  __mspabi_slli_2         
0000e4a0  __mspabi_slli_1         
0000e4a4  GPIO_graceInit          
0000e4ce  LCD_goto                
0000e4ea  _c_int00_noargs_noexit  
0000e504  LCD_putstr              
0000e51c  __mspabi_divu           
0000e51c  __mspabi_remu           
0000e532  __TI_zero_init          
0000e546  delay_ms                
0000e55a  delay_us                
0000e56e  __mspabi_mpyi           
0000e56e  __mspabi_mpyi_sw        
0000e582  LCD_command             
0000e594  LCD_send_data           
0000e5a6  memcpy                  
0000e5b8  __mspabi_func_epilog_7  
0000e5ba  __mspabi_func_epilog_6  
0000e5bc  __mspabi_func_epilog_5  
0000e5be  __mspabi_func_epilog_4  
0000e5c0  __mspabi_func_epilog_3  
0000e5c2  __mspabi_func_epilog_2  
0000e5c4  __mspabi_func_epilog_1  
0000e5c8  LCD_clear_home          
0000e5d6  System_graceInit        
0000e5de  __TI_ISR_TRAP           
0000e5e6  LCD_putchar             
0000e5ec  C$$EXIT                 
0000e5ec  abort                   
0000e5f2  _system_pre_init        
0000e5f6  _system_post_cinit      
0000e62e  __TI_Handler_Table_Base 
0000e630  __TI_CINIT_Base         
0000e630  __TI_Handler_Table_Limit
0000e634  __TI_CINIT_Limit        
0000ffe4  __TI_int02              
0000ffe6  __TI_int03              
0000ffe8  __TI_int04              
0000ffea  __TI_int05              
0000fff0  __TI_int08              
0000fff2  __TI_int09              
0000fff4  __TI_int10              
0000fff6  __TI_int11              
0000fffc  __TI_int14              
0000fffe  _reset_vector           
ffffffff  __TI_pprof_out_hndl     
ffffffff  __TI_prof_data_size     
ffffffff  __TI_prof_data_start    
ffffffff  __c_args__              
UNDEFED   __TI_BINIT_Base         
UNDEFED   __TI_BINIT_Limit        
UNDEFED   __TI_INITARRAY_Base     
UNDEFED   __TI_INITARRAY_Limit    

[166 symbols]
