******************************************************************************
                  MSP430 Linker PC v17.6.0                     
******************************************************************************
>> Linked Mon Mar  5 23:18:32 2018

OUTPUT FILE NAME:   <Capacitive_Touch.out>
ENTRY POINT SYMBOL: "_c_int00_noargs_noexit"  address: 0000e832


MEMORY CONFIGURATION

         name            origin    length      used     unused   attr    fill
----------------------  --------  ---------  --------  --------  ----  --------
  SFR                   00000000   00000010  00000000  00000010  RWIX
  PERIPHERALS_8BIT      00000010   000000f0  00000000  000000f0  RWIX
  PERIPHERALS_16BIT     00000100   00000100  00000000  00000100  RWIX
  RAM                   00000200   00000100  00000056  000000aa  RWIX
  INFOD                 00001000   00000040  00000000  00000040  RWIX
  INFOC                 00001040   00000040  00000000  00000040  RWIX
  INFOB                 00001080   00000040  00000000  00000040  RWIX
  INFOA                 000010c0   00000040  00000000  00000040  RWIX
  FLASH                 0000e000   00001fe0  00000920  000016c0  RWIX
  INT00                 0000ffe0   00000002  00000000  00000002  RWIX
  INT01                 0000ffe2   00000002  00000000  00000002  RWIX
  INT02                 0000ffe4   00000002  00000002  00000000  RWIX
  INT03                 0000ffe6   00000002  00000002  00000000  RWIX
  INT04                 0000ffe8   00000002  00000002  00000000  RWIX
  INT05                 0000ffea   00000002  00000002  00000000  RWIX
  INT06                 0000ffec   00000002  00000000  00000002  RWIX
  INT07                 0000ffee   00000002  00000000  00000002  RWIX
  INT08                 0000fff0   00000002  00000002  00000000  RWIX
  INT09                 0000fff2   00000002  00000002  00000000  RWIX
  INT10                 0000fff4   00000002  00000002  00000000  RWIX
  INT11                 0000fff6   00000002  00000002  00000000  RWIX
  INT12                 0000fff8   00000002  00000000  00000002  RWIX
  INT13                 0000fffa   00000002  00000000  00000002  RWIX
  INT14                 0000fffc   00000002  00000002  00000000  RWIX
  RESET                 0000fffe   00000002  00000002  00000000  RWIX


SECTION ALLOCATION MAP

 output                                  attributes/
section   page    origin      length       input sections
--------  ----  ----------  ----------   ----------------
.bss       0    00000200    00000004     UNINITIALIZED
                  00000200    00000002     (.common:baseCnt)
                  00000202    00000002     (.common:measCnt)

.data      0    00000204    00000002     UNINITIALIZED
                  00000204    00000002     CTS_Layer.obj (.data)

.stack     0    000002b0    00000050     UNINITIALIZED
                  000002b0    00000002     rts430_eabi.lib : boot.obj (.stack)
                  000002b2    0000004e     --HOLE--

.text      0    0000e000    000008f4     
                  0000e000    0000040c     CTS_Layer.obj (.text:TI_CAPT_Custom)
                  0000e40c    00000128     CTS_HAL.obj (.text:TI_CTS_RO_PINOSC_TA0_WDTp_HAL)
                  0000e534    0000007c     rts430_eabi.lib : copy_decompress_lzss.obj (.text:decompress:lzss:__TI_decompress_lzss)
                  0000e5b0    0000006e                     : autoinit.obj (.text:_auto_init)
                  0000e61e    00000062     CTS_Layer.obj (.text:TI_CAPT_Update_Baseline)
                  0000e680    0000005a     rts430_eabi.lib : cpy_tbl.obj (.text:copy_in)
                  0000e6da    0000004c                     : lsr16.obj (.text)
                  0000e726    0000004a     main.obj (.text:main)
                  0000e770    00000036     main.obj (.text:BCSplus_graceInit)
                  0000e7a6    0000002c     rts430_eabi.lib : lsl16.obj (.text)
                  0000e7d2    0000002a     main.obj (.text:GPIO_graceInit)
                  0000e7fc    0000001c     main.obj (.text:sleep)
                  0000e818    0000001a     CTS_Layer.obj (.text:TI_CAPT_Button)
                  0000e832    0000001a     rts430_eabi.lib : boot_special.obj (.text:_c_int00_noargs_noexit)
                  0000e84c    00000014     main.obj (.text:ISR_Timer0_A0)
                  0000e860    00000014     rts430_eabi.lib : copy_zero_init.obj (.text:decompress:ZI:__TI_zero_init)
                  0000e874    00000014                     : mult16.obj (.text)
                  0000e888    00000012                     : copy_decompress_none.obj (.text:decompress:none:__TI_decompress_none)
                  0000e89a    00000012                     : memcpy.obj (.text:memcpy)
                  0000e8ac    00000010     CTS_Layer.obj (.text:TI_CAPT_Init_Baseline)
                  0000e8bc    00000010     rts430_eabi.lib : epilog.obj (.text)
                  0000e8cc    0000000e     CTS_Layer.obj (.text:TI_CAPT_Raw)
                  0000e8da    00000008     CTS_HAL.obj (.text:watchdog_timer)
                  0000e8e2    00000006     main.obj (.text:ISR_trap)
                  0000e8e8    00000006     rts430_eabi.lib : exit.obj (.text:abort)
                  0000e8ee    00000004                     : pre_init.obj (.text:_system_pre_init)
                  0000e8f2    00000002                     : startup.obj (.text:_system_post_cinit)

.const     0    0000e8f4    00000014     
                  0000e8f4    0000000a     structure.obj (.const:middle_element)
                  0000e8fe    0000000a     structure.obj (.const:one_button)

.cinit     0    0000e908    00000018     
                  0000e908    00000006     (.cinit..data.load) [load image]
                  0000e90e    00000006     (__TI_handler_table)
                  0000e914    00000004     (.cinit..bss.load) [load image, compression = zero_init]
                  0000e918    00000008     (__TI_cinit_table)

.binit     0    0000e000    00000000     

.init_array 
*          0    0000e000    00000000     UNINITIALIZED

PORT1      0    0000ffe4    00000002     
                  0000ffe4    00000002     main.obj (.int02)

PORT2      0    0000ffe6    00000002     
                  0000ffe6    00000002     main.obj (.int03)

USI        0    0000ffe8    00000002     
                  0000ffe8    00000002     main.obj (.int04)

ADC10      0    0000ffea    00000002     
                  0000ffea    00000002     main.obj (.int05)

TIMER0_A1 
*          0    0000fff0    00000002     
                  0000fff0    00000002     main.obj (.int08)

TIMER0_A0 
*          0    0000fff2    00000002     
                  0000fff2    00000002     main.obj (.int09)

WDT        0    0000fff4    00000002     
                  0000fff4    00000002     CTS_HAL.obj (.int10)

COMPARATORA 
*          0    0000fff6    00000002     
                  0000fff6    00000002     main.obj (.int11)

NMI        0    0000fffc    00000002     
                  0000fffc    00000002     main.obj (.int14)

.reset     0    0000fffe    00000002     
                  0000fffe    00000002     rts430_eabi.lib : boot.obj (.reset)

MODULE SUMMARY

       Module                     code   ro data   rw data
       ------                     ----   -------   -------
    .\
       main.obj                   224    16        0      
    +--+--------------------------+------+---------+---------+
       Total:                     224    16        0      
                                                          
    .\Libraries\
       CTS_Layer.obj              1190   0         6      
       CTS_HAL.obj                304    2         0      
       structure.obj              0      20        0      
    +--+--------------------------+------+---------+---------+
       Total:                     1494   22        6      
                                                          
    C:\ti\ccsv7\tools\compiler\ti-cgt-msp430_17.6.0.STS\lib\rts430_eabi.lib
       copy_decompress_lzss.obj   124    0         0      
       autoinit.obj               110    0         0      
       cpy_tbl.obj                90     0         0      
       lsr16.obj                  76     0         0      
       lsl16.obj                  44     0         0      
       boot_special.obj           26     0         0      
       copy_zero_init.obj         20     0         0      
       mult16.obj                 20     0         0      
       copy_decompress_none.obj   18     0         0      
       memcpy.obj                 18     0         0      
       epilog.obj                 16     0         0      
       exit.obj                   6      0         0      
       pre_init.obj               4      0         0      
       boot.obj                   0      2         0      
       startup.obj                2      0         0      
    +--+--------------------------+------+---------+---------+
       Total:                     574    2         0      
                                                          
       Stack:                     0      0         80     
       Linker Generated:          0      24        0      
    +--+--------------------------+------+---------+---------+
       Grand Total:               2292   64        86     


LINKER GENERATED COPY TABLES

__TI_cinit_table @ 0000e918 records: 2, size/record: 4, table size: 8
	.data: load addr=0000e908, load size=00000006 bytes, run addr=00000204, run size=00000002 bytes, compression=copy
	.bss: load addr=0000e914, load size=00000004 bytes, run addr=00000200, run size=00000004 bytes, compression=zero_init


LINKER GENERATED HANDLER TABLE

__TI_handler_table @ 0000e90e records: 3, size/record: 2, table size: 6
	index: 0, handler: __TI_zero_init
	index: 1, handler: __TI_decompress_lzss
	index: 2, handler: __TI_decompress_none


GLOBAL SYMBOLS: SORTED ALPHABETICALLY BY Name 

address   name                         
-------   ----                         
0000004a  ADC10AE0                     
000001b0  ADC10CTL0                    
000001b2  ADC10CTL1                    
00000048  ADC10DTC0                    
00000049  ADC10DTC1                    
000001b4  ADC10MEM                     
000001bc  ADC10SA                      
00000057  BCSCTL1                      
00000058  BCSCTL2                      
00000053  BCSCTL3                      
0000e770  BCSplus_graceInit            
0000e8e8  C$$EXIT                      
00000059  CACTL1                       
0000005a  CACTL2                       
000010fb  CALBC1_12MHZ                 
000010f9  CALBC1_16MHZ                 
000010ff  CALBC1_1MHZ                  
000010fd  CALBC1_8MHZ                  
000010fa  CALDCO_12MHZ                 
000010f8  CALDCO_16MHZ                 
000010fe  CALDCO_1MHZ                  
000010fc  CALDCO_8MHZ                  
0000005b  CAPD                         
00000056  DCOCTL                       
00000128  FCTL1                        
0000012a  FCTL2                        
0000012c  FCTL3                        
0000e7d2  GPIO_graceInit               
00000000  IE1                          
00000002  IFG1                         
0000e84c  ISR_Timer0_A0                
0000e8e2  ISR_trap                     
00000022  P1DIR                        
00000025  P1IE                         
00000024  P1IES                        
00000023  P1IFG                        
00000020  P1IN                         
00000021  P1OUT                        
00000027  P1REN                        
00000026  P1SEL                        
00000041  P1SEL2                       
0000002a  P2DIR                        
0000002d  P2IE                         
0000002c  P2IES                        
0000002b  P2IFG                        
00000028  P2IN                         
00000029  P2OUT                        
0000002f  P2REN                        
0000002e  P2SEL                        
00000042  P2SEL2                       
00000172  TA0CCR0                      
00000174  TA0CCR1                      
00000176  TA0CCR2                      
00000162  TA0CCTL0                     
00000164  TA0CCTL1                     
00000166  TA0CCTL2                     
00000160  TA0CTL                       
0000012e  TA0IV                        
00000170  TA0R                         
0000e818  TI_CAPT_Button               
0000e000  TI_CAPT_Custom               
0000e8ac  TI_CAPT_Init_Baseline        
0000e8cc  TI_CAPT_Raw                  
0000e61e  TI_CAPT_Update_Baseline      
0000e40c  TI_CTS_RO_PINOSC_TA0_WDTp_HAL
000010db  TLV_ADC10_1_LEN              
000010da  TLV_ADC10_1_TAG              
000010c0  TLV_CHECKSUM                 
000010f7  TLV_DCO_30_LEN               
000010f6  TLV_DCO_30_TAG               
0000007a  USICCTL                      
0000007a  USICKCTL                     
0000007b  USICNT                       
00000078  USICTL                       
00000078  USICTL0                      
00000079  USICTL1                      
0000007c  USISR                        
0000007d  USISRH                       
0000007c  USISRL                       
00000120  WDTCTL                       
00000300  __STACK_END                  
00000050  __STACK_SIZE                 
UNDEFED   __TI_BINIT_Base              
UNDEFED   __TI_BINIT_Limit             
0000e918  __TI_CINIT_Base              
0000e920  __TI_CINIT_Limit             
0000e90e  __TI_Handler_Table_Base      
0000e914  __TI_Handler_Table_Limit     
UNDEFED   __TI_INITARRAY_Base          
UNDEFED   __TI_INITARRAY_Limit         
0000e534  __TI_decompress_lzss         
0000e888  __TI_decompress_none         
0000ffe4  __TI_int02                   
0000ffe6  __TI_int03                   
0000ffe8  __TI_int04                   
0000ffea  __TI_int05                   
0000fff0  __TI_int08                   
0000fff2  __TI_int09                   
0000fff4  __TI_int10                   
0000fff6  __TI_int11                   
0000fffc  __TI_int14                   
ffffffff  __TI_pprof_out_hndl          
ffffffff  __TI_prof_data_size          
ffffffff  __TI_prof_data_start         
0000e860  __TI_zero_init               
ffffffff  __c_args__                   
0000e8c8  __mspabi_func_epilog_1       
0000e8c6  __mspabi_func_epilog_2       
0000e8c4  __mspabi_func_epilog_3       
0000e8c2  __mspabi_func_epilog_4       
0000e8c0  __mspabi_func_epilog_5       
0000e8be  __mspabi_func_epilog_6       
0000e8bc  __mspabi_func_epilog_7       
0000e874  __mspabi_mpyi                
0000e874  __mspabi_mpyi_sw             
0000e7a6  __mspabi_slli                
0000e7ce  __mspabi_slli_1              
0000e7bc  __mspabi_slli_10             
0000e7ba  __mspabi_slli_11             
0000e7b8  __mspabi_slli_12             
0000e7b6  __mspabi_slli_13             
0000e7b4  __mspabi_slli_14             
0000e7b2  __mspabi_slli_15             
0000e7cc  __mspabi_slli_2              
0000e7ca  __mspabi_slli_3              
0000e7c8  __mspabi_slli_4              
0000e7c6  __mspabi_slli_5              
0000e7c4  __mspabi_slli_6              
0000e7c2  __mspabi_slli_7              
0000e7c0  __mspabi_slli_8              
0000e7be  __mspabi_slli_9              
0000e6da  __mspabi_srli                
0000e720  __mspabi_srli_1              
0000e6fc  __mspabi_srli_10             
0000e6f8  __mspabi_srli_11             
0000e6f4  __mspabi_srli_12             
0000e6f0  __mspabi_srli_13             
0000e6ec  __mspabi_srli_14             
0000e6e8  __mspabi_srli_15             
0000e71c  __mspabi_srli_2              
0000e718  __mspabi_srli_3              
0000e714  __mspabi_srli_4              
0000e710  __mspabi_srli_5              
0000e70c  __mspabi_srli_6              
0000e708  __mspabi_srli_7              
0000e704  __mspabi_srli_8              
0000e700  __mspabi_srli_9              
0000e5b0  _auto_init                   
0000e832  _c_int00_noargs_noexit       
0000fffe  _reset_vector                
000002b0  _stack                       
0000e8f2  _system_post_cinit           
0000e8ee  _system_pre_init             
0000e8e8  abort                        
00000200  baseCnt                      
0000e680  copy_in                      
00000204  ctsStatusReg                 
0000e726  main                         
00000202  measCnt                      
0000e89a  memcpy                       
0000e8f4  middle_element               
0000e8fe  one_button                   
0000e7fc  sleep                        
0000e8da  watchdog_timer               


GLOBAL SYMBOLS: SORTED BY Symbol Address 

address   name                         
-------   ----                         
00000000  IE1                          
00000002  IFG1                         
00000020  P1IN                         
00000021  P1OUT                        
00000022  P1DIR                        
00000023  P1IFG                        
00000024  P1IES                        
00000025  P1IE                         
00000026  P1SEL                        
00000027  P1REN                        
00000028  P2IN                         
00000029  P2OUT                        
0000002a  P2DIR                        
0000002b  P2IFG                        
0000002c  P2IES                        
0000002d  P2IE                         
0000002e  P2SEL                        
0000002f  P2REN                        
00000041  P1SEL2                       
00000042  P2SEL2                       
00000048  ADC10DTC0                    
00000049  ADC10DTC1                    
0000004a  ADC10AE0                     
00000050  __STACK_SIZE                 
00000053  BCSCTL3                      
00000056  DCOCTL                       
00000057  BCSCTL1                      
00000058  BCSCTL2                      
00000059  CACTL1                       
0000005a  CACTL2                       
0000005b  CAPD                         
00000078  USICTL                       
00000078  USICTL0                      
00000079  USICTL1                      
0000007a  USICCTL                      
0000007a  USICKCTL                     
0000007b  USICNT                       
0000007c  USISR                        
0000007c  USISRL                       
0000007d  USISRH                       
00000120  WDTCTL                       
00000128  FCTL1                        
0000012a  FCTL2                        
0000012c  FCTL3                        
0000012e  TA0IV                        
00000160  TA0CTL                       
00000162  TA0CCTL0                     
00000164  TA0CCTL1                     
00000166  TA0CCTL2                     
00000170  TA0R                         
00000172  TA0CCR0                      
00000174  TA0CCR1                      
00000176  TA0CCR2                      
000001b0  ADC10CTL0                    
000001b2  ADC10CTL1                    
000001b4  ADC10MEM                     
000001bc  ADC10SA                      
00000200  baseCnt                      
00000202  measCnt                      
00000204  ctsStatusReg                 
000002b0  _stack                       
00000300  __STACK_END                  
000010c0  TLV_CHECKSUM                 
000010da  TLV_ADC10_1_TAG              
000010db  TLV_ADC10_1_LEN              
000010f6  TLV_DCO_30_TAG               
000010f7  TLV_DCO_30_LEN               
000010f8  CALDCO_16MHZ                 
000010f9  CALBC1_16MHZ                 
000010fa  CALDCO_12MHZ                 
000010fb  CALBC1_12MHZ                 
000010fc  CALDCO_8MHZ                  
000010fd  CALBC1_8MHZ                  
000010fe  CALDCO_1MHZ                  
000010ff  CALBC1_1MHZ                  
0000e000  TI_CAPT_Custom               
0000e40c  TI_CTS_RO_PINOSC_TA0_WDTp_HAL
0000e534  __TI_decompress_lzss         
0000e5b0  _auto_init                   
0000e61e  TI_CAPT_Update_Baseline      
0000e680  copy_in                      
0000e6da  __mspabi_srli                
0000e6e8  __mspabi_srli_15             
0000e6ec  __mspabi_srli_14             
0000e6f0  __mspabi_srli_13             
0000e6f4  __mspabi_srli_12             
0000e6f8  __mspabi_srli_11             
0000e6fc  __mspabi_srli_10             
0000e700  __mspabi_srli_9              
0000e704  __mspabi_srli_8              
0000e708  __mspabi_srli_7              
0000e70c  __mspabi_srli_6              
0000e710  __mspabi_srli_5              
0000e714  __mspabi_srli_4              
0000e718  __mspabi_srli_3              
0000e71c  __mspabi_srli_2              
0000e720  __mspabi_srli_1              
0000e726  main                         
0000e770  BCSplus_graceInit            
0000e7a6  __mspabi_slli                
0000e7b2  __mspabi_slli_15             
0000e7b4  __mspabi_slli_14             
0000e7b6  __mspabi_slli_13             
0000e7b8  __mspabi_slli_12             
0000e7ba  __mspabi_slli_11             
0000e7bc  __mspabi_slli_10             
0000e7be  __mspabi_slli_9              
0000e7c0  __mspabi_slli_8              
0000e7c2  __mspabi_slli_7              
0000e7c4  __mspabi_slli_6              
0000e7c6  __mspabi_slli_5              
0000e7c8  __mspabi_slli_4              
0000e7ca  __mspabi_slli_3              
0000e7cc  __mspabi_slli_2              
0000e7ce  __mspabi_slli_1              
0000e7d2  GPIO_graceInit               
0000e7fc  sleep                        
0000e818  TI_CAPT_Button               
0000e832  _c_int00_noargs_noexit       
0000e84c  ISR_Timer0_A0                
0000e860  __TI_zero_init               
0000e874  __mspabi_mpyi                
0000e874  __mspabi_mpyi_sw             
0000e888  __TI_decompress_none         
0000e89a  memcpy                       
0000e8ac  TI_CAPT_Init_Baseline        
0000e8bc  __mspabi_func_epilog_7       
0000e8be  __mspabi_func_epilog_6       
0000e8c0  __mspabi_func_epilog_5       
0000e8c2  __mspabi_func_epilog_4       
0000e8c4  __mspabi_func_epilog_3       
0000e8c6  __mspabi_func_epilog_2       
0000e8c8  __mspabi_func_epilog_1       
0000e8cc  TI_CAPT_Raw                  
0000e8da  watchdog_timer               
0000e8e2  ISR_trap                     
0000e8e8  C$$EXIT                      
0000e8e8  abort                        
0000e8ee  _system_pre_init             
0000e8f2  _system_post_cinit           
0000e8f4  middle_element               
0000e8fe  one_button                   
0000e90e  __TI_Handler_Table_Base      
0000e914  __TI_Handler_Table_Limit     
0000e918  __TI_CINIT_Base              
0000e920  __TI_CINIT_Limit             
0000ffe4  __TI_int02                   
0000ffe6  __TI_int03                   
0000ffe8  __TI_int04                   
0000ffea  __TI_int05                   
0000fff0  __TI_int08                   
0000fff2  __TI_int09                   
0000fff4  __TI_int10                   
0000fff6  __TI_int11                   
0000fffc  __TI_int14                   
0000fffe  _reset_vector                
ffffffff  __TI_pprof_out_hndl          
ffffffff  __TI_prof_data_size          
ffffffff  __TI_prof_data_start         
ffffffff  __c_args__                   
UNDEFED   __TI_BINIT_Base              
UNDEFED   __TI_BINIT_Limit             
UNDEFED   __TI_INITARRAY_Base          
UNDEFED   __TI_INITARRAY_Limit         

[164 symbols]
