******************************************************************************
                  MSP430 Linker PC v17.6.0                     
******************************************************************************
>> Linked Thu Aug 17 09:52:14 2017

OUTPUT FILE NAME:   <ADC10_ISR.out>
ENTRY POINT SYMBOL: "_c_int00_noargs_noexit"  address: 0000d970


MEMORY CONFIGURATION

         name            origin    length      used     unused   attr    fill
----------------------  --------  ---------  --------  --------  ----  --------
  SFR                   00000000   00000010  00000000  00000010  RWIX
  PERIPHERALS_8BIT      00000010   000000f0  00000000  000000f0  RWIX
  PERIPHERALS_16BIT     00000100   00000100  00000000  00000100  RWIX
  RAM                   00000200   00000200  00000052  000001ae  RWIX
  INFOD                 00001000   00000040  00000000  00000040  RWIX
  INFOC                 00001040   00000040  00000000  00000040  RWIX
  INFOB                 00001080   00000040  00000000  00000040  RWIX
  INFOA                 000010c0   00000040  00000000  00000040  RWIX
  FLASH                 0000c000   00003fde  00001b28  000024b6  RWIX
  BSLSIGNATURE          0000ffde   00000002  00000002  00000000  RWIX  ffff 
  INT00                 0000ffe0   00000002  00000002  00000000  RWIX
  INT01                 0000ffe2   00000002  00000000  00000002  RWIX
  INT02                 0000ffe4   00000002  00000002  00000000  RWIX
  INT03                 0000ffe6   00000002  00000002  00000000  RWIX
  INT04                 0000ffe8   00000002  00000000  00000002  RWIX
  INT05                 0000ffea   00000002  00000002  00000000  RWIX
  INT06                 0000ffec   00000002  00000002  00000000  RWIX
  INT07                 0000ffee   00000002  00000002  00000000  RWIX
  INT08                 0000fff0   00000002  00000002  00000000  RWIX
  INT09                 0000fff2   00000002  00000002  00000000  RWIX
  INT10                 0000fff4   00000002  00000002  00000000  RWIX
  INT11                 0000fff6   00000002  00000002  00000000  RWIX
  INT12                 0000fff8   00000002  00000002  00000000  RWIX
  INT13                 0000fffa   00000002  00000002  00000000  RWIX
  INT14                 0000fffc   00000002  00000002  00000000  RWIX
  RESET                 0000fffe   00000002  00000002  00000000  RWIX


SECTION ALLOCATION MAP

 output                                  attributes/
section   page    origin      length       input sections
--------  ----  ----------  ----------   ----------------
.data      0    00000200    00000002     UNINITIALIZED
                  00000200    00000002     main.obj (.data)

.stack     0    000003b0    00000050     UNINITIALIZED
                  000003b0    00000002     rts430_eabi.lib : boot.obj (.stack)
                  000003b2    0000004e     --HOLE--

.text      0    0000c000    00001b02     
                  0000c000    00000478     rts430_eabi.lib : frcdivd.obj (.text:__TI_frcdivd)
                  0000c478    000002fa                     : addd.obj (.text:__mspabi_addd)
                  0000c772    00000286                     : frcmpyd.obj (.text:__TI_frcmpyd)
                  0000c9f8    0000026e                     : mpyd.obj (.text:__mspabi_mpyd)
                  0000cc66    00000260                     : frcaddd.obj (.text:__TI_frcaddd)
                  0000cec6    00000238                     : divd.obj (.text:__mspabi_divd)
                  0000d0fe    000000be                     : renormd.obj (.text:__TI_renormd)
                  0000d1bc    000000a2     main.obj (.text:lcd_print)
                  0000d25e    00000098     lcd.obj (.text:LCD_init)
                  0000d2f6    0000008a     rts430_eabi.lib : fltuld.obj (.text:__mspabi_fltuld)
                  0000d380    00000080     main.obj (.text:main)
                  0000d400    0000007c     rts430_eabi.lib : copy_decompress_lzss.obj (.text:decompress:lzss:__TI_decompress_lzss)
                  0000d47c    00000078     main.obj (.text:get_temp)
                  0000d4f4    00000074     rts430_eabi.lib : fixdul.obj (.text:__mspabi_fixdul)
                  0000d568    0000006e     lcd.obj (.text:LCD_4bit_send)
                  0000d5d6    0000006e     rts430_eabi.lib : autoinit.obj (.text:_auto_init)
                  0000d644    0000005c                     : lsr32.obj (.text:l_lsr_const)
                  0000d6a0    0000005a                     : cpy_tbl.obj (.text:copy_in)
                  0000d6fa    0000004c                     : lsr16.obj (.text)
                  0000d746    00000042     main.obj (.text:get_volt)
                  0000d788    0000003e     rts430_eabi.lib : asr32.obj (.text:l_asr_const)
                  0000d7c6    0000003e                     : lsl32.obj (.text:l_lsl_const)
                  0000d804    00000034     main.obj (.text:BCSplus_graceInit)
                  0000d838    00000034     main.obj (.text:GPIO_graceInit)
                  0000d86c    0000002e     rts430_eabi.lib : subd.obj (.text:__mspabi_subd)
                  0000d89a    0000002c                     : asr16.obj (.text)
                  0000d8c6    0000002c                     : lsl16.obj (.text)
                  0000d8f2    00000026                     : mult32.obj (.text)
                  0000d918    00000022     lcd.obj (.text:LCD_goto)
                  0000d93a    0000001c     main.obj (.text:System_graceInit)
                  0000d956    0000001a     lcd.obj (.text:LCD_send)
                  0000d970    0000001a     rts430_eabi.lib : boot_special.obj (.text:_c_int00_noargs_noexit)
                  0000d98a    0000001a     delay.obj (.text:delay_us)
                  0000d9a4    0000001a     lcd.obj (.text:toggle_io)
                  0000d9be    00000016     main.obj (.text:ADC10_graceInit)
                  0000d9d4    00000016     lcd.obj (.text:LCD_putstr)
                  0000d9ea    00000016     rts430_eabi.lib : div16u.obj (.text)
                  0000da00    00000016     lcd.obj (.text:toggle_EN_pin)
                  0000da16    00000014     delay.obj (.text:delay_ms)
                  0000da2a    00000014     rts430_eabi.lib : mult16.obj (.text)
                  0000da3e    00000012     lcd.obj (.text:LCD_clear_home)
                  0000da50    00000012     rts430_eabi.lib : fixdu.obj (.text:__mspabi_fixdu)
                  0000da62    00000012                     : copy_decompress_none.obj (.text:decompress:none:__TI_decompress_none)
                  0000da74    00000012                     : lsr32.obj (.text:l_lsr)
                  0000da86    00000012                     : memcpy.obj (.text:memcpy)
                  0000da98    00000010     main.obj (.text:ADC10_ISR_HOOK)
                  0000daa8    00000010     rts430_eabi.lib : asr32.obj (.text:l_asr)
                  0000dab8    00000010                     : lsl32.obj (.text:l_lsl)
                  0000dac8    00000010                     : epilog.obj (.text)
                  0000dad8    00000008     lcd.obj (.text:LCD_putchar)
                  0000dae0    00000008     main.obj (.text:WDTplus_graceInit)
                  0000dae8    00000008     rts430_eabi.lib : isr_trap.obj (.text:_isr:__TI_ISR_TRAP)
                  0000daf0    00000006                     : fltud.obj (.text:__mspabi_fltud)
                  0000daf6    00000006                     : exit.obj (.text:abort)
                  0000dafc    00000004                     : pre_init.obj (.text:_system_pre_init)
                  0000db00    00000002                     : startup.obj (.text:_system_post_cinit)

.const     0    0000db02    00000018     
                  0000db02    00000018     main.obj (.const:.string)

.cinit     0    0000db1a    0000000e     
                  0000db1a    00000006     (.cinit..data.load) [load image]
                  0000db20    00000004     (__TI_handler_table)
                  0000db24    00000004     (__TI_cinit_table)

.binit     0    0000c000    00000000     

.init_array 
*          0    0000c000    00000000     UNINITIALIZED

TRAPINT    0    0000ffe0    00000002     
                  0000ffe0    00000002     rts430_eabi.lib : int00.obj (.int00)

PORT1      0    0000ffe4    00000002     
                  0000ffe4    00000002     rts430_eabi.lib : int02.obj (.int02)

PORT2      0    0000ffe6    00000002     
                  0000ffe6    00000002     rts430_eabi.lib : int03.obj (.int03)

ADC10      0    0000ffea    00000002     
                  0000ffea    00000002     main.obj (.int05)

USCIAB0TX 
*          0    0000ffec    00000002     
                  0000ffec    00000002     rts430_eabi.lib : int06.obj (.int06)

USCIAB0RX 
*          0    0000ffee    00000002     
                  0000ffee    00000002     rts430_eabi.lib : int07.obj (.int07)

TIMER0_A1 
*          0    0000fff0    00000002     
                  0000fff0    00000002     rts430_eabi.lib : int08.obj (.int08)

TIMER0_A0 
*          0    0000fff2    00000002     
                  0000fff2    00000002     rts430_eabi.lib : int09.obj (.int09)

WDT        0    0000fff4    00000002     
                  0000fff4    00000002     rts430_eabi.lib : int10.obj (.int10)

COMPARATORA 
*          0    0000fff6    00000002     
                  0000fff6    00000002     rts430_eabi.lib : int11.obj (.int11)

TIMER1_A1 
*          0    0000fff8    00000002     
                  0000fff8    00000002     rts430_eabi.lib : int12.obj (.int12)

TIMER1_A0 
*          0    0000fffa    00000002     
                  0000fffa    00000002     rts430_eabi.lib : int13.obj (.int13)

NMI        0    0000fffc    00000002     
                  0000fffc    00000002     rts430_eabi.lib : int14.obj (.int14)

.reset     0    0000fffe    00000002     
                  0000fffe    00000002     rts430_eabi.lib : boot.obj (.reset)

$fill000   0    0000ffde    00000002     
                  0000ffde    00000002     --HOLE-- [fill = ffff]

MODULE SUMMARY

       Module                     code   ro data   rw data
       ------                     ----   -------   -------
    .\
       main.obj                   654    26        2      
    +--+--------------------------+------+---------+---------+
       Total:                     654    26        2      
                                                          
    .\Libraries\
       lcd.obj                    418    0         0      
       delay.obj                  46     0         0      
    +--+--------------------------+------+---------+---------+
       Total:                     464    0         0      
                                                          
    C:\ti\ccsv7\tools\compiler\ti-cgt-msp430_17.6.0.STS\lib\rts430_eabi.lib
       frcdivd.obj                1144   0         0      
       addd.obj                   762    0         0      
       frcmpyd.obj                646    0         0      
       mpyd.obj                   622    0         0      
       frcaddd.obj                608    0         0      
       divd.obj                   568    0         0      
       renormd.obj                190    0         0      
       fltuld.obj                 138    0         0      
       copy_decompress_lzss.obj   124    0         0      
       fixdul.obj                 116    0         0      
       autoinit.obj               110    0         0      
       lsr32.obj                  110    0         0      
       cpy_tbl.obj                90     0         0      
       asr32.obj                  78     0         0      
       lsl32.obj                  78     0         0      
       lsr16.obj                  76     0         0      
       subd.obj                   46     0         0      
       asr16.obj                  44     0         0      
       lsl16.obj                  44     0         0      
       mult32.obj                 38     0         0      
       boot_special.obj           26     0         0      
       div16u.obj                 22     0         0      
       mult16.obj                 20     0         0      
       copy_decompress_none.obj   18     0         0      
       fixdu.obj                  18     0         0      
       memcpy.obj                 18     0         0      
       epilog.obj                 16     0         0      
       isr_trap.obj               8      0         0      
       exit.obj                   6      0         0      
       fltud.obj                  6      0         0      
       pre_init.obj               4      0         0      
       boot.obj                   0      2         0      
       int00.obj                  0      2         0      
       int02.obj                  0      2         0      
       int03.obj                  0      2         0      
       int06.obj                  0      2         0      
       int07.obj                  0      2         0      
       int08.obj                  0      2         0      
       int09.obj                  0      2         0      
       int10.obj                  0      2         0      
       int11.obj                  0      2         0      
       int12.obj                  0      2         0      
       int13.obj                  0      2         0      
       int14.obj                  0      2         0      
       startup.obj                2      0         0      
    +--+--------------------------+------+---------+---------+
       Total:                     5796   26        0      
                                                          
       Stack:                     0      0         80     
       Linker Generated:          0      14        0      
    +--+--------------------------+------+---------+---------+
       Grand Total:               6914   66        82     


LINKER GENERATED COPY TABLES

__TI_cinit_table @ 0000db24 records: 1, size/record: 4, table size: 4
	.data: load addr=0000db1a, load size=00000006 bytes, run addr=00000200, run size=00000002 bytes, compression=copy


LINKER GENERATED HANDLER TABLE

__TI_handler_table @ 0000db20 records: 2, size/record: 2, table size: 4
	index: 0, handler: __TI_decompress_lzss
	index: 1, handler: __TI_decompress_none


GLOBAL SYMBOLS: SORTED ALPHABETICALLY BY Name 

address   name                    
-------   ----                    
0000004a  ADC10AE0                
000001b0  ADC10CTL0               
000001b2  ADC10CTL1               
00000048  ADC10DTC0               
00000049  ADC10DTC1               
000001b4  ADC10MEM                
000001bc  ADC10SA                 
0000da98  ADC10_ISR_HOOK          
0000d9be  ADC10_graceInit         
00000200  ADC_Value               
00000057  BCSCTL1                 
00000058  BCSCTL2                 
00000053  BCSCTL3                 
0000d804  BCSplus_graceInit       
0000daf6  C$$EXIT                 
00000059  CACTL1                  
0000005a  CACTL2                  
000010fb  CALBC1_12MHZ            
000010f9  CALBC1_16MHZ            
000010ff  CALBC1_1MHZ             
000010fd  CALBC1_8MHZ             
000010fa  CALDCO_12MHZ            
000010f8  CALDCO_16MHZ            
000010fe  CALDCO_1MHZ             
000010fc  CALDCO_8MHZ             
0000005b  CAPD                    
00000056  DCOCTL                  
00000128  FCTL1                   
0000012a  FCTL2                   
0000012c  FCTL3                   
0000d838  GPIO_graceInit          
00000000  IE1                     
00000001  IE2                     
00000002  IFG1                    
00000003  IFG2                    
0000d568  LCD_4bit_send           
0000da3e  LCD_clear_home          
0000d918  LCD_goto                
0000d25e  LCD_init                
0000dad8  LCD_putchar             
0000d9d4  LCD_putstr              
0000d956  LCD_send                
00000022  P1DIR                   
00000025  P1IE                    
00000024  P1IES                   
00000023  P1IFG                   
00000020  P1IN                    
00000021  P1OUT                   
00000027  P1REN                   
00000026  P1SEL                   
00000041  P1SEL2                  
0000002a  P2DIR                   
0000002d  P2IE                    
0000002c  P2IES                   
0000002b  P2IFG                   
00000028  P2IN                    
00000029  P2OUT                   
0000002f  P2REN                   
0000002e  P2SEL                   
00000042  P2SEL2                  
0000001a  P3DIR                   
00000018  P3IN                    
00000019  P3OUT                   
00000010  P3REN                   
0000001b  P3SEL                   
00000043  P3SEL2                  
0000d93a  System_graceInit        
00000172  TA0CCR0                 
00000174  TA0CCR1                 
00000176  TA0CCR2                 
00000162  TA0CCTL0                
00000164  TA0CCTL1                
00000166  TA0CCTL2                
00000160  TA0CTL                  
0000012e  TA0IV                   
00000170  TA0R                    
00000192  TA1CCR0                 
00000194  TA1CCR1                 
00000196  TA1CCR2                 
00000182  TA1CCTL0                
00000184  TA1CCTL1                
00000186  TA1CCTL2                
00000180  TA1CTL                  
0000011e  TA1IV                   
00000190  TA1R                    
000010db  TLV_ADC10_1_LEN         
000010da  TLV_ADC10_1_TAG         
000010c0  TLV_CHECKSUM            
000010f7  TLV_DCO_30_LEN          
000010f6  TLV_DCO_30_TAG          
0000005d  UCA0ABCTL               
00000062  UCA0BR0                 
00000063  UCA0BR1                 
00000060  UCA0CTL0                
00000061  UCA0CTL1                
0000005f  UCA0IRRCTL              
0000005e  UCA0IRTCTL              
00000064  UCA0MCTL                
00000066  UCA0RXBUF               
00000065  UCA0STAT                
00000067  UCA0TXBUF               
0000006a  UCB0BR0                 
0000006b  UCB0BR1                 
00000068  UCB0CTL0                
00000069  UCB0CTL1                
0000006c  UCB0I2CIE               
00000118  UCB0I2COA               
0000011a  UCB0I2CSA               
0000006e  UCB0RXBUF               
0000006d  UCB0STAT                
0000006f  UCB0TXBUF               
00000120  WDTCTL                  
0000dae0  WDTplus_graceInit       
00000400  __STACK_END             
00000050  __STACK_SIZE            
UNDEFED   __TI_BINIT_Base         
UNDEFED   __TI_BINIT_Limit        
0000db24  __TI_CINIT_Base         
0000db28  __TI_CINIT_Limit        
0000db20  __TI_Handler_Table_Base 
0000db24  __TI_Handler_Table_Limit
UNDEFED   __TI_INITARRAY_Base     
UNDEFED   __TI_INITARRAY_Limit    
0000dae8  __TI_ISR_TRAP           
0000d400  __TI_decompress_lzss    
0000da62  __TI_decompress_none    
0000cc66  __TI_frcaddd            
0000c000  __TI_frcdivd            
0000c772  __TI_frcmpyd            
0000ffe0  __TI_int00              
0000ffe4  __TI_int02              
0000ffe6  __TI_int03              
0000ffea  __TI_int05              
0000ffec  __TI_int06              
0000ffee  __TI_int07              
0000fff0  __TI_int08              
0000fff2  __TI_int09              
0000fff4  __TI_int10              
0000fff6  __TI_int11              
0000fff8  __TI_int12              
0000fffa  __TI_int13              
0000fffc  __TI_int14              
ffffffff  __TI_pprof_out_hndl     
ffffffff  __TI_prof_data_size     
ffffffff  __TI_prof_data_start    
0000d0fe  __TI_renormd            
ffffffff  __c_args__              
0000c478  __mspabi_addd           
0000cec6  __mspabi_divd           
0000d9ea  __mspabi_divu           
0000da50  __mspabi_fixdu          
0000d4f4  __mspabi_fixdul         
0000daf0  __mspabi_fltud          
0000d2f6  __mspabi_fltuld         
0000dad4  __mspabi_func_epilog_1  
0000dad2  __mspabi_func_epilog_2  
0000dad0  __mspabi_func_epilog_3  
0000dace  __mspabi_func_epilog_4  
0000dacc  __mspabi_func_epilog_5  
0000daca  __mspabi_func_epilog_6  
0000dac8  __mspabi_func_epilog_7  
0000c9f8  __mspabi_mpyd           
0000da2a  __mspabi_mpyi           
0000da2a  __mspabi_mpyi_sw        
0000d8f2  __mspabi_mpyl           
0000d8f2  __mspabi_mpyl_sw        
0000d9ea  __mspabi_remu           
0000d8c6  __mspabi_slli           
0000d8ee  __mspabi_slli_1         
0000d8dc  __mspabi_slli_10        
0000d8da  __mspabi_slli_11        
0000d8d8  __mspabi_slli_12        
0000d8d6  __mspabi_slli_13        
0000d8d4  __mspabi_slli_14        
0000d8d2  __mspabi_slli_15        
0000d8ec  __mspabi_slli_2         
0000d8ea  __mspabi_slli_3         
0000d8e8  __mspabi_slli_4         
0000d8e6  __mspabi_slli_5         
0000d8e4  __mspabi_slli_6         
0000d8e2  __mspabi_slli_7         
0000d8e0  __mspabi_slli_8         
0000d8de  __mspabi_slli_9         
0000dab8  __mspabi_slll           
0000d7fe  __mspabi_slll_1         
0000d7da  __mspabi_slll_10        
0000d7d6  __mspabi_slll_11        
0000d7d2  __mspabi_slll_12        
0000d7ce  __mspabi_slll_13        
0000d7ca  __mspabi_slll_14        
0000d7c6  __mspabi_slll_15        
0000d7fa  __mspabi_slll_2         
0000d7f6  __mspabi_slll_3         
0000d7f2  __mspabi_slll_4         
0000d7ee  __mspabi_slll_5         
0000d7ea  __mspabi_slll_6         
0000d7e6  __mspabi_slll_7         
0000d7e2  __mspabi_slll_8         
0000d7de  __mspabi_slll_9         
0000d89a  __mspabi_srai           
0000d8c2  __mspabi_srai_1         
0000d8b0  __mspabi_srai_10        
0000d8ae  __mspabi_srai_11        
0000d8ac  __mspabi_srai_12        
0000d8aa  __mspabi_srai_13        
0000d8a8  __mspabi_srai_14        
0000d8a6  __mspabi_srai_15        
0000d8c0  __mspabi_srai_2         
0000d8be  __mspabi_srai_3         
0000d8bc  __mspabi_srai_4         
0000d8ba  __mspabi_srai_5         
0000d8b8  __mspabi_srai_6         
0000d8b6  __mspabi_srai_7         
0000d8b4  __mspabi_srai_8         
0000d8b2  __mspabi_srai_9         
0000daa8  __mspabi_sral           
0000d7c0  __mspabi_sral_1         
0000d79c  __mspabi_sral_10        
0000d798  __mspabi_sral_11        
0000d794  __mspabi_sral_12        
0000d790  __mspabi_sral_13        
0000d78c  __mspabi_sral_14        
0000d788  __mspabi_sral_15        
0000d7bc  __mspabi_sral_2         
0000d7b8  __mspabi_sral_3         
0000d7b4  __mspabi_sral_4         
0000d7b0  __mspabi_sral_5         
0000d7ac  __mspabi_sral_6         
0000d7a8  __mspabi_sral_7         
0000d7a4  __mspabi_sral_8         
0000d7a0  __mspabi_sral_9         
0000d6fa  __mspabi_srli           
0000d740  __mspabi_srli_1         
0000d71c  __mspabi_srli_10        
0000d718  __mspabi_srli_11        
0000d714  __mspabi_srli_12        
0000d710  __mspabi_srli_13        
0000d70c  __mspabi_srli_14        
0000d708  __mspabi_srli_15        
0000d73c  __mspabi_srli_2         
0000d738  __mspabi_srli_3         
0000d734  __mspabi_srli_4         
0000d730  __mspabi_srli_5         
0000d72c  __mspabi_srli_6         
0000d728  __mspabi_srli_7         
0000d724  __mspabi_srli_8         
0000d720  __mspabi_srli_9         
0000da74  __mspabi_srll           
0000d698  __mspabi_srll_1         
0000d662  __mspabi_srll_10        
0000d65c  __mspabi_srll_11        
0000d656  __mspabi_srll_12        
0000d650  __mspabi_srll_13        
0000d64a  __mspabi_srll_14        
0000d644  __mspabi_srll_15        
0000d692  __mspabi_srll_2         
0000d68c  __mspabi_srll_3         
0000d686  __mspabi_srll_4         
0000d680  __mspabi_srll_5         
0000d67a  __mspabi_srll_6         
0000d674  __mspabi_srll_7         
0000d66e  __mspabi_srll_8         
0000d668  __mspabi_srll_9         
0000d86c  __mspabi_subd           
0000d5d6  _auto_init              
0000d970  _c_int00_noargs_noexit  
0000fffe  _reset_vector           
000003b0  _stack                  
0000db00  _system_post_cinit      
0000dafc  _system_pre_init        
0000daf6  abort                   
0000d6a0  copy_in                 
0000da16  delay_ms                
0000d98a  delay_us                
0000d47c  get_temp                
0000d746  get_volt                
0000d1bc  lcd_print               
0000d380  main                    
0000da86  memcpy                  
0000da00  toggle_EN_pin           
0000d9a4  toggle_io               


GLOBAL SYMBOLS: SORTED BY Symbol Address 

address   name                    
-------   ----                    
00000000  IE1                     
00000001  IE2                     
00000002  IFG1                    
00000003  IFG2                    
00000010  P3REN                   
00000018  P3IN                    
00000019  P3OUT                   
0000001a  P3DIR                   
0000001b  P3SEL                   
00000020  P1IN                    
00000021  P1OUT                   
00000022  P1DIR                   
00000023  P1IFG                   
00000024  P1IES                   
00000025  P1IE                    
00000026  P1SEL                   
00000027  P1REN                   
00000028  P2IN                    
00000029  P2OUT                   
0000002a  P2DIR                   
0000002b  P2IFG                   
0000002c  P2IES                   
0000002d  P2IE                    
0000002e  P2SEL                   
0000002f  P2REN                   
00000041  P1SEL2                  
00000042  P2SEL2                  
00000043  P3SEL2                  
00000048  ADC10DTC0               
00000049  ADC10DTC1               
0000004a  ADC10AE0                
00000050  __STACK_SIZE            
00000053  BCSCTL3                 
00000056  DCOCTL                  
00000057  BCSCTL1                 
00000058  BCSCTL2                 
00000059  CACTL1                  
0000005a  CACTL2                  
0000005b  CAPD                    
0000005d  UCA0ABCTL               
0000005e  UCA0IRTCTL              
0000005f  UCA0IRRCTL              
00000060  UCA0CTL0                
00000061  UCA0CTL1                
00000062  UCA0BR0                 
00000063  UCA0BR1                 
00000064  UCA0MCTL                
00000065  UCA0STAT                
00000066  UCA0RXBUF               
00000067  UCA0TXBUF               
00000068  UCB0CTL0                
00000069  UCB0CTL1                
0000006a  UCB0BR0                 
0000006b  UCB0BR1                 
0000006c  UCB0I2CIE               
0000006d  UCB0STAT                
0000006e  UCB0RXBUF               
0000006f  UCB0TXBUF               
00000118  UCB0I2COA               
0000011a  UCB0I2CSA               
0000011e  TA1IV                   
00000120  WDTCTL                  
00000128  FCTL1                   
0000012a  FCTL2                   
0000012c  FCTL3                   
0000012e  TA0IV                   
00000160  TA0CTL                  
00000162  TA0CCTL0                
00000164  TA0CCTL1                
00000166  TA0CCTL2                
00000170  TA0R                    
00000172  TA0CCR0                 
00000174  TA0CCR1                 
00000176  TA0CCR2                 
00000180  TA1CTL                  
00000182  TA1CCTL0                
00000184  TA1CCTL1                
00000186  TA1CCTL2                
00000190  TA1R                    
00000192  TA1CCR0                 
00000194  TA1CCR1                 
00000196  TA1CCR2                 
000001b0  ADC10CTL0               
000001b2  ADC10CTL1               
000001b4  ADC10MEM                
000001bc  ADC10SA                 
00000200  ADC_Value               
000003b0  _stack                  
00000400  __STACK_END             
000010c0  TLV_CHECKSUM            
000010da  TLV_ADC10_1_TAG         
000010db  TLV_ADC10_1_LEN         
000010f6  TLV_DCO_30_TAG          
000010f7  TLV_DCO_30_LEN          
000010f8  CALDCO_16MHZ            
000010f9  CALBC1_16MHZ            
000010fa  CALDCO_12MHZ            
000010fb  CALBC1_12MHZ            
000010fc  CALDCO_8MHZ             
000010fd  CALBC1_8MHZ             
000010fe  CALDCO_1MHZ             
000010ff  CALBC1_1MHZ             
0000c000  __TI_frcdivd            
0000c478  __mspabi_addd           
0000c772  __TI_frcmpyd            
0000c9f8  __mspabi_mpyd           
0000cc66  __TI_frcaddd            
0000cec6  __mspabi_divd           
0000d0fe  __TI_renormd            
0000d1bc  lcd_print               
0000d25e  LCD_init                
0000d2f6  __mspabi_fltuld         
0000d380  main                    
0000d400  __TI_decompress_lzss    
0000d47c  get_temp                
0000d4f4  __mspabi_fixdul         
0000d568  LCD_4bit_send           
0000d5d6  _auto_init              
0000d644  __mspabi_srll_15        
0000d64a  __mspabi_srll_14        
0000d650  __mspabi_srll_13        
0000d656  __mspabi_srll_12        
0000d65c  __mspabi_srll_11        
0000d662  __mspabi_srll_10        
0000d668  __mspabi_srll_9         
0000d66e  __mspabi_srll_8         
0000d674  __mspabi_srll_7         
0000d67a  __mspabi_srll_6         
0000d680  __mspabi_srll_5         
0000d686  __mspabi_srll_4         
0000d68c  __mspabi_srll_3         
0000d692  __mspabi_srll_2         
0000d698  __mspabi_srll_1         
0000d6a0  copy_in                 
0000d6fa  __mspabi_srli           
0000d708  __mspabi_srli_15        
0000d70c  __mspabi_srli_14        
0000d710  __mspabi_srli_13        
0000d714  __mspabi_srli_12        
0000d718  __mspabi_srli_11        
0000d71c  __mspabi_srli_10        
0000d720  __mspabi_srli_9         
0000d724  __mspabi_srli_8         
0000d728  __mspabi_srli_7         
0000d72c  __mspabi_srli_6         
0000d730  __mspabi_srli_5         
0000d734  __mspabi_srli_4         
0000d738  __mspabi_srli_3         
0000d73c  __mspabi_srli_2         
0000d740  __mspabi_srli_1         
0000d746  get_volt                
0000d788  __mspabi_sral_15        
0000d78c  __mspabi_sral_14        
0000d790  __mspabi_sral_13        
0000d794  __mspabi_sral_12        
0000d798  __mspabi_sral_11        
0000d79c  __mspabi_sral_10        
0000d7a0  __mspabi_sral_9         
0000d7a4  __mspabi_sral_8         
0000d7a8  __mspabi_sral_7         
0000d7ac  __mspabi_sral_6         
0000d7b0  __mspabi_sral_5         
0000d7b4  __mspabi_sral_4         
0000d7b8  __mspabi_sral_3         
0000d7bc  __mspabi_sral_2         
0000d7c0  __mspabi_sral_1         
0000d7c6  __mspabi_slll_15        
0000d7ca  __mspabi_slll_14        
0000d7ce  __mspabi_slll_13        
0000d7d2  __mspabi_slll_12        
0000d7d6  __mspabi_slll_11        
0000d7da  __mspabi_slll_10        
0000d7de  __mspabi_slll_9         
0000d7e2  __mspabi_slll_8         
0000d7e6  __mspabi_slll_7         
0000d7ea  __mspabi_slll_6         
0000d7ee  __mspabi_slll_5         
0000d7f2  __mspabi_slll_4         
0000d7f6  __mspabi_slll_3         
0000d7fa  __mspabi_slll_2         
0000d7fe  __mspabi_slll_1         
0000d804  BCSplus_graceInit       
0000d838  GPIO_graceInit          
0000d86c  __mspabi_subd           
0000d89a  __mspabi_srai           
0000d8a6  __mspabi_srai_15        
0000d8a8  __mspabi_srai_14        
0000d8aa  __mspabi_srai_13        
0000d8ac  __mspabi_srai_12        
0000d8ae  __mspabi_srai_11        
0000d8b0  __mspabi_srai_10        
0000d8b2  __mspabi_srai_9         
0000d8b4  __mspabi_srai_8         
0000d8b6  __mspabi_srai_7         
0000d8b8  __mspabi_srai_6         
0000d8ba  __mspabi_srai_5         
0000d8bc  __mspabi_srai_4         
0000d8be  __mspabi_srai_3         
0000d8c0  __mspabi_srai_2         
0000d8c2  __mspabi_srai_1         
0000d8c6  __mspabi_slli           
0000d8d2  __mspabi_slli_15        
0000d8d4  __mspabi_slli_14        
0000d8d6  __mspabi_slli_13        
0000d8d8  __mspabi_slli_12        
0000d8da  __mspabi_slli_11        
0000d8dc  __mspabi_slli_10        
0000d8de  __mspabi_slli_9         
0000d8e0  __mspabi_slli_8         
0000d8e2  __mspabi_slli_7         
0000d8e4  __mspabi_slli_6         
0000d8e6  __mspabi_slli_5         
0000d8e8  __mspabi_slli_4         
0000d8ea  __mspabi_slli_3         
0000d8ec  __mspabi_slli_2         
0000d8ee  __mspabi_slli_1         
0000d8f2  __mspabi_mpyl           
0000d8f2  __mspabi_mpyl_sw        
0000d918  LCD_goto                
0000d93a  System_graceInit        
0000d956  LCD_send                
0000d970  _c_int00_noargs_noexit  
0000d98a  delay_us                
0000d9a4  toggle_io               
0000d9be  ADC10_graceInit         
0000d9d4  LCD_putstr              
0000d9ea  __mspabi_divu           
0000d9ea  __mspabi_remu           
0000da00  toggle_EN_pin           
0000da16  delay_ms                
0000da2a  __mspabi_mpyi           
0000da2a  __mspabi_mpyi_sw        
0000da3e  LCD_clear_home          
0000da50  __mspabi_fixdu          
0000da62  __TI_decompress_none    
0000da74  __mspabi_srll           
0000da86  memcpy                  
0000da98  ADC10_ISR_HOOK          
0000daa8  __mspabi_sral           
0000dab8  __mspabi_slll           
0000dac8  __mspabi_func_epilog_7  
0000daca  __mspabi_func_epilog_6  
0000dacc  __mspabi_func_epilog_5  
0000dace  __mspabi_func_epilog_4  
0000dad0  __mspabi_func_epilog_3  
0000dad2  __mspabi_func_epilog_2  
0000dad4  __mspabi_func_epilog_1  
0000dad8  LCD_putchar             
0000dae0  WDTplus_graceInit       
0000dae8  __TI_ISR_TRAP           
0000daf0  __mspabi_fltud          
0000daf6  C$$EXIT                 
0000daf6  abort                   
0000dafc  _system_pre_init        
0000db00  _system_post_cinit      
0000db20  __TI_Handler_Table_Base 
0000db24  __TI_CINIT_Base         
0000db24  __TI_Handler_Table_Limit
0000db28  __TI_CINIT_Limit        
0000ffe0  __TI_int00              
0000ffe4  __TI_int02              
0000ffe6  __TI_int03              
0000ffea  __TI_int05              
0000ffec  __TI_int06              
0000ffee  __TI_int07              
0000fff0  __TI_int08              
0000fff2  __TI_int09              
0000fff4  __TI_int10              
0000fff6  __TI_int11              
0000fff8  __TI_int12              
0000fffa  __TI_int13              
0000fffc  __TI_int14              
0000fffe  _reset_vector           
ffffffff  __TI_pprof_out_hndl     
ffffffff  __TI_prof_data_size     
ffffffff  __TI_prof_data_start    
ffffffff  __c_args__              
UNDEFED   __TI_BINIT_Base         
UNDEFED   __TI_BINIT_Limit        
UNDEFED   __TI_INITARRAY_Base     
UNDEFED   __TI_INITARRAY_Limit    

[281 symbols]
