******************************************************************************
                  MSP430 Linker PC v17.6.0                     
******************************************************************************
>> Linked Wed Feb 21 23:36:40 2018

OUTPUT FILE NAME:   <ADC10_Sequence_of_Channels.out>
ENTRY POINT SYMBOL: "_c_int00_noargs_noexit"  address: 0000e5d8


MEMORY CONFIGURATION

         name            origin    length      used     unused   attr    fill
----------------------  --------  ---------  --------  --------  ----  --------
  SFR                   00000000   00000010  00000000  00000010  RWIX
  PERIPHERALS_8BIT      00000010   000000f0  00000000  000000f0  RWIX
  PERIPHERALS_16BIT     00000100   00000100  00000000  00000100  RWIX
  RAM                   00000200   00000100  00000056  000000aa  RWIX
  INFOD                 00001000   00000040  00000000  00000040  RWIX
  INFOC                 00001040   00000040  00000000  00000040  RWIX
  INFOB                 00001080   00000040  00000000  00000040  RWIX
  INFOA                 000010c0   00000040  00000000  00000040  RWIX
  FLASH                 0000e000   00001fe0  00000710  000018d0  RWIX
  INT00                 0000ffe0   00000002  00000000  00000002  RWIX
  INT01                 0000ffe2   00000002  00000000  00000002  RWIX
  INT02                 0000ffe4   00000002  00000002  00000000  RWIX
  INT03                 0000ffe6   00000002  00000002  00000000  RWIX
  INT04                 0000ffe8   00000002  00000002  00000000  RWIX
  INT05                 0000ffea   00000002  00000002  00000000  RWIX
  INT06                 0000ffec   00000002  00000000  00000002  RWIX
  INT07                 0000ffee   00000002  00000000  00000002  RWIX
  INT08                 0000fff0   00000002  00000002  00000000  RWIX
  INT09                 0000fff2   00000002  00000002  00000000  RWIX
  INT10                 0000fff4   00000002  00000002  00000000  RWIX
  INT11                 0000fff6   00000002  00000002  00000000  RWIX
  INT12                 0000fff8   00000002  00000000  00000002  RWIX
  INT13                 0000fffa   00000002  00000000  00000002  RWIX
  INT14                 0000fffc   00000002  00000002  00000000  RWIX
  RESET                 0000fffe   00000002  00000002  00000000  RWIX


SECTION ALLOCATION MAP

 output                                  attributes/
section   page    origin      length       input sections
--------  ----  ----------  ----------   ----------------
.data      0    00000200    00000004     UNINITIALIZED
                  00000200    00000004     main.obj (.data:ADC_value)

.bss       0    00000204    00000002     UNINITIALIZED
                  00000204    00000002     lcd.obj (.bss)

.stack     0    000002b0    00000050     UNINITIALIZED
                  000002b0    00000002     rts430_eabi.lib : boot.obj (.stack)
                  000002b2    0000004e     --HOLE--

.text      0    0000e000    000006ee     
                  0000e000    000000a2     main.obj (.text:lcd_print)
                  0000e0a2    0000007c     rts430_eabi.lib : copy_decompress_lzss.obj (.text:decompress:lzss:__TI_decompress_lzss)
                  0000e11e    00000078     main.obj (.text:main)
                  0000e196    0000006e     rts430_eabi.lib : autoinit.obj (.text:_auto_init)
                  0000e204    00000060     lcd.obj (.text:LCD_init)
                  0000e264    0000005a     rts430_eabi.lib : cpy_tbl.obj (.text:copy_in)
                  0000e2be    00000054     SW_I2C.obj (.text:SW_I2C_write)
                  0000e312    0000004c     rts430_eabi.lib : lsr16.obj (.text)
                  0000e35e    00000048     lcd.obj (.text:LCD_4bit_send)
                  0000e3a6    00000048     lcd.obj (.text:LCD_send)
                  0000e3ee    00000038     SW_I2C.obj (.text:SW_I2C_ACK_NACK)
                  0000e426    00000034     main.obj (.text:BCSplus_graceInit)
                  0000e45a    0000002c     SW_I2C.obj (.text:SW_I2C_start)
                  0000e486    0000002c     SW_I2C.obj (.text:SW_I2C_stop)
                  0000e4b2    0000002c     rts430_eabi.lib : lsl16.obj (.text)
                  0000e4de    0000002a     main.obj (.text:ADC10_graceInit)
                  0000e508    0000002a     PCF8574.obj (.text:PCF8574_write)
                  0000e532    00000028     lcd.obj (.text:LCD_toggle_EN)
                  0000e55a    00000022     main.obj (.text:GPIO_graceInit)
                  0000e57c    00000022     lcd.obj (.text:LCD_goto)
                  0000e59e    00000020     SW_I2C.obj (.text:SW_I2C_init)
                  0000e5be    0000001a     main.obj (.text:System_graceInit)
                  0000e5d8    0000001a     rts430_eabi.lib : boot_special.obj (.text:_c_int00_noargs_noexit)
                  0000e5f2    00000016                     : div16u.obj (.text)
                  0000e608    00000014     lcd.obj (.text:LCD_putchar)
                  0000e61c    00000014     lcd.obj (.text:LCD_putstr)
                  0000e630    00000014     rts430_eabi.lib : copy_zero_init.obj (.text:decompress:ZI:__TI_zero_init)
                  0000e644    00000014     delay.obj (.text:delay_ms)
                  0000e658    00000014     rts430_eabi.lib : mult16.obj (.text)
                  0000e66c    00000012     lcd.obj (.text:LCD_clear_home)
                  0000e67e    00000012     rts430_eabi.lib : copy_decompress_none.obj (.text:decompress:none:__TI_decompress_none)
                  0000e690    00000012     delay.obj (.text:delay_us)
                  0000e6a2    00000012     rts430_eabi.lib : memcpy.obj (.text:memcpy)
                  0000e6b4    00000010                     : epilog.obj (.text)
                  0000e6c4    0000000e     PCF8574.obj (.text:PCF8574_init)
                  0000e6d2    00000008     main.obj (.text:WDTplus_graceInit)
                  0000e6da    00000008     rts430_eabi.lib : isr_trap.obj (.text:_isr:__TI_ISR_TRAP)
                  0000e6e2    00000006                     : exit.obj (.text:abort)
                  0000e6e8    00000004                     : pre_init.obj (.text:_system_pre_init)
                  0000e6ec    00000002                     : startup.obj (.text:_system_post_cinit)

.const     0    0000e6ee    00000008     
                  0000e6ee    00000008     main.obj (.const:.string)

.cinit     0    0000e6f6    0000001a     
                  0000e6f6    00000007     (.cinit..data.load) [load image, compression = lzss]
                  0000e6fd    00000001     --HOLE-- [fill = 0]
                  0000e6fe    00000006     (__TI_handler_table)
                  0000e704    00000004     (.cinit..bss.load) [load image, compression = zero_init]
                  0000e708    00000008     (__TI_cinit_table)

.binit     0    0000e000    00000000     

.init_array 
*          0    0000e000    00000000     UNINITIALIZED

PORT1      0    0000ffe4    00000002     
                  0000ffe4    00000002     rts430_eabi.lib : int02.obj (.int02)

PORT2      0    0000ffe6    00000002     
                  0000ffe6    00000002     rts430_eabi.lib : int03.obj (.int03)

USI        0    0000ffe8    00000002     
                  0000ffe8    00000002     rts430_eabi.lib : int04.obj (.int04)

ADC10      0    0000ffea    00000002     
                  0000ffea    00000002     rts430_eabi.lib : int05.obj (.int05)

TIMER0_A1 
*          0    0000fff0    00000002     
                  0000fff0    00000002     rts430_eabi.lib : int08.obj (.int08)

TIMER0_A0 
*          0    0000fff2    00000002     
                  0000fff2    00000002     rts430_eabi.lib : int09.obj (.int09)

WDT        0    0000fff4    00000002     
                  0000fff4    00000002     rts430_eabi.lib : int10.obj (.int10)

COMPARATORA 
*          0    0000fff6    00000002     
                  0000fff6    00000002     rts430_eabi.lib : int11.obj (.int11)

NMI        0    0000fffc    00000002     
                  0000fffc    00000002     rts430_eabi.lib : int14.obj (.int14)

.reset     0    0000fffe    00000002     
                  0000fffe    00000002     rts430_eabi.lib : boot.obj (.reset)

MODULE SUMMARY

       Module                     code   ro data   rw data
       ------                     ----   -------   -------
    .\
       main.obj                   444    8         4      
    +--+--------------------------+------+---------+---------+
       Total:                     444    8         4      
                                                          
    .\Libraries\
       lcd.obj                    372    0         2      
       SW_I2C.obj                 260    0         0      
       PCF8574.obj                56     0         0      
       delay.obj                  38     0         0      
    +--+--------------------------+------+---------+---------+
       Total:                     726    0         2      
                                                          
    C:\ti\ccsv7\tools\compiler\ti-cgt-msp430_17.6.0.STS\lib\rts430_eabi.lib
       copy_decompress_lzss.obj   124    0         0      
       autoinit.obj               110    0         0      
       cpy_tbl.obj                90     0         0      
       lsr16.obj                  76     0         0      
       lsl16.obj                  44     0         0      
       boot_special.obj           26     0         0      
       div16u.obj                 22     0         0      
       copy_zero_init.obj         20     0         0      
       mult16.obj                 20     0         0      
       copy_decompress_none.obj   18     0         0      
       memcpy.obj                 18     0         0      
       epilog.obj                 16     0         0      
       isr_trap.obj               8      0         0      
       exit.obj                   6      0         0      
       pre_init.obj               4      0         0      
       boot.obj                   0      2         0      
       int02.obj                  0      2         0      
       int03.obj                  0      2         0      
       int04.obj                  0      2         0      
       int05.obj                  0      2         0      
       int08.obj                  0      2         0      
       int09.obj                  0      2         0      
       int10.obj                  0      2         0      
       int11.obj                  0      2         0      
       int14.obj                  0      2         0      
       startup.obj                2      0         0      
    +--+--------------------------+------+---------+---------+
       Total:                     604    20        0      
                                                          
       Stack:                     0      0         80     
       Linker Generated:          0      25        0      
    +--+--------------------------+------+---------+---------+
       Grand Total:               1774   53        86     


LINKER GENERATED COPY TABLES

__TI_cinit_table @ 0000e708 records: 2, size/record: 4, table size: 8
	.data: load addr=0000e6f6, load size=00000007 bytes, run addr=00000200, run size=00000004 bytes, compression=lzss
	.bss: load addr=0000e704, load size=00000004 bytes, run addr=00000204, run size=00000002 bytes, compression=zero_init


LINKER GENERATED HANDLER TABLE

__TI_handler_table @ 0000e6fe records: 3, size/record: 2, table size: 6
	index: 0, handler: __TI_zero_init
	index: 1, handler: __TI_decompress_lzss
	index: 2, handler: __TI_decompress_none


GLOBAL SYMBOLS: SORTED ALPHABETICALLY BY Name 

address   name                    
-------   ----                    
0000004a  ADC10AE0                
000001b0  ADC10CTL0               
000001b2  ADC10CTL1               
00000048  ADC10DTC0               
00000049  ADC10DTC1               
000001b4  ADC10MEM                
000001bc  ADC10SA                 
0000e4de  ADC10_graceInit         
00000200  ADC_value               
00000057  BCSCTL1                 
00000058  BCSCTL2                 
00000053  BCSCTL3                 
0000e426  BCSplus_graceInit       
0000e6e2  C$$EXIT                 
00000059  CACTL1                  
0000005a  CACTL2                  
000010fb  CALBC1_12MHZ            
000010f9  CALBC1_16MHZ            
000010ff  CALBC1_1MHZ             
000010fd  CALBC1_8MHZ             
000010fa  CALDCO_12MHZ            
000010f8  CALDCO_16MHZ            
000010fe  CALDCO_1MHZ             
000010fc  CALDCO_8MHZ             
0000005b  CAPD                    
00000056  DCOCTL                  
00000128  FCTL1                   
0000012a  FCTL2                   
0000012c  FCTL3                   
0000e55a  GPIO_graceInit          
00000000  IE1                     
00000002  IFG1                    
0000e35e  LCD_4bit_send           
0000e66c  LCD_clear_home          
0000e57c  LCD_goto                
0000e204  LCD_init                
0000e608  LCD_putchar             
0000e61c  LCD_putstr              
0000e3a6  LCD_send                
0000e532  LCD_toggle_EN           
00000022  P1DIR                   
00000025  P1IE                    
00000024  P1IES                   
00000023  P1IFG                   
00000020  P1IN                    
00000021  P1OUT                   
00000027  P1REN                   
00000026  P1SEL                   
00000041  P1SEL2                  
0000002a  P2DIR                   
0000002d  P2IE                    
0000002c  P2IES                   
0000002b  P2IFG                   
00000028  P2IN                    
00000029  P2OUT                   
0000002f  P2REN                   
0000002e  P2SEL                   
00000042  P2SEL2                  
0000e6c4  PCF8574_init            
0000e508  PCF8574_write           
0000e3ee  SW_I2C_ACK_NACK         
0000e59e  SW_I2C_init             
0000e45a  SW_I2C_start            
0000e486  SW_I2C_stop             
0000e2be  SW_I2C_write            
0000e5be  System_graceInit        
00000172  TA0CCR0                 
00000174  TA0CCR1                 
00000176  TA0CCR2                 
00000162  TA0CCTL0                
00000164  TA0CCTL1                
00000166  TA0CCTL2                
00000160  TA0CTL                  
0000012e  TA0IV                   
00000170  TA0R                    
000010db  TLV_ADC10_1_LEN         
000010da  TLV_ADC10_1_TAG         
000010c0  TLV_CHECKSUM            
000010f7  TLV_DCO_30_LEN          
000010f6  TLV_DCO_30_TAG          
0000007a  USICCTL                 
0000007a  USICKCTL                
0000007b  USICNT                  
00000078  USICTL                  
00000078  USICTL0                 
00000079  USICTL1                 
0000007c  USISR                   
0000007d  USISRH                  
0000007c  USISRL                  
00000120  WDTCTL                  
0000e6d2  WDTplus_graceInit       
00000300  __STACK_END             
00000050  __STACK_SIZE            
UNDEFED   __TI_BINIT_Base         
UNDEFED   __TI_BINIT_Limit        
0000e708  __TI_CINIT_Base         
0000e710  __TI_CINIT_Limit        
0000e6fe  __TI_Handler_Table_Base 
0000e704  __TI_Handler_Table_Limit
UNDEFED   __TI_INITARRAY_Base     
UNDEFED   __TI_INITARRAY_Limit    
0000e6da  __TI_ISR_TRAP           
0000e0a2  __TI_decompress_lzss    
0000e67e  __TI_decompress_none    
0000ffe4  __TI_int02              
0000ffe6  __TI_int03              
0000ffe8  __TI_int04              
0000ffea  __TI_int05              
0000fff0  __TI_int08              
0000fff2  __TI_int09              
0000fff4  __TI_int10              
0000fff6  __TI_int11              
0000fffc  __TI_int14              
ffffffff  __TI_pprof_out_hndl     
ffffffff  __TI_prof_data_size     
ffffffff  __TI_prof_data_start    
0000e630  __TI_zero_init          
ffffffff  __c_args__              
0000e5f2  __mspabi_divu           
0000e6c0  __mspabi_func_epilog_1  
0000e6be  __mspabi_func_epilog_2  
0000e6bc  __mspabi_func_epilog_3  
0000e6ba  __mspabi_func_epilog_4  
0000e6b8  __mspabi_func_epilog_5  
0000e6b6  __mspabi_func_epilog_6  
0000e6b4  __mspabi_func_epilog_7  
0000e658  __mspabi_mpyi           
0000e658  __mspabi_mpyi_sw        
0000e5f2  __mspabi_remu           
0000e4b2  __mspabi_slli           
0000e4da  __mspabi_slli_1         
0000e4c8  __mspabi_slli_10        
0000e4c6  __mspabi_slli_11        
0000e4c4  __mspabi_slli_12        
0000e4c2  __mspabi_slli_13        
0000e4c0  __mspabi_slli_14        
0000e4be  __mspabi_slli_15        
0000e4d8  __mspabi_slli_2         
0000e4d6  __mspabi_slli_3         
0000e4d4  __mspabi_slli_4         
0000e4d2  __mspabi_slli_5         
0000e4d0  __mspabi_slli_6         
0000e4ce  __mspabi_slli_7         
0000e4cc  __mspabi_slli_8         
0000e4ca  __mspabi_slli_9         
0000e312  __mspabi_srli           
0000e358  __mspabi_srli_1         
0000e334  __mspabi_srli_10        
0000e330  __mspabi_srli_11        
0000e32c  __mspabi_srli_12        
0000e328  __mspabi_srli_13        
0000e324  __mspabi_srli_14        
0000e320  __mspabi_srli_15        
0000e354  __mspabi_srli_2         
0000e350  __mspabi_srli_3         
0000e34c  __mspabi_srli_4         
0000e348  __mspabi_srli_5         
0000e344  __mspabi_srli_6         
0000e340  __mspabi_srli_7         
0000e33c  __mspabi_srli_8         
0000e338  __mspabi_srli_9         
0000e196  _auto_init              
0000e5d8  _c_int00_noargs_noexit  
0000fffe  _reset_vector           
000002b0  _stack                  
0000e6ec  _system_post_cinit      
0000e6e8  _system_pre_init        
0000e6e2  abort                   
0000e264  copy_in                 
0000e644  delay_ms                
0000e690  delay_us                
0000e000  lcd_print               
0000e11e  main                    
0000e6a2  memcpy                  


GLOBAL SYMBOLS: SORTED BY Symbol Address 

address   name                    
-------   ----                    
00000000  IE1                     
00000002  IFG1                    
00000020  P1IN                    
00000021  P1OUT                   
00000022  P1DIR                   
00000023  P1IFG                   
00000024  P1IES                   
00000025  P1IE                    
00000026  P1SEL                   
00000027  P1REN                   
00000028  P2IN                    
00000029  P2OUT                   
0000002a  P2DIR                   
0000002b  P2IFG                   
0000002c  P2IES                   
0000002d  P2IE                    
0000002e  P2SEL                   
0000002f  P2REN                   
00000041  P1SEL2                  
00000042  P2SEL2                  
00000048  ADC10DTC0               
00000049  ADC10DTC1               
0000004a  ADC10AE0                
00000050  __STACK_SIZE            
00000053  BCSCTL3                 
00000056  DCOCTL                  
00000057  BCSCTL1                 
00000058  BCSCTL2                 
00000059  CACTL1                  
0000005a  CACTL2                  
0000005b  CAPD                    
00000078  USICTL                  
00000078  USICTL0                 
00000079  USICTL1                 
0000007a  USICCTL                 
0000007a  USICKCTL                
0000007b  USICNT                  
0000007c  USISR                   
0000007c  USISRL                  
0000007d  USISRH                  
00000120  WDTCTL                  
00000128  FCTL1                   
0000012a  FCTL2                   
0000012c  FCTL3                   
0000012e  TA0IV                   
00000160  TA0CTL                  
00000162  TA0CCTL0                
00000164  TA0CCTL1                
00000166  TA0CCTL2                
00000170  TA0R                    
00000172  TA0CCR0                 
00000174  TA0CCR1                 
00000176  TA0CCR2                 
000001b0  ADC10CTL0               
000001b2  ADC10CTL1               
000001b4  ADC10MEM                
000001bc  ADC10SA                 
00000200  ADC_value               
000002b0  _stack                  
00000300  __STACK_END             
000010c0  TLV_CHECKSUM            
000010da  TLV_ADC10_1_TAG         
000010db  TLV_ADC10_1_LEN         
000010f6  TLV_DCO_30_TAG          
000010f7  TLV_DCO_30_LEN          
000010f8  CALDCO_16MHZ            
000010f9  CALBC1_16MHZ            
000010fa  CALDCO_12MHZ            
000010fb  CALBC1_12MHZ            
000010fc  CALDCO_8MHZ             
000010fd  CALBC1_8MHZ             
000010fe  CALDCO_1MHZ             
000010ff  CALBC1_1MHZ             
0000e000  lcd_print               
0000e0a2  __TI_decompress_lzss    
0000e11e  main                    
0000e196  _auto_init              
0000e204  LCD_init                
0000e264  copy_in                 
0000e2be  SW_I2C_write            
0000e312  __mspabi_srli           
0000e320  __mspabi_srli_15        
0000e324  __mspabi_srli_14        
0000e328  __mspabi_srli_13        
0000e32c  __mspabi_srli_12        
0000e330  __mspabi_srli_11        
0000e334  __mspabi_srli_10        
0000e338  __mspabi_srli_9         
0000e33c  __mspabi_srli_8         
0000e340  __mspabi_srli_7         
0000e344  __mspabi_srli_6         
0000e348  __mspabi_srli_5         
0000e34c  __mspabi_srli_4         
0000e350  __mspabi_srli_3         
0000e354  __mspabi_srli_2         
0000e358  __mspabi_srli_1         
0000e35e  LCD_4bit_send           
0000e3a6  LCD_send                
0000e3ee  SW_I2C_ACK_NACK         
0000e426  BCSplus_graceInit       
0000e45a  SW_I2C_start            
0000e486  SW_I2C_stop             
0000e4b2  __mspabi_slli           
0000e4be  __mspabi_slli_15        
0000e4c0  __mspabi_slli_14        
0000e4c2  __mspabi_slli_13        
0000e4c4  __mspabi_slli_12        
0000e4c6  __mspabi_slli_11        
0000e4c8  __mspabi_slli_10        
0000e4ca  __mspabi_slli_9         
0000e4cc  __mspabi_slli_8         
0000e4ce  __mspabi_slli_7         
0000e4d0  __mspabi_slli_6         
0000e4d2  __mspabi_slli_5         
0000e4d4  __mspabi_slli_4         
0000e4d6  __mspabi_slli_3         
0000e4d8  __mspabi_slli_2         
0000e4da  __mspabi_slli_1         
0000e4de  ADC10_graceInit         
0000e508  PCF8574_write           
0000e532  LCD_toggle_EN           
0000e55a  GPIO_graceInit          
0000e57c  LCD_goto                
0000e59e  SW_I2C_init             
0000e5be  System_graceInit        
0000e5d8  _c_int00_noargs_noexit  
0000e5f2  __mspabi_divu           
0000e5f2  __mspabi_remu           
0000e608  LCD_putchar             
0000e61c  LCD_putstr              
0000e630  __TI_zero_init          
0000e644  delay_ms                
0000e658  __mspabi_mpyi           
0000e658  __mspabi_mpyi_sw        
0000e66c  LCD_clear_home          
0000e67e  __TI_decompress_none    
0000e690  delay_us                
0000e6a2  memcpy                  
0000e6b4  __mspabi_func_epilog_7  
0000e6b6  __mspabi_func_epilog_6  
0000e6b8  __mspabi_func_epilog_5  
0000e6ba  __mspabi_func_epilog_4  
0000e6bc  __mspabi_func_epilog_3  
0000e6be  __mspabi_func_epilog_2  
0000e6c0  __mspabi_func_epilog_1  
0000e6c4  PCF8574_init            
0000e6d2  WDTplus_graceInit       
0000e6da  __TI_ISR_TRAP           
0000e6e2  C$$EXIT                 
0000e6e2  abort                   
0000e6e8  _system_pre_init        
0000e6ec  _system_post_cinit      
0000e6fe  __TI_Handler_Table_Base 
0000e704  __TI_Handler_Table_Limit
0000e708  __TI_CINIT_Base         
0000e710  __TI_CINIT_Limit        
0000ffe4  __TI_int02              
0000ffe6  __TI_int03              
0000ffe8  __TI_int04              
0000ffea  __TI_int05              
0000fff0  __TI_int08              
0000fff2  __TI_int09              
0000fff4  __TI_int10              
0000fff6  __TI_int11              
0000fffc  __TI_int14              
0000fffe  _reset_vector           
ffffffff  __TI_pprof_out_hndl     
ffffffff  __TI_prof_data_size     
ffffffff  __TI_prof_data_start    
ffffffff  __c_args__              
UNDEFED   __TI_BINIT_Base         
UNDEFED   __TI_BINIT_Limit        
UNDEFED   __TI_INITARRAY_Base     
UNDEFED   __TI_INITARRAY_Limit    

[174 symbols]
