<?xml version="1.0"?>
<link_info>
   <banner>MSP430 Linker PC v17.6.0.STS</banner>
   <copyright>Copyright (c) 2003-2017 Texas Instruments Incorporated</copyright>
   <link_time>0x5986b8b3</link_time>
   <link_errors>0x0</link_errors>
   <output_file>Timer_Interrupt.out</output_file>
   <entry_point>
      <name>_c_int00_noargs_noexit</name>
      <address>0xe306</address>
   </entry_point>
   <input_file_list>
      <input_file id="fl-2">
         <path>.\</path>
         <kind>object</kind>
         <file>main.obj</file>
         <name>main.obj</name>
      </input_file>
      <input_file id="fl-7">
         <kind>object</kind>
         <file>&lt;internal&gt;</file>
         <name>&lt;internal&gt;</name>
      </input_file>
      <input_file id="fl-1d">
         <path>C:\ti\ccsv7\tools\compiler\ti-cgt-msp430_17.6.0.STS\lib\</path>
         <kind>archive</kind>
         <file>rts430_eabi.lib</file>
         <name>div16u.obj</name>
      </input_file>
      <input_file id="fl-1e">
         <path>C:\ti\ccsv7\tools\compiler\ti-cgt-msp430_17.6.0.STS\lib\</path>
         <kind>archive</kind>
         <file>rts430_eabi.lib</file>
         <name>int02.obj</name>
      </input_file>
      <input_file id="fl-1f">
         <path>C:\ti\ccsv7\tools\compiler\ti-cgt-msp430_17.6.0.STS\lib\</path>
         <kind>archive</kind>
         <file>rts430_eabi.lib</file>
         <name>int03.obj</name>
      </input_file>
      <input_file id="fl-20">
         <path>C:\ti\ccsv7\tools\compiler\ti-cgt-msp430_17.6.0.STS\lib\</path>
         <kind>archive</kind>
         <file>rts430_eabi.lib</file>
         <name>int04.obj</name>
      </input_file>
      <input_file id="fl-21">
         <path>C:\ti\ccsv7\tools\compiler\ti-cgt-msp430_17.6.0.STS\lib\</path>
         <kind>archive</kind>
         <file>rts430_eabi.lib</file>
         <name>int05.obj</name>
      </input_file>
      <input_file id="fl-22">
         <path>C:\ti\ccsv7\tools\compiler\ti-cgt-msp430_17.6.0.STS\lib\</path>
         <kind>archive</kind>
         <file>rts430_eabi.lib</file>
         <name>int09.obj</name>
      </input_file>
      <input_file id="fl-23">
         <path>C:\ti\ccsv7\tools\compiler\ti-cgt-msp430_17.6.0.STS\lib\</path>
         <kind>archive</kind>
         <file>rts430_eabi.lib</file>
         <name>int10.obj</name>
      </input_file>
      <input_file id="fl-24">
         <path>C:\ti\ccsv7\tools\compiler\ti-cgt-msp430_17.6.0.STS\lib\</path>
         <kind>archive</kind>
         <file>rts430_eabi.lib</file>
         <name>int11.obj</name>
      </input_file>
      <input_file id="fl-25">
         <path>C:\ti\ccsv7\tools\compiler\ti-cgt-msp430_17.6.0.STS\lib\</path>
         <kind>archive</kind>
         <file>rts430_eabi.lib</file>
         <name>int14.obj</name>
      </input_file>
      <input_file id="fl-26">
         <path>C:\ti\ccsv7\tools\compiler\ti-cgt-msp430_17.6.0.STS\lib\</path>
         <kind>archive</kind>
         <file>rts430_eabi.lib</file>
         <name>isr_trap.obj</name>
      </input_file>
      <input_file id="fl-27">
         <path>C:\ti\ccsv7\tools\compiler\ti-cgt-msp430_17.6.0.STS\lib\</path>
         <kind>archive</kind>
         <file>rts430_eabi.lib</file>
         <name>boot.obj</name>
      </input_file>
      <input_file id="fl-28">
         <path>C:\ti\ccsv7\tools\compiler\ti-cgt-msp430_17.6.0.STS\lib\</path>
         <kind>archive</kind>
         <file>rts430_eabi.lib</file>
         <name>boot_special.obj</name>
      </input_file>
      <input_file id="fl-29">
         <path>C:\ti\ccsv7\tools\compiler\ti-cgt-msp430_17.6.0.STS\lib\</path>
         <kind>archive</kind>
         <file>rts430_eabi.lib</file>
         <name>mpu_init.obj</name>
      </input_file>
      <input_file id="fl-2a">
         <path>C:\ti\ccsv7\tools\compiler\ti-cgt-msp430_17.6.0.STS\lib\</path>
         <kind>archive</kind>
         <file>rts430_eabi.lib</file>
         <name>autoinit.obj</name>
      </input_file>
      <input_file id="fl-2b">
         <path>C:\ti\ccsv7\tools\compiler\ti-cgt-msp430_17.6.0.STS\lib\</path>
         <kind>archive</kind>
         <file>rts430_eabi.lib</file>
         <name>pre_init.obj</name>
      </input_file>
      <input_file id="fl-2c">
         <path>C:\ti\ccsv7\tools\compiler\ti-cgt-msp430_17.6.0.STS\lib\</path>
         <kind>archive</kind>
         <file>rts430_eabi.lib</file>
         <name>startup.obj</name>
      </input_file>
      <input_file id="fl-2d">
         <path>C:\ti\ccsv7\tools\compiler\ti-cgt-msp430_17.6.0.STS\lib\</path>
         <kind>archive</kind>
         <file>rts430_eabi.lib</file>
         <name>copy_zero_init.obj</name>
      </input_file>
      <input_file id="fl-2e">
         <path>C:\ti\ccsv7\tools\compiler\ti-cgt-msp430_17.6.0.STS\lib\</path>
         <kind>archive</kind>
         <file>rts430_eabi.lib</file>
         <name>copy_decompress_none.obj</name>
      </input_file>
      <input_file id="fl-2f">
         <path>C:\ti\ccsv7\tools\compiler\ti-cgt-msp430_17.6.0.STS\lib\</path>
         <kind>archive</kind>
         <file>rts430_eabi.lib</file>
         <name>copy_decompress_lzss.obj</name>
      </input_file>
      <input_file id="fl-30">
         <path>C:\ti\ccsv7\tools\compiler\ti-cgt-msp430_17.6.0.STS\lib\</path>
         <kind>archive</kind>
         <file>rts430_eabi.lib</file>
         <name>exit.obj</name>
      </input_file>
      <input_file id="fl-31">
         <path>C:\ti\ccsv7\tools\compiler\ti-cgt-msp430_17.6.0.STS\lib\</path>
         <kind>archive</kind>
         <file>rts430_eabi.lib</file>
         <name>_lock.obj</name>
      </input_file>
      <input_file id="fl-32">
         <path>C:\ti\ccsv7\tools\compiler\ti-cgt-msp430_17.6.0.STS\lib\</path>
         <kind>archive</kind>
         <file>rts430_eabi.lib</file>
         <name>args_main.obj</name>
      </input_file>
      <input_file id="fl-33">
         <path>C:\ti\ccsv7\tools\compiler\ti-cgt-msp430_17.6.0.STS\lib\</path>
         <kind>archive</kind>
         <file>rts430_eabi.lib</file>
         <name>memcpy.obj</name>
      </input_file>
      <input_file id="fl-34">
         <path>C:\ti\ccsv7\tools\compiler\ti-cgt-msp430_17.6.0.STS\lib\</path>
         <kind>archive</kind>
         <file>rts430_eabi.lib</file>
         <name>epilog.obj</name>
      </input_file>
      <input_file id="fl-35">
         <path>C:\ti\ccsv7\tools\compiler\ti-cgt-msp430_17.6.0.STS\lib\</path>
         <kind>archive</kind>
         <file>rts430_eabi.lib</file>
         <name>lsl16.obj</name>
      </input_file>
      <input_file id="fl-36">
         <path>C:\ti\ccsv7\tools\compiler\ti-cgt-msp430_17.6.0.STS\lib\</path>
         <kind>archive</kind>
         <file>rts430_eabi.lib</file>
         <name>lsr16.obj</name>
      </input_file>
      <input_file id="fl-37">
         <path>C:\ti\ccsv7\tools\compiler\ti-cgt-msp430_17.6.0.STS\lib\</path>
         <kind>archive</kind>
         <file>rts430_eabi.lib</file>
         <name>exit_gvars.obj</name>
      </input_file>
      <input_file id="fl-38">
         <path>C:\ti\ccsv7\tools\compiler\ti-cgt-msp430_17.6.0.STS\lib\</path>
         <kind>archive</kind>
         <file>rts430_eabi.lib</file>
         <name>cpy_tbl.obj</name>
      </input_file>
      <input_file id="fl-39">
         <path>C:\ti\ccsv7\tools\compiler\ti-cgt-msp430_17.6.0.STS\lib\</path>
         <kind>archive</kind>
         <file>rts430_eabi.lib</file>
         <name>mult16.obj</name>
      </input_file>
   </input_file_list>
   <object_component_list>
      <object_component id="oc-156">
         <name>.data</name>
         <load_address>0x200</load_address>
         <run_address>0x200</run_address>
         <size>0x6</size>
         <input_file_ref idref="fl-2"/>
      </object_component>
      <object_component id="oc-cb">
         <name>.stack</name>
         <uninitialized>true</uninitialized>
         <run_address>0x2b0</run_address>
         <size>0x2</size>
         <input_file_ref idref="fl-27"/>
      </object_component>
      <object_component id="oc-22d">
         <name>.stack</name>
         <uninitialized>true</uninitialized>
         <run_address>0x2b0</run_address>
         <size>0x0</size>
      </object_component>
      <object_component id="oc-fb">
         <name>.text:TIMER0_A1_ISR_HOOK</name>
         <load_address>0xe000</load_address>
         <run_address>0xe000</run_address>
         <size>0xfa</size>
         <input_file_ref idref="fl-2"/>
      </object_component>
      <object_component id="oc-2f">
         <name>.text:decompress:lzss:__TI_decompress_lzss</name>
         <load_address>0xe0fa</load_address>
         <run_address>0xe0fa</run_address>
         <size>0x7c</size>
         <input_file_ref idref="fl-2f"/>
      </object_component>
      <object_component id="oc-10e">
         <name>.text:_auto_init</name>
         <load_address>0xe176</load_address>
         <run_address>0xe176</run_address>
         <size>0x6e</size>
         <input_file_ref idref="fl-2a"/>
      </object_component>
      <object_component id="oc-165">
         <name>.text:copy_in</name>
         <load_address>0xe1e4</load_address>
         <run_address>0xe1e4</run_address>
         <size>0x5a</size>
         <input_file_ref idref="fl-38"/>
      </object_component>
      <object_component id="oc-d4">
         <name>.text</name>
         <load_address>0xe23e</load_address>
         <run_address>0xe23e</run_address>
         <size>0x4c</size>
         <input_file_ref idref="fl-36"/>
      </object_component>
      <object_component id="oc-cf">
         <name>.text</name>
         <load_address>0xe28a</load_address>
         <run_address>0xe28a</run_address>
         <size>0x2c</size>
         <input_file_ref idref="fl-35"/>
      </object_component>
      <object_component id="oc-187">
         <name>.text:GPIO_graceInit</name>
         <load_address>0xe2b6</load_address>
         <run_address>0xe2b6</run_address>
         <size>0x2a</size>
         <input_file_ref idref="fl-2"/>
      </object_component>
      <object_component id="oc-18d">
         <name>.text:BCSplus_graceInit</name>
         <load_address>0xe2e0</load_address>
         <run_address>0xe2e0</run_address>
         <size>0x26</size>
         <input_file_ref idref="fl-2"/>
      </object_component>
      <object_component id="oc-62">
         <name>.text:_c_int00_noargs_noexit</name>
         <load_address>0xe306</load_address>
         <run_address>0xe306</run_address>
         <size>0x1a</size>
         <input_file_ref idref="fl-28"/>
      </object_component>
      <object_component id="oc-128">
         <name>.text:main</name>
         <load_address>0xe320</load_address>
         <run_address>0xe320</run_address>
         <size>0x16</size>
         <input_file_ref idref="fl-2"/>
      </object_component>
      <object_component id="oc-159">
         <name>.text</name>
         <load_address>0xe336</load_address>
         <run_address>0xe336</run_address>
         <size>0x16</size>
         <input_file_ref idref="fl-1d"/>
      </object_component>
      <object_component id="oc-1b1">
         <name>.text</name>
         <load_address>0xe34c</load_address>
         <run_address>0xe34c</run_address>
         <size>0x14</size>
         <input_file_ref idref="fl-39"/>
      </object_component>
      <object_component id="oc-35">
         <name>.text:decompress:none:__TI_decompress_none</name>
         <load_address>0xe360</load_address>
         <run_address>0xe360</run_address>
         <size>0x12</size>
         <input_file_ref idref="fl-2e"/>
      </object_component>
      <object_component id="oc-e9">
         <name>.text:memcpy</name>
         <load_address>0xe372</load_address>
         <run_address>0xe372</run_address>
         <size>0x12</size>
         <input_file_ref idref="fl-33"/>
      </object_component>
      <object_component id="oc-d9">
         <name>.text</name>
         <load_address>0xe384</load_address>
         <run_address>0xe384</run_address>
         <size>0x10</size>
         <input_file_ref idref="fl-34"/>
      </object_component>
      <object_component id="oc-193">
         <name>.text:Timer0_A3_graceInit</name>
         <load_address>0xe394</load_address>
         <run_address>0xe394</run_address>
         <size>0xe</size>
         <input_file_ref idref="fl-2"/>
      </object_component>
      <object_component id="oc-19f">
         <name>.text:WDTplus_graceInit</name>
         <load_address>0xe3a2</load_address>
         <run_address>0xe3a2</run_address>
         <size>0x8</size>
         <input_file_ref idref="fl-2"/>
      </object_component>
      <object_component id="oc-f6">
         <name>.text:_isr:__TI_ISR_TRAP</name>
         <load_address>0xe3aa</load_address>
         <run_address>0xe3aa</run_address>
         <size>0x8</size>
         <input_file_ref idref="fl-26"/>
      </object_component>
      <object_component id="oc-130">
         <name>.text:abort</name>
         <load_address>0xe3b2</load_address>
         <run_address>0xe3b2</run_address>
         <size>0x6</size>
         <input_file_ref idref="fl-30"/>
      </object_component>
      <object_component id="oc-199">
         <name>.text:System_graceInit</name>
         <load_address>0xe3b8</load_address>
         <run_address>0xe3b8</run_address>
         <size>0x4</size>
         <input_file_ref idref="fl-2"/>
      </object_component>
      <object_component id="oc-108">
         <name>.text:_system_pre_init</name>
         <load_address>0xe3bc</load_address>
         <run_address>0xe3bc</run_address>
         <size>0x4</size>
         <input_file_ref idref="fl-2b"/>
      </object_component>
      <object_component id="oc-16b">
         <name>.text:_system_post_cinit</name>
         <load_address>0xe3c0</load_address>
         <run_address>0xe3c0</run_address>
         <size>0x2</size>
         <input_file_ref idref="fl-2c"/>
      </object_component>
      <object_component id="oc-22c">
         <name>.cinit..data.load</name>
         <load_address>0xe3cc</load_address>
         <run_address>0xe3cc</run_address>
         <size>0x7</size>
      </object_component>
      <object_component id="oc-22a">
         <name>__TI_handler_table</name>
         <load_address>0xe3d4</load_address>
         <run_address>0xe3d4</run_address>
         <size>0x4</size>
      </object_component>
      <object_component id="oc-22b">
         <name>__TI_cinit_table</name>
         <load_address>0xe3d8</load_address>
         <run_address>0xe3d8</run_address>
         <size>0x4</size>
      </object_component>
      <object_component id="oc-15e">
         <name>.const:.string:num</name>
         <load_address>0xe3c2</load_address>
         <run_address>0xe3c2</run_address>
         <size>0xa</size>
         <input_file_ref idref="fl-2"/>
      </object_component>
      <object_component id="oc-1f5">
         <name>.binit</name>
         <load_address>0xe000</load_address>
         <run_address>0xe000</run_address>
         <size>0x0</size>
      </object_component>
      <object_component id="oc-3b">
         <name>.int02</name>
         <load_address>0xffe4</load_address>
         <run_address>0xffe4</run_address>
         <size>0x2</size>
         <input_file_ref idref="fl-1e"/>
      </object_component>
      <object_component id="oc-3c">
         <name>.int03</name>
         <load_address>0xffe6</load_address>
         <run_address>0xffe6</run_address>
         <size>0x2</size>
         <input_file_ref idref="fl-1f"/>
      </object_component>
      <object_component id="oc-3d">
         <name>.int04</name>
         <load_address>0xffe8</load_address>
         <run_address>0xffe8</run_address>
         <size>0x2</size>
         <input_file_ref idref="fl-20"/>
      </object_component>
      <object_component id="oc-3e">
         <name>.int05</name>
         <load_address>0xffea</load_address>
         <run_address>0xffea</run_address>
         <size>0x2</size>
         <input_file_ref idref="fl-21"/>
      </object_component>
      <object_component id="oc-3f">
         <name>.int08</name>
         <load_address>0xfff0</load_address>
         <run_address>0xfff0</run_address>
         <size>0x2</size>
         <input_file_ref idref="fl-2"/>
      </object_component>
      <object_component id="oc-40">
         <name>.int09</name>
         <load_address>0xfff2</load_address>
         <run_address>0xfff2</run_address>
         <size>0x2</size>
         <input_file_ref idref="fl-22"/>
      </object_component>
      <object_component id="oc-41">
         <name>.int10</name>
         <load_address>0xfff4</load_address>
         <run_address>0xfff4</run_address>
         <size>0x2</size>
         <input_file_ref idref="fl-23"/>
      </object_component>
      <object_component id="oc-42">
         <name>.int11</name>
         <load_address>0xfff6</load_address>
         <run_address>0xfff6</run_address>
         <size>0x2</size>
         <input_file_ref idref="fl-24"/>
      </object_component>
      <object_component id="oc-43">
         <name>.int14</name>
         <load_address>0xfffc</load_address>
         <run_address>0xfffc</run_address>
         <size>0x2</size>
         <input_file_ref idref="fl-25"/>
      </object_component>
      <object_component id="oc-ce">
         <name>.reset</name>
         <load_address>0xfffe</load_address>
         <run_address>0xfffe</run_address>
         <size>0x2</size>
         <input_file_ref idref="fl-27"/>
      </object_component>
      <object_component id="oc-1b0">
         <name>.debug_info</name>
         <load_address>0x0</load_address>
         <run_address>0x0</run_address>
         <size>0x370</size>
         <input_file_ref idref="fl-2"/>
      </object_component>
      <object_component id="oc-157">
         <name>.debug_info</name>
         <load_address>0x370</load_address>
         <run_address>0x370</run_address>
         <size>0x120</size>
         <input_file_ref idref="fl-2"/>
      </object_component>
      <object_component id="oc-15f">
         <name>.debug_info</name>
         <load_address>0x490</load_address>
         <run_address>0x490</run_address>
         <size>0xdd</size>
         <input_file_ref idref="fl-2"/>
      </object_component>
      <object_component id="oc-189">
         <name>.debug_info</name>
         <load_address>0x56d</load_address>
         <run_address>0x56d</run_address>
         <size>0x11d</size>
         <input_file_ref idref="fl-2"/>
      </object_component>
      <object_component id="oc-18e">
         <name>.debug_info</name>
         <load_address>0x68a</load_address>
         <run_address>0x68a</run_address>
         <size>0x123</size>
         <input_file_ref idref="fl-2"/>
      </object_component>
      <object_component id="oc-196">
         <name>.debug_info</name>
         <load_address>0x7ad</load_address>
         <run_address>0x7ad</run_address>
         <size>0x127</size>
         <input_file_ref idref="fl-2"/>
      </object_component>
      <object_component id="oc-19a">
         <name>.debug_info</name>
         <load_address>0x8d4</load_address>
         <run_address>0x8d4</run_address>
         <size>0x121</size>
         <input_file_ref idref="fl-2"/>
      </object_component>
      <object_component id="oc-1a1">
         <name>.debug_info</name>
         <load_address>0x9f5</load_address>
         <run_address>0x9f5</run_address>
         <size>0x124</size>
         <input_file_ref idref="fl-2"/>
      </object_component>
      <object_component id="oc-129">
         <name>.debug_info</name>
         <load_address>0xb19</load_address>
         <run_address>0xb19</run_address>
         <size>0x179</size>
         <input_file_ref idref="fl-2"/>
      </object_component>
      <object_component id="oc-fc">
         <name>.debug_info</name>
         <load_address>0xc92</load_address>
         <run_address>0xc92</run_address>
         <size>0x19e</size>
         <input_file_ref idref="fl-2"/>
      </object_component>
      <object_component id="oc-e4">
         <name>.debug_info</name>
         <load_address>0xe30</load_address>
         <run_address>0xe30</run_address>
         <size>0x84</size>
         <input_file_ref idref="fl-2"/>
      </object_component>
      <object_component id="oc-15b">
         <name>.debug_info</name>
         <load_address>0xeb4</load_address>
         <run_address>0xeb4</run_address>
         <size>0x119</size>
         <input_file_ref idref="fl-1d"/>
      </object_component>
      <object_component id="oc-f7">
         <name>.debug_info</name>
         <load_address>0xfcd</load_address>
         <run_address>0xfcd</run_address>
         <size>0x107</size>
         <input_file_ref idref="fl-26"/>
      </object_component>
      <object_component id="oc-cc">
         <name>.debug_info</name>
         <load_address>0x10d4</load_address>
         <run_address>0x10d4</run_address>
         <size>0xf5</size>
         <input_file_ref idref="fl-27"/>
      </object_component>
      <object_component id="oc-64">
         <name>.debug_info</name>
         <load_address>0x11c9</load_address>
         <run_address>0x11c9</run_address>
         <size>0x196</size>
         <input_file_ref idref="fl-28"/>
      </object_component>
      <object_component id="oc-172">
         <name>.debug_info</name>
         <load_address>0x135f</load_address>
         <run_address>0x135f</run_address>
         <size>0x3b6</size>
         <input_file_ref idref="fl-2a"/>
      </object_component>
      <object_component id="oc-10f">
         <name>.debug_info</name>
         <load_address>0x1715</load_address>
         <run_address>0x1715</run_address>
         <size>0x1c2</size>
         <input_file_ref idref="fl-2a"/>
      </object_component>
      <object_component id="oc-1bb">
         <name>.debug_info</name>
         <load_address>0x18d7</load_address>
         <run_address>0x18d7</run_address>
         <size>0x39</size>
         <input_file_ref idref="fl-2a"/>
      </object_component>
      <object_component id="oc-1c0">
         <name>.debug_info</name>
         <load_address>0x1910</load_address>
         <run_address>0x1910</run_address>
         <size>0xcd</size>
         <input_file_ref idref="fl-2a"/>
      </object_component>
      <object_component id="oc-10b">
         <name>.debug_info</name>
         <load_address>0x19dd</load_address>
         <run_address>0x19dd</run_address>
         <size>0x148</size>
         <input_file_ref idref="fl-2b"/>
      </object_component>
      <object_component id="oc-16d">
         <name>.debug_info</name>
         <load_address>0x1b25</load_address>
         <run_address>0x1b25</run_address>
         <size>0x145</size>
         <input_file_ref idref="fl-2c"/>
      </object_component>
      <object_component id="oc-149">
         <name>.debug_info</name>
         <load_address>0x1c6a</load_address>
         <run_address>0x1c6a</run_address>
         <size>0x2c</size>
         <input_file_ref idref="fl-2d"/>
      </object_component>
      <object_component id="oc-f5">
         <name>.debug_info</name>
         <load_address>0x1c96</load_address>
         <run_address>0x1c96</run_address>
         <size>0x1bc</size>
         <input_file_ref idref="fl-2e"/>
      </object_component>
      <object_component id="oc-36">
         <name>.debug_info</name>
         <load_address>0x1e52</load_address>
         <run_address>0x1e52</run_address>
         <size>0x1df</size>
         <input_file_ref idref="fl-2e"/>
      </object_component>
      <object_component id="oc-f0">
         <name>.debug_info</name>
         <load_address>0x2031</load_address>
         <run_address>0x2031</run_address>
         <size>0x46</size>
         <input_file_ref idref="fl-2e"/>
      </object_component>
      <object_component id="oc-14e">
         <name>.debug_info</name>
         <load_address>0x2077</load_address>
         <run_address>0x2077</run_address>
         <size>0x2c</size>
         <input_file_ref idref="fl-2e"/>
      </object_component>
      <object_component id="oc-146">
         <name>.debug_info</name>
         <load_address>0x20a3</load_address>
         <run_address>0x20a3</run_address>
         <size>0x16b</size>
         <input_file_ref idref="fl-2f"/>
      </object_component>
      <object_component id="oc-30">
         <name>.debug_info</name>
         <load_address>0x220e</load_address>
         <run_address>0x220e</run_address>
         <size>0x287</size>
         <input_file_ref idref="fl-2f"/>
      </object_component>
      <object_component id="oc-df">
         <name>.debug_info</name>
         <load_address>0x2495</load_address>
         <run_address>0x2495</run_address>
         <size>0x60</size>
         <input_file_ref idref="fl-2f"/>
      </object_component>
      <object_component id="oc-141">
         <name>.debug_info</name>
         <load_address>0x24f5</load_address>
         <run_address>0x24f5</run_address>
         <size>0x46</size>
         <input_file_ref idref="fl-2f"/>
      </object_component>
      <object_component id="oc-133">
         <name>.debug_info</name>
         <load_address>0x253b</load_address>
         <run_address>0x253b</run_address>
         <size>0x117</size>
         <input_file_ref idref="fl-30"/>
      </object_component>
      <object_component id="oc-148">
         <name>.debug_info</name>
         <load_address>0x2652</load_address>
         <run_address>0x2652</run_address>
         <size>0x176</size>
         <input_file_ref idref="fl-33"/>
      </object_component>
      <object_component id="oc-ea">
         <name>.debug_info</name>
         <load_address>0x27c8</load_address>
         <run_address>0x27c8</run_address>
         <size>0x16f</size>
         <input_file_ref idref="fl-33"/>
      </object_component>
      <object_component id="oc-dc">
         <name>.debug_info</name>
         <load_address>0x2937</load_address>
         <run_address>0x2937</run_address>
         <size>0x126</size>
         <input_file_ref idref="fl-34"/>
      </object_component>
      <object_component id="oc-d2">
         <name>.debug_info</name>
         <load_address>0x2a5d</load_address>
         <run_address>0x2a5d</run_address>
         <size>0x118</size>
         <input_file_ref idref="fl-35"/>
      </object_component>
      <object_component id="oc-d5">
         <name>.debug_info</name>
         <load_address>0x2b75</load_address>
         <run_address>0x2b75</run_address>
         <size>0x118</size>
         <input_file_ref idref="fl-36"/>
      </object_component>
      <object_component id="oc-1b7">
         <name>.debug_info</name>
         <load_address>0x2c8d</load_address>
         <run_address>0x2c8d</run_address>
         <size>0x25c</size>
         <input_file_ref idref="fl-38"/>
      </object_component>
      <object_component id="oc-166">
         <name>.debug_info</name>
         <load_address>0x2ee9</load_address>
         <run_address>0x2ee9</run_address>
         <size>0x1b0</size>
         <input_file_ref idref="fl-38"/>
      </object_component>
      <object_component id="oc-1ea">
         <name>.debug_info</name>
         <load_address>0x3099</load_address>
         <run_address>0x3099</run_address>
         <size>0x2c</size>
         <input_file_ref idref="fl-38"/>
      </object_component>
      <object_component id="oc-1b4">
         <name>.debug_info</name>
         <load_address>0x30c5</load_address>
         <run_address>0x30c5</run_address>
         <size>0x119</size>
         <input_file_ref idref="fl-39"/>
      </object_component>
      <object_component id="oc-22e">
         <name>.debug_info</name>
         <load_address>0x31de</load_address>
         <run_address>0x31de</run_address>
         <size>0xb9</size>
      </object_component>
      <object_component id="oc-1e6">
         <name>.debug_line</name>
         <load_address>0x0</load_address>
         <run_address>0x0</run_address>
         <size>0xa1</size>
         <input_file_ref idref="fl-2"/>
      </object_component>
      <object_component id="oc-1ac">
         <name>.debug_line</name>
         <load_address>0xa1</load_address>
         <run_address>0xa1</run_address>
         <size>0x2d</size>
         <input_file_ref idref="fl-2"/>
      </object_component>
      <object_component id="oc-1af">
         <name>.debug_line</name>
         <load_address>0xce</load_address>
         <run_address>0xce</run_address>
         <size>0x2d</size>
         <input_file_ref idref="fl-2"/>
      </object_component>
      <object_component id="oc-188">
         <name>.debug_line</name>
         <load_address>0xfb</load_address>
         <run_address>0xfb</run_address>
         <size>0x4b</size>
         <input_file_ref idref="fl-2"/>
      </object_component>
      <object_component id="oc-191">
         <name>.debug_line</name>
         <load_address>0x146</load_address>
         <run_address>0x146</run_address>
         <size>0x4d</size>
         <input_file_ref idref="fl-2"/>
      </object_component>
      <object_component id="oc-194">
         <name>.debug_line</name>
         <load_address>0x193</load_address>
         <run_address>0x193</run_address>
         <size>0x44</size>
         <input_file_ref idref="fl-2"/>
      </object_component>
      <object_component id="oc-19d">
         <name>.debug_line</name>
         <load_address>0x1d7</load_address>
         <run_address>0x1d7</run_address>
         <size>0x43</size>
         <input_file_ref idref="fl-2"/>
      </object_component>
      <object_component id="oc-1a0">
         <name>.debug_line</name>
         <load_address>0x21a</load_address>
         <run_address>0x21a</run_address>
         <size>0x43</size>
         <input_file_ref idref="fl-2"/>
      </object_component>
      <object_component id="oc-12c">
         <name>.debug_line</name>
         <load_address>0x25d</load_address>
         <run_address>0x25d</run_address>
         <size>0x44</size>
         <input_file_ref idref="fl-2"/>
      </object_component>
      <object_component id="oc-ff">
         <name>.debug_line</name>
         <load_address>0x2a1</load_address>
         <run_address>0x2a1</run_address>
         <size>0x71</size>
         <input_file_ref idref="fl-2"/>
      </object_component>
      <object_component id="oc-e7">
         <name>.debug_line</name>
         <load_address>0x312</load_address>
         <run_address>0x312</run_address>
         <size>0x20</size>
         <input_file_ref idref="fl-2"/>
      </object_component>
      <object_component id="oc-15d">
         <name>.debug_line</name>
         <load_address>0x332</load_address>
         <run_address>0x332</run_address>
         <size>0x43</size>
         <input_file_ref idref="fl-1d"/>
      </object_component>
      <object_component id="oc-fa">
         <name>.debug_line</name>
         <load_address>0x375</load_address>
         <run_address>0x375</run_address>
         <size>0x3d</size>
         <input_file_ref idref="fl-26"/>
      </object_component>
      <object_component id="oc-13d">
         <name>.debug_line</name>
         <load_address>0x3b2</load_address>
         <run_address>0x3b2</run_address>
         <size>0x2a</size>
         <input_file_ref idref="fl-27"/>
      </object_component>
      <object_component id="oc-67">
         <name>.debug_line</name>
         <load_address>0x3dc</load_address>
         <run_address>0x3dc</run_address>
         <size>0x4c</size>
         <input_file_ref idref="fl-28"/>
      </object_component>
      <object_component id="oc-1ba">
         <name>.debug_line</name>
         <load_address>0x428</load_address>
         <run_address>0x428</run_address>
         <size>0xa9</size>
         <input_file_ref idref="fl-2a"/>
      </object_component>
      <object_component id="oc-112">
         <name>.debug_line</name>
         <load_address>0x4d1</load_address>
         <run_address>0x4d1</run_address>
         <size>0x91</size>
         <input_file_ref idref="fl-2a"/>
      </object_component>
      <object_component id="oc-1be">
         <name>.debug_line</name>
         <load_address>0x562</load_address>
         <run_address>0x562</run_address>
         <size>0x2e</size>
         <input_file_ref idref="fl-2a"/>
      </object_component>
      <object_component id="oc-1c3">
         <name>.debug_line</name>
         <load_address>0x590</load_address>
         <run_address>0x590</run_address>
         <size>0x8b</size>
         <input_file_ref idref="fl-2a"/>
      </object_component>
      <object_component id="oc-10d">
         <name>.debug_line</name>
         <load_address>0x61b</load_address>
         <run_address>0x61b</run_address>
         <size>0x3e</size>
         <input_file_ref idref="fl-2b"/>
      </object_component>
      <object_component id="oc-16f">
         <name>.debug_line</name>
         <load_address>0x659</load_address>
         <run_address>0x659</run_address>
         <size>0x3a</size>
         <input_file_ref idref="fl-2c"/>
      </object_component>
      <object_component id="oc-14c">
         <name>.debug_line</name>
         <load_address>0x693</load_address>
         <run_address>0x693</run_address>
         <size>0x8a</size>
         <input_file_ref idref="fl-2d"/>
      </object_component>
      <object_component id="oc-154">
         <name>.debug_line</name>
         <load_address>0x71d</load_address>
         <run_address>0x71d</run_address>
         <size>0x8a</size>
         <input_file_ref idref="fl-2e"/>
      </object_component>
      <object_component id="oc-39">
         <name>.debug_line</name>
         <load_address>0x7a7</load_address>
         <run_address>0x7a7</run_address>
         <size>0x50</size>
         <input_file_ref idref="fl-2e"/>
      </object_component>
      <object_component id="oc-f3">
         <name>.debug_line</name>
         <load_address>0x7f7</load_address>
         <run_address>0x7f7</run_address>
         <size>0x3a</size>
         <input_file_ref idref="fl-2e"/>
      </object_component>
      <object_component id="oc-151">
         <name>.debug_line</name>
         <load_address>0x831</load_address>
         <run_address>0x831</run_address>
         <size>0x8a</size>
         <input_file_ref idref="fl-2e"/>
      </object_component>
      <object_component id="oc-1a8">
         <name>.debug_line</name>
         <load_address>0x8bb</load_address>
         <run_address>0x8bb</run_address>
         <size>0x20</size>
         <input_file_ref idref="fl-2f"/>
      </object_component>
      <object_component id="oc-34">
         <name>.debug_line</name>
         <load_address>0x8db</load_address>
         <run_address>0x8db</run_address>
         <size>0x92</size>
         <input_file_ref idref="fl-2f"/>
      </object_component>
      <object_component id="oc-e2">
         <name>.debug_line</name>
         <load_address>0x96d</load_address>
         <run_address>0x96d</run_address>
         <size>0x3a</size>
         <input_file_ref idref="fl-2f"/>
      </object_component>
      <object_component id="oc-144">
         <name>.debug_line</name>
         <load_address>0x9a7</load_address>
         <run_address>0x9a7</run_address>
         <size>0x8a</size>
         <input_file_ref idref="fl-2f"/>
      </object_component>
      <object_component id="oc-132">
         <name>.debug_line</name>
         <load_address>0xa31</load_address>
         <run_address>0xa31</run_address>
         <size>0x3d</size>
         <input_file_ref idref="fl-30"/>
      </object_component>
      <object_component id="oc-1aa">
         <name>.debug_line</name>
         <load_address>0xa6e</load_address>
         <run_address>0xa6e</run_address>
         <size>0x20</size>
         <input_file_ref idref="fl-33"/>
      </object_component>
      <object_component id="oc-ed">
         <name>.debug_line</name>
         <load_address>0xa8e</load_address>
         <run_address>0xa8e</run_address>
         <size>0x42</size>
         <input_file_ref idref="fl-33"/>
      </object_component>
      <object_component id="oc-da">
         <name>.debug_line</name>
         <load_address>0xad0</load_address>
         <run_address>0xad0</run_address>
         <size>0x40</size>
         <input_file_ref idref="fl-34"/>
      </object_component>
      <object_component id="oc-d0">
         <name>.debug_line</name>
         <load_address>0xb10</load_address>
         <run_address>0xb10</run_address>
         <size>0x4e</size>
         <input_file_ref idref="fl-35"/>
      </object_component>
      <object_component id="oc-d8">
         <name>.debug_line</name>
         <load_address>0xb5e</load_address>
         <run_address>0xb5e</run_address>
         <size>0x5e</size>
         <input_file_ref idref="fl-36"/>
      </object_component>
      <object_component id="oc-1e9">
         <name>.debug_line</name>
         <load_address>0xbbc</load_address>
         <run_address>0xbbc</run_address>
         <size>0x98</size>
         <input_file_ref idref="fl-38"/>
      </object_component>
      <object_component id="oc-169">
         <name>.debug_line</name>
         <load_address>0xc54</load_address>
         <run_address>0xc54</run_address>
         <size>0x5f</size>
         <input_file_ref idref="fl-38"/>
      </object_component>
      <object_component id="oc-1ed">
         <name>.debug_line</name>
         <load_address>0xcb3</load_address>
         <run_address>0xcb3</run_address>
         <size>0x2e</size>
         <input_file_ref idref="fl-38"/>
      </object_component>
      <object_component id="oc-1b2">
         <name>.debug_line</name>
         <load_address>0xce1</load_address>
         <run_address>0xce1</run_address>
         <size>0x42</size>
         <input_file_ref idref="fl-39"/>
      </object_component>
      <object_component id="oc-18c">
         <name>.debug_frame</name>
         <load_address>0x0</load_address>
         <run_address>0x0</run_address>
         <size>0x39</size>
         <input_file_ref idref="fl-2"/>
      </object_component>
      <object_component id="oc-192">
         <name>.debug_frame</name>
         <load_address>0x39</load_address>
         <run_address>0x39</run_address>
         <size>0x39</size>
         <input_file_ref idref="fl-2"/>
      </object_component>
      <object_component id="oc-195">
         <name>.debug_frame</name>
         <load_address>0x72</load_address>
         <run_address>0x72</run_address>
         <size>0x39</size>
         <input_file_ref idref="fl-2"/>
      </object_component>
      <object_component id="oc-19e">
         <name>.debug_frame</name>
         <load_address>0xab</load_address>
         <run_address>0xab</run_address>
         <size>0x39</size>
         <input_file_ref idref="fl-2"/>
      </object_component>
      <object_component id="oc-1a4">
         <name>.debug_frame</name>
         <load_address>0xe4</load_address>
         <run_address>0xe4</run_address>
         <size>0x39</size>
         <input_file_ref idref="fl-2"/>
      </object_component>
      <object_component id="oc-12d">
         <name>.debug_frame</name>
         <load_address>0x11d</load_address>
         <run_address>0x11d</run_address>
         <size>0x39</size>
         <input_file_ref idref="fl-2"/>
      </object_component>
      <object_component id="oc-100">
         <name>.debug_frame</name>
         <load_address>0x156</load_address>
         <run_address>0x156</run_address>
         <size>0x62</size>
         <input_file_ref idref="fl-2"/>
      </object_component>
      <object_component id="oc-63">
         <name>.debug_frame</name>
         <load_address>0x1b8</load_address>
         <run_address>0x1b8</run_address>
         <size>0x34</size>
         <input_file_ref idref="fl-28"/>
      </object_component>
      <object_component id="oc-113">
         <name>.debug_frame</name>
         <load_address>0x1ec</load_address>
         <run_address>0x1ec</run_address>
         <size>0x43</size>
         <input_file_ref idref="fl-2a"/>
      </object_component>
      <object_component id="oc-109">
         <name>.debug_frame</name>
         <load_address>0x22f</load_address>
         <run_address>0x22f</run_address>
         <size>0x39</size>
         <input_file_ref idref="fl-2b"/>
      </object_component>
      <object_component id="oc-170">
         <name>.debug_frame</name>
         <load_address>0x268</load_address>
         <run_address>0x268</run_address>
         <size>0x39</size>
         <input_file_ref idref="fl-2c"/>
      </object_component>
      <object_component id="oc-3a">
         <name>.debug_frame</name>
         <load_address>0x2a1</load_address>
         <run_address>0x2a1</run_address>
         <size>0x39</size>
         <input_file_ref idref="fl-2e"/>
      </object_component>
      <object_component id="oc-33">
         <name>.debug_frame</name>
         <load_address>0x2da</load_address>
         <run_address>0x2da</run_address>
         <size>0x48</size>
         <input_file_ref idref="fl-2f"/>
      </object_component>
      <object_component id="oc-135">
         <name>.debug_frame</name>
         <load_address>0x322</load_address>
         <run_address>0x322</run_address>
         <size>0x39</size>
         <input_file_ref idref="fl-30"/>
      </object_component>
      <object_component id="oc-ee">
         <name>.debug_frame</name>
         <load_address>0x35b</load_address>
         <run_address>0x35b</run_address>
         <size>0x39</size>
         <input_file_ref idref="fl-33"/>
      </object_component>
      <object_component id="oc-16a">
         <name>.debug_frame</name>
         <load_address>0x394</load_address>
         <run_address>0x394</run_address>
         <size>0x43</size>
         <input_file_ref idref="fl-38"/>
      </object_component>
      <object_component id="oc-1e5">
         <name>.debug_abbrev</name>
         <load_address>0x0</load_address>
         <run_address>0x0</run_address>
         <size>0x75</size>
         <input_file_ref idref="fl-2"/>
      </object_component>
      <object_component id="oc-1ab">
         <name>.debug_abbrev</name>
         <load_address>0x75</load_address>
         <run_address>0x75</run_address>
         <size>0x29</size>
         <input_file_ref idref="fl-2"/>
      </object_component>
      <object_component id="oc-1ae">
         <name>.debug_abbrev</name>
         <load_address>0x9e</load_address>
         <run_address>0x9e</run_address>
         <size>0x29</size>
         <input_file_ref idref="fl-2"/>
      </object_component>
      <object_component id="oc-1e0">
         <name>.debug_abbrev</name>
         <load_address>0xc7</load_address>
         <run_address>0xc7</run_address>
         <size>0x50</size>
         <input_file_ref idref="fl-2"/>
      </object_component>
      <object_component id="oc-1e1">
         <name>.debug_abbrev</name>
         <load_address>0x117</load_address>
         <run_address>0x117</run_address>
         <size>0x50</size>
         <input_file_ref idref="fl-2"/>
      </object_component>
      <object_component id="oc-1e2">
         <name>.debug_abbrev</name>
         <load_address>0x167</load_address>
         <run_address>0x167</run_address>
         <size>0x50</size>
         <input_file_ref idref="fl-2"/>
      </object_component>
      <object_component id="oc-1e3">
         <name>.debug_abbrev</name>
         <load_address>0x1b7</load_address>
         <run_address>0x1b7</run_address>
         <size>0x50</size>
         <input_file_ref idref="fl-2"/>
      </object_component>
      <object_component id="oc-1e4">
         <name>.debug_abbrev</name>
         <load_address>0x207</load_address>
         <run_address>0x207</run_address>
         <size>0x50</size>
         <input_file_ref idref="fl-2"/>
      </object_component>
      <object_component id="oc-1a5">
         <name>.debug_abbrev</name>
         <load_address>0x257</load_address>
         <run_address>0x257</run_address>
         <size>0x52</size>
         <input_file_ref idref="fl-2"/>
      </object_component>
      <object_component id="oc-161">
         <name>.debug_abbrev</name>
         <load_address>0x2a9</load_address>
         <run_address>0x2a9</run_address>
         <size>0x61</size>
         <input_file_ref idref="fl-2"/>
      </object_component>
      <object_component id="oc-e6">
         <name>.debug_abbrev</name>
         <load_address>0x30a</load_address>
         <run_address>0x30a</run_address>
         <size>0x1f</size>
         <input_file_ref idref="fl-2"/>
      </object_component>
      <object_component id="oc-1ad">
         <name>.debug_abbrev</name>
         <load_address>0x329</load_address>
         <run_address>0x329</run_address>
         <size>0x3c</size>
         <input_file_ref idref="fl-1d"/>
      </object_component>
      <object_component id="oc-155">
         <name>.debug_abbrev</name>
         <load_address>0x365</load_address>
         <run_address>0x365</run_address>
         <size>0x28</size>
         <input_file_ref idref="fl-26"/>
      </object_component>
      <object_component id="oc-13c">
         <name>.debug_abbrev</name>
         <load_address>0x38d</load_address>
         <run_address>0x38d</run_address>
         <size>0x29</size>
         <input_file_ref idref="fl-27"/>
      </object_component>
      <object_component id="oc-136">
         <name>.debug_abbrev</name>
         <load_address>0x3b6</load_address>
         <run_address>0x3b6</run_address>
         <size>0x58</size>
         <input_file_ref idref="fl-28"/>
      </object_component>
      <object_component id="oc-1b9">
         <name>.debug_abbrev</name>
         <load_address>0x40e</load_address>
         <run_address>0x40e</run_address>
         <size>0xb9</size>
         <input_file_ref idref="fl-2a"/>
      </object_component>
      <object_component id="oc-171">
         <name>.debug_abbrev</name>
         <load_address>0x4c7</load_address>
         <run_address>0x4c7</run_address>
         <size>0x7e</size>
         <input_file_ref idref="fl-2a"/>
      </object_component>
      <object_component id="oc-1bd">
         <name>.debug_abbrev</name>
         <load_address>0x545</load_address>
         <run_address>0x545</run_address>
         <size>0x24</size>
         <input_file_ref idref="fl-2a"/>
      </object_component>
      <object_component id="oc-1c2">
         <name>.debug_abbrev</name>
         <load_address>0x569</load_address>
         <run_address>0x569</run_address>
         <size>0x4b</size>
         <input_file_ref idref="fl-2a"/>
      </object_component>
      <object_component id="oc-164">
         <name>.debug_abbrev</name>
         <load_address>0x5b4</load_address>
         <run_address>0x5b4</run_address>
         <size>0x55</size>
         <input_file_ref idref="fl-2b"/>
      </object_component>
      <object_component id="oc-1b8">
         <name>.debug_abbrev</name>
         <load_address>0x609</load_address>
         <run_address>0x609</run_address>
         <size>0x53</size>
         <input_file_ref idref="fl-2c"/>
      </object_component>
      <object_component id="oc-14b">
         <name>.debug_abbrev</name>
         <load_address>0x65c</load_address>
         <run_address>0x65c</run_address>
         <size>0x24</size>
         <input_file_ref idref="fl-2d"/>
      </object_component>
      <object_component id="oc-153">
         <name>.debug_abbrev</name>
         <load_address>0x680</load_address>
         <run_address>0x680</run_address>
         <size>0x64</size>
         <input_file_ref idref="fl-2e"/>
      </object_component>
      <object_component id="oc-ef">
         <name>.debug_abbrev</name>
         <load_address>0x6e4</load_address>
         <run_address>0x6e4</run_address>
         <size>0x74</size>
         <input_file_ref idref="fl-2e"/>
      </object_component>
      <object_component id="oc-f2">
         <name>.debug_abbrev</name>
         <load_address>0x758</load_address>
         <run_address>0x758</run_address>
         <size>0x24</size>
         <input_file_ref idref="fl-2e"/>
      </object_component>
      <object_component id="oc-150">
         <name>.debug_abbrev</name>
         <load_address>0x77c</load_address>
         <run_address>0x77c</run_address>
         <size>0x24</size>
         <input_file_ref idref="fl-2e"/>
      </object_component>
      <object_component id="oc-1a7">
         <name>.debug_abbrev</name>
         <load_address>0x7a0</load_address>
         <run_address>0x7a0</run_address>
         <size>0x37</size>
         <input_file_ref idref="fl-2f"/>
      </object_component>
      <object_component id="oc-de">
         <name>.debug_abbrev</name>
         <load_address>0x7d7</load_address>
         <run_address>0x7d7</run_address>
         <size>0x7d</size>
         <input_file_ref idref="fl-2f"/>
      </object_component>
      <object_component id="oc-e1">
         <name>.debug_abbrev</name>
         <load_address>0x854</load_address>
         <run_address>0x854</run_address>
         <size>0x24</size>
         <input_file_ref idref="fl-2f"/>
      </object_component>
      <object_component id="oc-143">
         <name>.debug_abbrev</name>
         <load_address>0x878</load_address>
         <run_address>0x878</run_address>
         <size>0x35</size>
         <input_file_ref idref="fl-2f"/>
      </object_component>
      <object_component id="oc-1a6">
         <name>.debug_abbrev</name>
         <load_address>0x8ad</load_address>
         <run_address>0x8ad</run_address>
         <size>0x45</size>
         <input_file_ref idref="fl-30"/>
      </object_component>
      <object_component id="oc-1a9">
         <name>.debug_abbrev</name>
         <load_address>0x8f2</load_address>
         <run_address>0x8f2</run_address>
         <size>0x45</size>
         <input_file_ref idref="fl-33"/>
      </object_component>
      <object_component id="oc-147">
         <name>.debug_abbrev</name>
         <load_address>0x937</load_address>
         <run_address>0x937</run_address>
         <size>0x71</size>
         <input_file_ref idref="fl-33"/>
      </object_component>
      <object_component id="oc-140">
         <name>.debug_abbrev</name>
         <load_address>0x9a8</load_address>
         <run_address>0x9a8</run_address>
         <size>0x3a</size>
         <input_file_ref idref="fl-34"/>
      </object_component>
      <object_component id="oc-13e">
         <name>.debug_abbrev</name>
         <load_address>0x9e2</load_address>
         <run_address>0x9e2</run_address>
         <size>0x3c</size>
         <input_file_ref idref="fl-35"/>
      </object_component>
      <object_component id="oc-13f">
         <name>.debug_abbrev</name>
         <load_address>0xa1e</load_address>
         <run_address>0xa1e</run_address>
         <size>0x3c</size>
         <input_file_ref idref="fl-36"/>
      </object_component>
      <object_component id="oc-1e8">
         <name>.debug_abbrev</name>
         <load_address>0xa5a</load_address>
         <run_address>0xa5a</run_address>
         <size>0xae</size>
         <input_file_ref idref="fl-38"/>
      </object_component>
      <object_component id="oc-1b6">
         <name>.debug_abbrev</name>
         <load_address>0xb08</load_address>
         <run_address>0xb08</run_address>
         <size>0x8c</size>
         <input_file_ref idref="fl-38"/>
      </object_component>
      <object_component id="oc-1ec">
         <name>.debug_abbrev</name>
         <load_address>0xb94</load_address>
         <run_address>0xb94</run_address>
         <size>0x24</size>
         <input_file_ref idref="fl-38"/>
      </object_component>
      <object_component id="oc-1e7">
         <name>.debug_abbrev</name>
         <load_address>0xbb8</load_address>
         <run_address>0xbb8</run_address>
         <size>0x3c</size>
         <input_file_ref idref="fl-39"/>
      </object_component>
      <object_component id="oc-22f">
         <name>.debug_abbrev</name>
         <load_address>0xbf4</load_address>
         <run_address>0xbf4</run_address>
         <size>0xf</size>
      </object_component>
      <object_component id="oc-e8">
         <name>.debug_str</name>
         <load_address>0x0</load_address>
         <run_address>0x0</run_address>
         <size>0xfa</size>
         <input_file_ref idref="fl-2"/>
      </object_component>
      <object_component id="oc-1bf">
         <name>.debug_str</name>
         <load_address>0xfa</load_address>
         <run_address>0xfa</run_address>
         <size>0xe2</size>
         <input_file_ref idref="fl-2a"/>
      </object_component>
      <object_component id="oc-1c4">
         <name>.debug_str</name>
         <load_address>0x1dc</load_address>
         <run_address>0x1dc</run_address>
         <size>0x184</size>
         <input_file_ref idref="fl-2a"/>
      </object_component>
      <object_component id="oc-14d">
         <name>.debug_str</name>
         <load_address>0x360</load_address>
         <run_address>0x360</run_address>
         <size>0x12d</size>
         <input_file_ref idref="fl-2d"/>
      </object_component>
      <object_component id="oc-f4">
         <name>.debug_str</name>
         <load_address>0x48d</load_address>
         <run_address>0x48d</run_address>
         <size>0x100</size>
         <input_file_ref idref="fl-2e"/>
      </object_component>
      <object_component id="oc-152">
         <name>.debug_str</name>
         <load_address>0x58d</load_address>
         <run_address>0x58d</run_address>
         <size>0x12d</size>
         <input_file_ref idref="fl-2e"/>
      </object_component>
      <object_component id="oc-e3">
         <name>.debug_str</name>
         <load_address>0x6ba</load_address>
         <run_address>0x6ba</run_address>
         <size>0x10d</size>
         <input_file_ref idref="fl-2f"/>
      </object_component>
      <object_component id="oc-145">
         <name>.debug_str</name>
         <load_address>0x7c7</load_address>
         <run_address>0x7c7</run_address>
         <size>0x14a</size>
         <input_file_ref idref="fl-2f"/>
      </object_component>
      <object_component id="oc-1ee">
         <name>.debug_str</name>
         <load_address>0x911</load_address>
         <run_address>0x911</run_address>
         <size>0xd7</size>
         <input_file_ref idref="fl-38"/>
      </object_component>
      <object_component id="oc-18b">
         <name>.debug_aranges</name>
         <load_address>0x0</load_address>
         <run_address>0x0</run_address>
         <size>0x20</size>
         <input_file_ref idref="fl-2"/>
      </object_component>
      <object_component id="oc-190">
         <name>.debug_aranges</name>
         <load_address>0x20</load_address>
         <run_address>0x20</run_address>
         <size>0x20</size>
         <input_file_ref idref="fl-2"/>
      </object_component>
      <object_component id="oc-198">
         <name>.debug_aranges</name>
         <load_address>0x40</load_address>
         <run_address>0x40</run_address>
         <size>0x20</size>
         <input_file_ref idref="fl-2"/>
      </object_component>
      <object_component id="oc-19c">
         <name>.debug_aranges</name>
         <load_address>0x60</load_address>
         <run_address>0x60</run_address>
         <size>0x20</size>
         <input_file_ref idref="fl-2"/>
      </object_component>
      <object_component id="oc-1a3">
         <name>.debug_aranges</name>
         <load_address>0x80</load_address>
         <run_address>0x80</run_address>
         <size>0x20</size>
         <input_file_ref idref="fl-2"/>
      </object_component>
      <object_component id="oc-12a">
         <name>.debug_aranges</name>
         <load_address>0xa0</load_address>
         <run_address>0xa0</run_address>
         <size>0x20</size>
         <input_file_ref idref="fl-2"/>
      </object_component>
      <object_component id="oc-fd">
         <name>.debug_aranges</name>
         <load_address>0xc0</load_address>
         <run_address>0xc0</run_address>
         <size>0x20</size>
         <input_file_ref idref="fl-2"/>
      </object_component>
      <object_component id="oc-15a">
         <name>.debug_aranges</name>
         <load_address>0xe0</load_address>
         <run_address>0xe0</run_address>
         <size>0x20</size>
         <input_file_ref idref="fl-1d"/>
      </object_component>
      <object_component id="oc-f8">
         <name>.debug_aranges</name>
         <load_address>0x100</load_address>
         <run_address>0x100</run_address>
         <size>0x20</size>
         <input_file_ref idref="fl-26"/>
      </object_component>
      <object_component id="oc-65">
         <name>.debug_aranges</name>
         <load_address>0x120</load_address>
         <run_address>0x120</run_address>
         <size>0x20</size>
         <input_file_ref idref="fl-28"/>
      </object_component>
      <object_component id="oc-111">
         <name>.debug_aranges</name>
         <load_address>0x140</load_address>
         <run_address>0x140</run_address>
         <size>0x20</size>
         <input_file_ref idref="fl-2a"/>
      </object_component>
      <object_component id="oc-10a">
         <name>.debug_aranges</name>
         <load_address>0x160</load_address>
         <run_address>0x160</run_address>
         <size>0x20</size>
         <input_file_ref idref="fl-2b"/>
      </object_component>
      <object_component id="oc-16c">
         <name>.debug_aranges</name>
         <load_address>0x180</load_address>
         <run_address>0x180</run_address>
         <size>0x20</size>
         <input_file_ref idref="fl-2c"/>
      </object_component>
      <object_component id="oc-37">
         <name>.debug_aranges</name>
         <load_address>0x1a0</load_address>
         <run_address>0x1a0</run_address>
         <size>0x20</size>
         <input_file_ref idref="fl-2e"/>
      </object_component>
      <object_component id="oc-32">
         <name>.debug_aranges</name>
         <load_address>0x1c0</load_address>
         <run_address>0x1c0</run_address>
         <size>0x20</size>
         <input_file_ref idref="fl-2f"/>
      </object_component>
      <object_component id="oc-131">
         <name>.debug_aranges</name>
         <load_address>0x1e0</load_address>
         <run_address>0x1e0</run_address>
         <size>0x20</size>
         <input_file_ref idref="fl-30"/>
      </object_component>
      <object_component id="oc-ec">
         <name>.debug_aranges</name>
         <load_address>0x200</load_address>
         <run_address>0x200</run_address>
         <size>0x20</size>
         <input_file_ref idref="fl-33"/>
      </object_component>
      <object_component id="oc-db">
         <name>.debug_aranges</name>
         <load_address>0x220</load_address>
         <run_address>0x220</run_address>
         <size>0x20</size>
         <input_file_ref idref="fl-34"/>
      </object_component>
      <object_component id="oc-d1">
         <name>.debug_aranges</name>
         <load_address>0x240</load_address>
         <run_address>0x240</run_address>
         <size>0x20</size>
         <input_file_ref idref="fl-35"/>
      </object_component>
      <object_component id="oc-d7">
         <name>.debug_aranges</name>
         <load_address>0x260</load_address>
         <run_address>0x260</run_address>
         <size>0x20</size>
         <input_file_ref idref="fl-36"/>
      </object_component>
      <object_component id="oc-168">
         <name>.debug_aranges</name>
         <load_address>0x280</load_address>
         <run_address>0x280</run_address>
         <size>0x20</size>
         <input_file_ref idref="fl-38"/>
      </object_component>
      <object_component id="oc-1b3">
         <name>.debug_aranges</name>
         <load_address>0x2a0</load_address>
         <run_address>0x2a0</run_address>
         <size>0x20</size>
         <input_file_ref idref="fl-39"/>
      </object_component>
      <object_component id="oc-158">
         <name>.debug_pubnames</name>
         <load_address>0x0</load_address>
         <run_address>0x0</run_address>
         <size>0x31</size>
         <input_file_ref idref="fl-2"/>
      </object_component>
      <object_component id="oc-160">
         <name>.debug_pubnames</name>
         <load_address>0x31</load_address>
         <run_address>0x31</run_address>
         <size>0x1a</size>
         <input_file_ref idref="fl-2"/>
      </object_component>
      <object_component id="oc-18a">
         <name>.debug_pubnames</name>
         <load_address>0x4b</load_address>
         <run_address>0x4b</run_address>
         <size>0x25</size>
         <input_file_ref idref="fl-2"/>
      </object_component>
      <object_component id="oc-18f">
         <name>.debug_pubnames</name>
         <load_address>0x70</load_address>
         <run_address>0x70</run_address>
         <size>0x28</size>
         <input_file_ref idref="fl-2"/>
      </object_component>
      <object_component id="oc-197">
         <name>.debug_pubnames</name>
         <load_address>0x98</load_address>
         <run_address>0x98</run_address>
         <size>0x2a</size>
         <input_file_ref idref="fl-2"/>
      </object_component>
      <object_component id="oc-19b">
         <name>.debug_pubnames</name>
         <load_address>0xc2</load_address>
         <run_address>0xc2</run_address>
         <size>0x27</size>
         <input_file_ref idref="fl-2"/>
      </object_component>
      <object_component id="oc-1a2">
         <name>.debug_pubnames</name>
         <load_address>0xe9</load_address>
         <run_address>0xe9</run_address>
         <size>0x28</size>
         <input_file_ref idref="fl-2"/>
      </object_component>
      <object_component id="oc-12b">
         <name>.debug_pubnames</name>
         <load_address>0x111</load_address>
         <run_address>0x111</run_address>
         <size>0x1b</size>
         <input_file_ref idref="fl-2"/>
      </object_component>
      <object_component id="oc-fe">
         <name>.debug_pubnames</name>
         <load_address>0x12c</load_address>
         <run_address>0x12c</run_address>
         <size>0x29</size>
         <input_file_ref idref="fl-2"/>
      </object_component>
      <object_component id="oc-15c">
         <name>.debug_pubnames</name>
         <load_address>0x155</load_address>
         <run_address>0x155</run_address>
         <size>0x24</size>
         <input_file_ref idref="fl-1d"/>
      </object_component>
      <object_component id="oc-f9">
         <name>.debug_pubnames</name>
         <load_address>0x179</load_address>
         <run_address>0x179</run_address>
         <size>0x2b</size>
         <input_file_ref idref="fl-26"/>
      </object_component>
      <object_component id="oc-cd">
         <name>.debug_pubnames</name>
         <load_address>0x1a4</load_address>
         <run_address>0x1a4</run_address>
         <size>0x1d</size>
         <input_file_ref idref="fl-27"/>
      </object_component>
      <object_component id="oc-66">
         <name>.debug_pubnames</name>
         <load_address>0x1c1</load_address>
         <run_address>0x1c1</run_address>
         <size>0x2d</size>
         <input_file_ref idref="fl-28"/>
      </object_component>
      <object_component id="oc-110">
         <name>.debug_pubnames</name>
         <load_address>0x1ee</load_address>
         <run_address>0x1ee</run_address>
         <size>0x21</size>
         <input_file_ref idref="fl-2a"/>
      </object_component>
      <object_component id="oc-10c">
         <name>.debug_pubnames</name>
         <load_address>0x20f</load_address>
         <run_address>0x20f</run_address>
         <size>0x27</size>
         <input_file_ref idref="fl-2b"/>
      </object_component>
      <object_component id="oc-16e">
         <name>.debug_pubnames</name>
         <load_address>0x236</load_address>
         <run_address>0x236</run_address>
         <size>0x29</size>
         <input_file_ref idref="fl-2c"/>
      </object_component>
      <object_component id="oc-38">
         <name>.debug_pubnames</name>
         <load_address>0x25f</load_address>
         <run_address>0x25f</run_address>
         <size>0x2b</size>
         <input_file_ref idref="fl-2e"/>
      </object_component>
      <object_component id="oc-31">
         <name>.debug_pubnames</name>
         <load_address>0x28a</load_address>
         <run_address>0x28a</run_address>
         <size>0x2b</size>
         <input_file_ref idref="fl-2f"/>
      </object_component>
      <object_component id="oc-134">
         <name>.debug_pubnames</name>
         <load_address>0x2b5</load_address>
         <run_address>0x2b5</run_address>
         <size>0x1c</size>
         <input_file_ref idref="fl-30"/>
      </object_component>
      <object_component id="oc-eb">
         <name>.debug_pubnames</name>
         <load_address>0x2d1</load_address>
         <run_address>0x2d1</run_address>
         <size>0x1d</size>
         <input_file_ref idref="fl-33"/>
      </object_component>
      <object_component id="oc-dd">
         <name>.debug_pubnames</name>
         <load_address>0x2ee</load_address>
         <run_address>0x2ee</run_address>
         <size>0x2b</size>
         <input_file_ref idref="fl-34"/>
      </object_component>
      <object_component id="oc-d3">
         <name>.debug_pubnames</name>
         <load_address>0x319</load_address>
         <run_address>0x319</run_address>
         <size>0x24</size>
         <input_file_ref idref="fl-35"/>
      </object_component>
      <object_component id="oc-d6">
         <name>.debug_pubnames</name>
         <load_address>0x33d</load_address>
         <run_address>0x33d</run_address>
         <size>0x24</size>
         <input_file_ref idref="fl-36"/>
      </object_component>
      <object_component id="oc-167">
         <name>.debug_pubnames</name>
         <load_address>0x361</load_address>
         <run_address>0x361</run_address>
         <size>0x1e</size>
         <input_file_ref idref="fl-38"/>
      </object_component>
      <object_component id="oc-1b5">
         <name>.debug_pubnames</name>
         <load_address>0x37f</load_address>
         <run_address>0x37f</run_address>
         <size>0x24</size>
         <input_file_ref idref="fl-39"/>
      </object_component>
      <object_component id="oc-e5">
         <name>.debug_pubtypes</name>
         <load_address>0x0</load_address>
         <run_address>0x0</run_address>
         <size>0xed</size>
         <input_file_ref idref="fl-2"/>
      </object_component>
      <object_component id="oc-1bc">
         <name>.debug_pubtypes</name>
         <load_address>0xed</load_address>
         <run_address>0xed</run_address>
         <size>0x32</size>
         <input_file_ref idref="fl-2a"/>
      </object_component>
      <object_component id="oc-1c1">
         <name>.debug_pubtypes</name>
         <load_address>0x11f</load_address>
         <run_address>0x11f</run_address>
         <size>0x50</size>
         <input_file_ref idref="fl-2a"/>
      </object_component>
      <object_component id="oc-14a">
         <name>.debug_pubtypes</name>
         <load_address>0x16f</load_address>
         <run_address>0x16f</run_address>
         <size>0x1d</size>
         <input_file_ref idref="fl-2d"/>
      </object_component>
      <object_component id="oc-f1">
         <name>.debug_pubtypes</name>
         <load_address>0x18c</load_address>
         <run_address>0x18c</run_address>
         <size>0x48</size>
         <input_file_ref idref="fl-2e"/>
      </object_component>
      <object_component id="oc-14f">
         <name>.debug_pubtypes</name>
         <load_address>0x1d4</load_address>
         <run_address>0x1d4</run_address>
         <size>0x1d</size>
         <input_file_ref idref="fl-2e"/>
      </object_component>
      <object_component id="oc-e0">
         <name>.debug_pubtypes</name>
         <load_address>0x1f1</load_address>
         <run_address>0x1f1</run_address>
         <size>0x5d</size>
         <input_file_ref idref="fl-2f"/>
      </object_component>
      <object_component id="oc-142">
         <name>.debug_pubtypes</name>
         <load_address>0x24e</load_address>
         <run_address>0x24e</run_address>
         <size>0x42</size>
         <input_file_ref idref="fl-2f"/>
      </object_component>
      <object_component id="oc-1eb">
         <name>.debug_pubtypes</name>
         <load_address>0x290</load_address>
         <run_address>0x290</run_address>
         <size>0x23</size>
         <input_file_ref idref="fl-38"/>
      </object_component>
   </object_component_list>
   <logical_group_list>
      <logical_group id="lg-2" display="no" color="cyan">
         <name>.bss</name>
         <run_address>0x0</run_address>
         <size>0x0</size>
         <contents>
         </contents>
      </logical_group>
      <logical_group id="lg-3" display="no" color="cyan">
         <name>.data</name>
         <run_address>0x200</run_address>
         <size>0x6</size>
         <contents>
            <object_component_ref idref="oc-156"/>
         </contents>
      </logical_group>
      <logical_group id="lg-4" display="no" color="cyan">
         <name>.TI.noinit</name>
         <run_address>0x0</run_address>
         <size>0x0</size>
         <contents>
         </contents>
      </logical_group>
      <logical_group id="lg-5" display="no" color="cyan">
         <name>.sysmem</name>
         <run_address>0x0</run_address>
         <size>0x0</size>
         <contents>
         </contents>
      </logical_group>
      <logical_group id="lg-6" display="no" color="cyan">
         <name>.stack</name>
         <run_address>0x2b0</run_address>
         <size>0x50</size>
         <contents>
            <object_component_ref idref="oc-cb"/>
            <object_component_ref idref="oc-22d"/>
         </contents>
      </logical_group>
      <logical_group id="lg-7" display="no" color="cyan">
         <name>.text</name>
         <load_address>0xe000</load_address>
         <run_address>0xe000</run_address>
         <size>0x3c2</size>
         <contents>
            <object_component_ref idref="oc-fb"/>
            <object_component_ref idref="oc-2f"/>
            <object_component_ref idref="oc-10e"/>
            <object_component_ref idref="oc-165"/>
            <object_component_ref idref="oc-d4"/>
            <object_component_ref idref="oc-cf"/>
            <object_component_ref idref="oc-187"/>
            <object_component_ref idref="oc-18d"/>
            <object_component_ref idref="oc-62"/>
            <object_component_ref idref="oc-128"/>
            <object_component_ref idref="oc-159"/>
            <object_component_ref idref="oc-1b1"/>
            <object_component_ref idref="oc-35"/>
            <object_component_ref idref="oc-e9"/>
            <object_component_ref idref="oc-d9"/>
            <object_component_ref idref="oc-193"/>
            <object_component_ref idref="oc-19f"/>
            <object_component_ref idref="oc-f6"/>
            <object_component_ref idref="oc-130"/>
            <object_component_ref idref="oc-199"/>
            <object_component_ref idref="oc-108"/>
            <object_component_ref idref="oc-16b"/>
         </contents>
      </logical_group>
      <logical_group id="lg-8" display="no" color="cyan">
         <name>.cinit</name>
         <load_address>0xe3cc</load_address>
         <run_address>0xe3cc</run_address>
         <size>0x10</size>
         <contents>
            <object_component_ref idref="oc-22c"/>
            <object_component_ref idref="oc-22a"/>
            <object_component_ref idref="oc-22b"/>
         </contents>
      </logical_group>
      <logical_group id="lg-9" display="no" color="cyan">
         <name>.const</name>
         <load_address>0xe3c2</load_address>
         <run_address>0xe3c2</run_address>
         <size>0xa</size>
         <contents>
            <object_component_ref idref="oc-15e"/>
         </contents>
      </logical_group>
      <logical_group id="lg-a" display="no" color="cyan">
         <name>.cio</name>
         <run_address>0x0</run_address>
         <size>0x0</size>
         <contents>
         </contents>
      </logical_group>
      <logical_group id="lg-b" display="no" color="cyan">
         <name>.pinit</name>
         <run_address>0x0</run_address>
         <size>0x0</size>
         <contents>
         </contents>
      </logical_group>
      <logical_group id="lg-c" display="no" color="cyan">
         <name>.binit</name>
         <load_address>0xe000</load_address>
         <run_address>0xe000</run_address>
         <size>0x0</size>
         <contents>
            <object_component_ref idref="oc-1f5"/>
         </contents>
      </logical_group>
      <logical_group id="lg-d" display="no" color="cyan">
         <name>.init_array</name>
         <run_address>0x0</run_address>
         <size>0x0</size>
         <contents>
         </contents>
      </logical_group>
      <logical_group id="lg-e" display="no" color="cyan">
         <name>.mspabi.exidx</name>
         <run_address>0x0</run_address>
         <size>0x0</size>
         <contents>
         </contents>
      </logical_group>
      <logical_group id="lg-f" display="no" color="cyan">
         <name>.mspabi.extab</name>
         <run_address>0x0</run_address>
         <size>0x0</size>
         <contents>
         </contents>
      </logical_group>
      <logical_group id="lg-10" display="no" color="cyan">
         <name>.TI.ramfunc</name>
         <run_address>0x0</run_address>
         <size>0x0</size>
         <contents>
         </contents>
      </logical_group>
      <logical_group id="lg-11" display="no" color="cyan">
         <name>.infoA</name>
         <run_address>0x0</run_address>
         <size>0x0</size>
         <contents>
         </contents>
      </logical_group>
      <logical_group id="lg-12" display="no" color="cyan">
         <name>.infoB</name>
         <run_address>0x0</run_address>
         <size>0x0</size>
         <contents>
         </contents>
      </logical_group>
      <logical_group id="lg-13" display="no" color="cyan">
         <name>.infoC</name>
         <run_address>0x0</run_address>
         <size>0x0</size>
         <contents>
         </contents>
      </logical_group>
      <logical_group id="lg-14" display="no" color="cyan">
         <name>.infoD</name>
         <run_address>0x0</run_address>
         <size>0x0</size>
         <contents>
         </contents>
      </logical_group>
      <logical_group id="lg-15" display="no" color="cyan">
         <name>.int00</name>
         <run_address>0x0</run_address>
         <size>0x0</size>
         <contents>
         </contents>
      </logical_group>
      <logical_group id="lg-16" display="no" color="cyan">
         <name>.int01</name>
         <run_address>0x0</run_address>
         <size>0x0</size>
         <contents>
         </contents>
      </logical_group>
      <logical_group id="lg-17" display="no" color="cyan">
         <name>PORT1</name>
         <load_address>0xffe4</load_address>
         <run_address>0xffe4</run_address>
         <size>0x2</size>
         <contents>
            <object_component_ref idref="oc-3b"/>
         </contents>
      </logical_group>
      <logical_group id="lg-19" display="no" color="cyan">
         <name>PORT2</name>
         <load_address>0xffe6</load_address>
         <run_address>0xffe6</run_address>
         <size>0x2</size>
         <contents>
            <object_component_ref idref="oc-3c"/>
         </contents>
      </logical_group>
      <logical_group id="lg-1b" display="no" color="cyan">
         <name>USI</name>
         <load_address>0xffe8</load_address>
         <run_address>0xffe8</run_address>
         <size>0x2</size>
         <contents>
            <object_component_ref idref="oc-3d"/>
         </contents>
      </logical_group>
      <logical_group id="lg-1d" display="no" color="cyan">
         <name>ADC10</name>
         <load_address>0xffea</load_address>
         <run_address>0xffea</run_address>
         <size>0x2</size>
         <contents>
            <object_component_ref idref="oc-3e"/>
         </contents>
      </logical_group>
      <logical_group id="lg-1f" display="no" color="cyan">
         <name>.int06</name>
         <run_address>0x0</run_address>
         <size>0x0</size>
         <contents>
         </contents>
      </logical_group>
      <logical_group id="lg-20" display="no" color="cyan">
         <name>.int07</name>
         <run_address>0x0</run_address>
         <size>0x0</size>
         <contents>
         </contents>
      </logical_group>
      <logical_group id="lg-21" display="no" color="cyan">
         <name>TIMER0_A1</name>
         <load_address>0xfff0</load_address>
         <run_address>0xfff0</run_address>
         <size>0x2</size>
         <contents>
            <object_component_ref idref="oc-3f"/>
         </contents>
      </logical_group>
      <logical_group id="lg-23" display="no" color="cyan">
         <name>TIMER0_A0</name>
         <load_address>0xfff2</load_address>
         <run_address>0xfff2</run_address>
         <size>0x2</size>
         <contents>
            <object_component_ref idref="oc-40"/>
         </contents>
      </logical_group>
      <logical_group id="lg-25" display="no" color="cyan">
         <name>WDT</name>
         <load_address>0xfff4</load_address>
         <run_address>0xfff4</run_address>
         <size>0x2</size>
         <contents>
            <object_component_ref idref="oc-41"/>
         </contents>
      </logical_group>
      <logical_group id="lg-27" display="no" color="cyan">
         <name>COMPARATORA</name>
         <load_address>0xfff6</load_address>
         <run_address>0xfff6</run_address>
         <size>0x2</size>
         <contents>
            <object_component_ref idref="oc-42"/>
         </contents>
      </logical_group>
      <logical_group id="lg-29" display="no" color="cyan">
         <name>.int12</name>
         <run_address>0x0</run_address>
         <size>0x0</size>
         <contents>
         </contents>
      </logical_group>
      <logical_group id="lg-2a" display="no" color="cyan">
         <name>.int13</name>
         <run_address>0x0</run_address>
         <size>0x0</size>
         <contents>
         </contents>
      </logical_group>
      <logical_group id="lg-2b" display="no" color="cyan">
         <name>NMI</name>
         <load_address>0xfffc</load_address>
         <run_address>0xfffc</run_address>
         <size>0x2</size>
         <contents>
            <object_component_ref idref="oc-43"/>
         </contents>
      </logical_group>
      <logical_group id="lg-2d" display="no" color="cyan">
         <name>.reset</name>
         <load_address>0xfffe</load_address>
         <run_address>0xfffe</run_address>
         <size>0x2</size>
         <contents>
            <object_component_ref idref="oc-ce"/>
         </contents>
      </logical_group>
      <logical_group id="lg-1f4" display="no" color="cyan">
         <name>.TI.persistent</name>
         <run_address>0x0</run_address>
         <size>0x0</size>
         <contents>
         </contents>
      </logical_group>
      <logical_group id="lg-21a" display="never" color="cyan">
         <name>.debug_info</name>
         <load_address>0x0</load_address>
         <run_address>0x0</run_address>
         <size>0x3297</size>
         <contents>
            <object_component_ref idref="oc-1b0"/>
            <object_component_ref idref="oc-157"/>
            <object_component_ref idref="oc-15f"/>
            <object_component_ref idref="oc-189"/>
            <object_component_ref idref="oc-18e"/>
            <object_component_ref idref="oc-196"/>
            <object_component_ref idref="oc-19a"/>
            <object_component_ref idref="oc-1a1"/>
            <object_component_ref idref="oc-129"/>
            <object_component_ref idref="oc-fc"/>
            <object_component_ref idref="oc-e4"/>
            <object_component_ref idref="oc-15b"/>
[...]
         <name>ADC10SA</name>
         <value>0x1bc</value>
      </symbol>
      <symbol id="sm-a">
         <name>DCOCTL</name>
         <value>0x56</value>
      </symbol>
      <symbol id="sm-b">
         <name>BCSCTL1</name>
         <value>0x57</value>
      </symbol>
      <symbol id="sm-c">
         <name>BCSCTL2</name>
         <value>0x58</value>
      </symbol>
      <symbol id="sm-d">
         <name>BCSCTL3</name>
         <value>0x53</value>
      </symbol>
      <symbol id="sm-e">
         <name>CACTL1</name>
         <value>0x59</value>
      </symbol>
      <symbol id="sm-f">
         <name>CACTL2</name>
         <value>0x5a</value>
      </symbol>
      <symbol id="sm-10">
         <name>CAPD</name>
         <value>0x5b</value>
      </symbol>
      <symbol id="sm-11">
         <name>FCTL1</name>
         <value>0x128</value>
      </symbol>
      <symbol id="sm-12">
         <name>FCTL2</name>
         <value>0x12a</value>
      </symbol>
      <symbol id="sm-13">
         <name>FCTL3</name>
         <value>0x12c</value>
      </symbol>
      <symbol id="sm-14">
         <name>P1IN</name>
         <value>0x20</value>
      </symbol>
      <symbol id="sm-15">
         <name>P1OUT</name>
         <value>0x21</value>
      </symbol>
      <symbol id="sm-16">
         <name>P1DIR</name>
         <value>0x22</value>
      </symbol>
      <symbol id="sm-17">
         <name>P1IFG</name>
         <value>0x23</value>
      </symbol>
      <symbol id="sm-18">
         <name>P1IES</name>
         <value>0x24</value>
      </symbol>
      <symbol id="sm-19">
         <name>P1IE</name>
         <value>0x25</value>
      </symbol>
      <symbol id="sm-1a">
         <name>P1SEL</name>
         <value>0x26</value>
      </symbol>
      <symbol id="sm-1b">
         <name>P1SEL2</name>
         <value>0x41</value>
      </symbol>
      <symbol id="sm-1c">
         <name>P1REN</name>
         <value>0x27</value>
      </symbol>
      <symbol id="sm-1d">
         <name>P2IN</name>
         <value>0x28</value>
      </symbol>
      <symbol id="sm-1e">
         <name>P2OUT</name>
         <value>0x29</value>
      </symbol>
      <symbol id="sm-1f">
         <name>P2DIR</name>
         <value>0x2a</value>
      </symbol>
      <symbol id="sm-20">
         <name>P2IFG</name>
         <value>0x2b</value>
      </symbol>
      <symbol id="sm-21">
         <name>P2IES</name>
         <value>0x2c</value>
      </symbol>
      <symbol id="sm-22">
         <name>P2IE</name>
         <value>0x2d</value>
      </symbol>
      <symbol id="sm-23">
         <name>P2SEL</name>
         <value>0x2e</value>
      </symbol>
      <symbol id="sm-24">
         <name>P2SEL2</name>
         <value>0x42</value>
      </symbol>
      <symbol id="sm-25">
         <name>P2REN</name>
         <value>0x2f</value>
      </symbol>
      <symbol id="sm-26">
         <name>TA0IV</name>
         <value>0x12e</value>
      </symbol>
      <symbol id="sm-27">
         <name>TA0CTL</name>
         <value>0x160</value>
      </symbol>
      <symbol id="sm-28">
         <name>TA0CCTL0</name>
         <value>0x162</value>
      </symbol>
      <symbol id="sm-29">
         <name>TA0CCTL1</name>
         <value>0x164</value>
      </symbol>
      <symbol id="sm-2a">
         <name>TA0CCTL2</name>
         <value>0x166</value>
      </symbol>
      <symbol id="sm-2b">
         <name>TA0R</name>
         <value>0x170</value>
      </symbol>
      <symbol id="sm-2c">
         <name>TA0CCR0</name>
         <value>0x172</value>
      </symbol>
      <symbol id="sm-2d">
         <name>TA0CCR1</name>
         <value>0x174</value>
      </symbol>
      <symbol id="sm-2e">
         <name>TA0CCR2</name>
         <value>0x176</value>
      </symbol>
      <symbol id="sm-2f">
         <name>USICTL0</name>
         <value>0x78</value>
      </symbol>
      <symbol id="sm-30">
         <name>USICTL1</name>
         <value>0x79</value>
      </symbol>
      <symbol id="sm-31">
         <name>USICKCTL</name>
         <value>0x7a</value>
      </symbol>
      <symbol id="sm-32">
         <name>USICNT</name>
         <value>0x7b</value>
      </symbol>
      <symbol id="sm-33">
         <name>USISRL</name>
         <value>0x7c</value>
      </symbol>
      <symbol id="sm-34">
         <name>USISRH</name>
         <value>0x7d</value>
      </symbol>
      <symbol id="sm-35">
         <name>USICTL</name>
         <value>0x78</value>
      </symbol>
      <symbol id="sm-36">
         <name>USICCTL</name>
         <value>0x7a</value>
      </symbol>
      <symbol id="sm-37">
         <name>USISR</name>
         <value>0x7c</value>
      </symbol>
      <symbol id="sm-38">
         <name>WDTCTL</name>
         <value>0x120</value>
      </symbol>
      <symbol id="sm-39">
         <name>CALDCO_16MHZ</name>
         <value>0x10f8</value>
      </symbol>
      <symbol id="sm-3a">
         <name>CALBC1_16MHZ</name>
         <value>0x10f9</value>
      </symbol>
      <symbol id="sm-3b">
         <name>CALDCO_12MHZ</name>
         <value>0x10fa</value>
      </symbol>
      <symbol id="sm-3c">
         <name>CALBC1_12MHZ</name>
         <value>0x10fb</value>
      </symbol>
      <symbol id="sm-3d">
         <name>CALDCO_8MHZ</name>
         <value>0x10fc</value>
      </symbol>
      <symbol id="sm-3e">
         <name>CALBC1_8MHZ</name>
         <value>0x10fd</value>
      </symbol>
      <symbol id="sm-3f">
         <name>CALDCO_1MHZ</name>
         <value>0x10fe</value>
      </symbol>
      <symbol id="sm-40">
         <name>CALBC1_1MHZ</name>
         <value>0x10ff</value>
      </symbol>
      <symbol id="sm-41">
         <name>TLV_CHECKSUM</name>
         <value>0x10c0</value>
      </symbol>
      <symbol id="sm-42">
         <name>TLV_DCO_30_TAG</name>
         <value>0x10f6</value>
      </symbol>
      <symbol id="sm-43">
         <name>TLV_DCO_30_LEN</name>
         <value>0x10f7</value>
      </symbol>
      <symbol id="sm-44">
         <name>TLV_ADC10_1_TAG</name>
         <value>0x10da</value>
      </symbol>
      <symbol id="sm-45">
         <name>TLV_ADC10_1_LEN</name>
         <value>0x10db</value>
      </symbol>
      <symbol id="sm-46">
         <name>__TI_CINIT_Base</name>
         <value>0xe3d8</value>
      </symbol>
      <symbol id="sm-47">
         <name>__TI_CINIT_Limit</name>
         <value>0xe3dc</value>
      </symbol>
      <symbol id="sm-48">
         <name>__TI_Handler_Table_Base</name>
         <value>0xe3d4</value>
      </symbol>
      <symbol id="sm-49">
         <name>__TI_Handler_Table_Limit</name>
         <value>0xe3d8</value>
      </symbol>
      <symbol id="sm-4a">
         <name>__STACK_SIZE</name>
         <value>0x50</value>
      </symbol>
      <symbol id="sm-4b">
         <name>__STACK_END</name>
         <value>0x300</value>
      </symbol>
      <symbol id="sm-4c">
         <name>__c_args__</name>
         <value>0xffffffff</value>
      </symbol>
      <symbol id="sm-4d">
         <name>__TI_pprof_out_hndl</name>
         <value>0xffffffff</value>
      </symbol>
      <symbol id="sm-4e">
         <name>__TI_prof_data_start</name>
         <value>0xffffffff</value>
      </symbol>
      <symbol id="sm-4f">
         <name>__TI_prof_data_size</name>
         <value>0xffffffff</value>
      </symbol>
      <symbol id="sm-c9">
         <name>num</name>
         <value>0xe3c2</value>
         <object_component_ref idref="oc-15e"/>
      </symbol>
      <symbol id="sm-ca">
         <name>seg</name>
         <value>0x205</value>
         <object_component_ref idref="oc-156"/>
      </symbol>
      <symbol id="sm-cb">
         <name>__TI_int08</name>
         <value>0xfff0</value>
         <object_component_ref idref="oc-3f"/>
      </symbol>
      <symbol id="sm-cc">
         <name>System_graceInit</name>
         <value>0xe3b8</value>
         <object_component_ref idref="oc-199"/>
      </symbol>
      <symbol id="sm-cd">
         <name>n</name>
         <value>0x204</value>
         <object_component_ref idref="oc-156"/>
      </symbol>
      <symbol id="sm-ce">
         <name>main</name>
         <value>0xe320</value>
         <object_component_ref idref="oc-128"/>
      </symbol>
      <symbol id="sm-cf">
         <name>GPIO_graceInit</name>
         <value>0xe2b6</value>
         <object_component_ref idref="oc-187"/>
      </symbol>
      <symbol id="sm-d0">
         <name>ms</name>
         <value>0x200</value>
         <object_component_ref idref="oc-156"/>
      </symbol>
      <symbol id="sm-d1">
         <name>TIMER0_A1_ISR_HOOK</name>
         <value>0xe000</value>
         <object_component_ref idref="oc-fb"/>
      </symbol>
      <symbol id="sm-d2">
         <name>BCSplus_graceInit</name>
         <value>0xe2e0</value>
         <object_component_ref idref="oc-18d"/>
      </symbol>
      <symbol id="sm-d3">
         <name>Timer0_A3_graceInit</name>
         <value>0xe394</value>
         <object_component_ref idref="oc-193"/>
      </symbol>
      <symbol id="sm-d4">
         <name>WDTplus_graceInit</name>
         <value>0xe3a2</value>
         <object_component_ref idref="oc-19f"/>
      </symbol>
      <symbol id="sm-d5">
         <name>value</name>
         <value>0x202</value>
         <object_component_ref idref="oc-156"/>
      </symbol>
      <symbol id="sm-df">
         <name>__mspabi_remu</name>
         <value>0xe336</value>
         <object_component_ref idref="oc-159"/>
      </symbol>
      <symbol id="sm-e0">
         <name>__mspabi_divu</name>
         <value>0xe336</value>
         <object_component_ref idref="oc-159"/>
      </symbol>
      <symbol id="sm-e3">
         <name>__TI_int02</name>
         <value>0xffe4</value>
         <object_component_ref idref="oc-3b"/>
      </symbol>
      <symbol id="sm-e6">
         <name>__TI_int03</name>
         <value>0xffe6</value>
         <object_component_ref idref="oc-3c"/>
      </symbol>
      <symbol id="sm-e9">
         <name>__TI_int04</name>
         <value>0xffe8</value>
         <object_component_ref idref="oc-3d"/>
      </symbol>
      <symbol id="sm-ec">
         <name>__TI_int05</name>
         <value>0xffea</value>
         <object_component_ref idref="oc-3e"/>
      </symbol>
      <symbol id="sm-ef">
         <name>__TI_int09</name>
         <value>0xfff2</value>
         <object_component_ref idref="oc-40"/>
      </symbol>
      <symbol id="sm-f2">
         <name>__TI_int10</name>
         <value>0xfff4</value>
         <object_component_ref idref="oc-41"/>
      </symbol>
      <symbol id="sm-f5">
         <name>__TI_int11</name>
         <value>0xfff6</value>
         <object_component_ref idref="oc-42"/>
      </symbol>
      <symbol id="sm-f8">
         <name>__TI_int14</name>
         <value>0xfffc</value>
         <object_component_ref idref="oc-43"/>
      </symbol>
      <symbol id="sm-100">
         <name>__TI_ISR_TRAP</name>
         <value>0xe3aa</value>
         <object_component_ref idref="oc-f6"/>
      </symbol>
      <symbol id="sm-108">
         <name>_stack</name>
         <value>0x2b0</value>
         <object_component_ref idref="oc-cb"/>
      </symbol>
      <symbol id="sm-109">
         <name>_reset_vector</name>
         <value>0xfffe</value>
         <object_component_ref idref="oc-ce"/>
      </symbol>
      <symbol id="sm-113">
         <name>_c_int00_noargs_noexit</name>
         <value>0xe306</value>
         <object_component_ref idref="oc-62"/>
      </symbol>
      <symbol id="sm-130">
         <name>_auto_init</name>
         <value>0xe176</value>
         <object_component_ref idref="oc-10e"/>
      </symbol>
      <symbol id="sm-139">
         <name>_system_pre_init</name>
         <value>0xe3bc</value>
         <object_component_ref idref="oc-108"/>
      </symbol>
      <symbol id="sm-142">
         <name>_system_post_cinit</name>
         <value>0xe3c0</value>
         <object_component_ref idref="oc-16b"/>
      </symbol>
      <symbol id="sm-15e">
         <name>__TI_decompress_none</name>
         <value>0xe360</value>
         <object_component_ref idref="oc-35"/>
      </symbol>
      <symbol id="sm-17c">
         <name>__TI_decompress_lzss</name>
         <value>0xe0fa</value>
         <object_component_ref idref="oc-2f"/>
      </symbol>
      <symbol id="sm-186">
         <name>C$$EXIT</name>
         <value>0xe3b2</value>
         <object_component_ref idref="oc-130"/>
      </symbol>
      <symbol id="sm-187">
         <name>abort</name>
         <value>0xe3b2</value>
         <object_component_ref idref="oc-130"/>
      </symbol>
      <symbol id="sm-197">
         <name>memcpy</name>
         <value>0xe372</value>
         <object_component_ref idref="oc-e9"/>
      </symbol>
      <symbol id="sm-1a0">
         <name>__mspabi_func_epilog_2</name>
         <value>0xe38e</value>
         <object_component_ref idref="oc-d9"/>
      </symbol>
      <symbol id="sm-1a1">
         <name>__mspabi_func_epilog_3</name>
         <value>0xe38c</value>
         <object_component_ref idref="oc-d9"/>
      </symbol>
      <symbol id="sm-1a2">
         <name>__mspabi_func_epilog_1</name>
         <value>0xe390</value>
         <object_component_ref idref="oc-d9"/>
      </symbol>
      <symbol id="sm-1a3">
         <name>__mspabi_func_epilog_6</name>
         <value>0xe386</value>
         <object_component_ref idref="oc-d9"/>
      </symbol>
      <symbol id="sm-1a4">
         <name>__mspabi_func_epilog_7</name>
         <value>0xe384</value>
         <object_component_ref idref="oc-d9"/>
      </symbol>
      <symbol id="sm-1a5">
         <name>__mspabi_func_epilog_4</name>
         <value>0xe38a</value>
         <object_component_ref idref="oc-d9"/>
      </symbol>
      <symbol id="sm-1a6">
         <name>__mspabi_func_epilog_5</name>
         <value>0xe388</value>
         <object_component_ref idref="oc-d9"/>
      </symbol>
      <symbol id="sm-1ae">
         <name>__mspabi_slli</name>
         <value>0xe28a</value>
         <object_component_ref idref="oc-cf"/>
      </symbol>
      <symbol id="sm-1af">
         <name>__mspabi_slli_9</name>
         <value>0xe2a2</value>
         <object_component_ref idref="oc-cf"/>
      </symbol>
      <symbol id="sm-1b0">
         <name>__mspabi_slli_8</name>
         <value>0xe2a4</value>
         <object_component_ref idref="oc-cf"/>
      </symbol>
      <symbol id="sm-1b1">
         <name>__mspabi_slli_7</name>
         <value>0xe2a6</value>
         <object_component_ref idref="oc-cf"/>
      </symbol>
      <symbol id="sm-1b2">
         <name>__mspabi_slli_6</name>
         <value>0xe2a8</value>
         <object_component_ref idref="oc-cf"/>
      </symbol>
      <symbol id="sm-1b3">
         <name>__mspabi_slli_5</name>
         <value>0xe2aa</value>
         <object_component_ref idref="oc-cf"/>
      </symbol>
      <symbol id="sm-1b4">
         <name>__mspabi_slli_4</name>
         <value>0xe2ac</value>
         <object_component_ref idref="oc-cf"/>
      </symbol>
      <symbol id="sm-1b5">
         <name>__mspabi_slli_3</name>
         <value>0xe2ae</value>
         <object_component_ref idref="oc-cf"/>
      </symbol>
      <symbol id="sm-1b6">
         <name>__mspabi_slli_2</name>
         <value>0xe2b0</value>
         <object_component_ref idref="oc-cf"/>
      </symbol>
      <symbol id="sm-1b7">
         <name>__mspabi_slli_1</name>
         <value>0xe2b2</value>
         <object_component_ref idref="oc-cf"/>
      </symbol>
      <symbol id="sm-1b8">
         <name>__mspabi_slli_15</name>
         <value>0xe296</value>
         <object_component_ref idref="oc-cf"/>
      </symbol>
      <symbol id="sm-1b9">
         <name>__mspabi_slli_14</name>
         <value>0xe298</value>
         <object_component_ref idref="oc-cf"/>
      </symbol>
      <symbol id="sm-1ba">
         <name>__mspabi_slli_13</name>
         <value>0xe29a</value>
         <object_component_ref idref="oc-cf"/>
      </symbol>
      <symbol id="sm-1bb">
         <name>__mspabi_slli_12</name>
         <value>0xe29c</value>
         <object_component_ref idref="oc-cf"/>
      </symbol>
      <symbol id="sm-1bc">
         <name>__mspabi_slli_11</name>
         <value>0xe29e</value>
         <object_component_ref idref="oc-cf"/>
      </symbol>
      <symbol id="sm-1bd">
         <name>__mspabi_slli_10</name>
         <value>0xe2a0</value>
         <object_component_ref idref="oc-cf"/>
      </symbol>
      <symbol id="sm-1c5">
         <name>__mspabi_srli_8</name>
         <value>0xe268</value>
         <object_component_ref idref="oc-d4"/>
      </symbol>
      <symbol id="sm-1c6">
         <name>__mspabi_srli_9</name>
         <value>0xe264</value>
         <object_component_ref idref="oc-d4"/>
      </symbol>
      <symbol id="sm-1c7">
         <name>__mspabi_srli_6</name>
         <value>0xe270</value>
         <object_component_ref idref="oc-d4"/>
      </symbol>
      <symbol id="sm-1c8">
         <name>__mspabi_srli_7</name>
         <value>0xe26c</value>
         <object_component_ref idref="oc-d4"/>
      </symbol>
      <symbol id="sm-1c9">
         <name>__mspabi_srli_4</name>
         <value>0xe278</value>
         <object_component_ref idref="oc-d4"/>
      </symbol>
      <symbol id="sm-1ca">
         <name>__mspabi_srli_5</name>
         <value>0xe274</value>
         <object_component_ref idref="oc-d4"/>
      </symbol>
      <symbol id="sm-1cb">
         <name>__mspabi_srli_2</name>
         <value>0xe280</value>
         <object_component_ref idref="oc-d4"/>
      </symbol>
      <symbol id="sm-1cc">
         <name>__mspabi_srli_3</name>
         <value>0xe27c</value>
         <object_component_ref idref="oc-d4"/>
      </symbol>
      <symbol id="sm-1cd">
         <name>__mspabi_srli_1</name>
         <value>0xe284</value>
         <object_component_ref idref="oc-d4"/>
      </symbol>
      <symbol id="sm-1ce">
         <name>__mspabi_srli</name>
         <value>0xe23e</value>
         <object_component_ref idref="oc-d4"/>
      </symbol>
      <symbol id="sm-1cf">
         <name>__mspabi_srli_15</name>
         <value>0xe24c</value>
         <object_component_ref idref="oc-d4"/>
      </symbol>
      <symbol id="sm-1d0">
         <name>__mspabi_srli_14</name>
         <value>0xe250</value>
         <object_component_ref idref="oc-d4"/>
      </symbol>
      <symbol id="sm-1d1">
         <name>__mspabi_srli_13</name>
         <value>0xe254</value>
         <object_component_ref idref="oc-d4"/>
      </symbol>
      <symbol id="sm-1d2">
         <name>__mspabi_srli_12</name>
         <value>0xe258</value>
         <object_component_ref idref="oc-d4"/>
      </symbol>
      <symbol id="sm-1d3">
         <name>__mspabi_srli_11</name>
         <value>0xe25c</value>
         <object_component_ref idref="oc-d4"/>
      </symbol>
      <symbol id="sm-1d4">
         <name>__mspabi_srli_10</name>
         <value>0xe260</value>
         <object_component_ref idref="oc-d4"/>
      </symbol>
      <symbol id="sm-1eb">
         <name>copy_in</name>
         <value>0xe1e4</value>
         <object_component_ref idref="oc-165"/>
      </symbol>
      <symbol id="sm-1f5">
         <name>__mspabi_mpyi_sw</name>
         <value>0xe34c</value>
         <object_component_ref idref="oc-1b1"/>
      </symbol>
      <symbol id="sm-1f6">
         <name>__mspabi_mpyi</name>
         <value>0xe34c</value>
         <object_component_ref idref="oc-1b1"/>
      </symbol>
      <symbol id="sm-1f8">
         <name>__TI_BINIT_Base</name>
         <value>0x0</value>
      </symbol>
      <symbol id="sm-1f9">
         <name>__TI_BINIT_Limit</name>
         <value>0x0</value>
      </symbol>
      <symbol id="sm-1fa">
         <name>__TI_INITARRAY_Base</name>
         <value>0x0</value>
      </symbol>
      <symbol id="sm-1fb">
         <name>__TI_INITARRAY_Limit</name>
         <value>0x0</value>
      </symbol>
   </symbol_table>
   <title>Link successful</title>
</link_info>
