******************************************************************************
                  MSP430 Linker PC v17.6.0                     
******************************************************************************
>> Linked Sun Aug  6 12:35:31 2017

OUTPUT FILE NAME:   <Timer_Interrupt.out>
ENTRY POINT SYMBOL: "_c_int00_noargs_noexit"  address: 0000e306


MEMORY CONFIGURATION

         name            origin    length      used     unused   attr    fill
----------------------  --------  ---------  --------  --------  ----  --------
  SFR                   00000000   00000010  00000000  00000010  RWIX
  PERIPHERALS_8BIT      00000010   000000f0  00000000  000000f0  RWIX
  PERIPHERALS_16BIT     00000100   00000100  00000000  00000100  RWIX
  RAM                   00000200   00000100  00000056  000000aa  RWIX
  INFOD                 00001000   00000040  00000000  00000040  RWIX
  INFOC                 00001040   00000040  00000000  00000040  RWIX
  INFOB                 00001080   00000040  00000000  00000040  RWIX
  INFOA                 000010c0   00000040  00000000  00000040  RWIX
  FLASH                 0000e000   00001fe0  000003dc  00001c04  RWIX
  INT00                 0000ffe0   00000002  00000000  00000002  RWIX
  INT01                 0000ffe2   00000002  00000000  00000002  RWIX
  INT02                 0000ffe4   00000002  00000002  00000000  RWIX
  INT03                 0000ffe6   00000002  00000002  00000000  RWIX
  INT04                 0000ffe8   00000002  00000002  00000000  RWIX
  INT05                 0000ffea   00000002  00000002  00000000  RWIX
  INT06                 0000ffec   00000002  00000000  00000002  RWIX
  INT07                 0000ffee   00000002  00000000  00000002  RWIX
  INT08                 0000fff0   00000002  00000002  00000000  RWIX
  INT09                 0000fff2   00000002  00000002  00000000  RWIX
  INT10                 0000fff4   00000002  00000002  00000000  RWIX
  INT11                 0000fff6   00000002  00000002  00000000  RWIX
  INT12                 0000fff8   00000002  00000000  00000002  RWIX
  INT13                 0000fffa   00000002  00000000  00000002  RWIX
  INT14                 0000fffc   00000002  00000002  00000000  RWIX
  RESET                 0000fffe   00000002  00000002  00000000  RWIX


SECTION ALLOCATION MAP

 output                                  attributes/
section   page    origin      length       input sections
--------  ----  ----------  ----------   ----------------
.data      0    00000200    00000006     UNINITIALIZED
                  00000200    00000006     main.obj (.data)

.stack     0    000002b0    00000050     UNINITIALIZED
                  000002b0    00000002     rts430_eabi.lib : boot.obj (.stack)
                  000002b2    0000004e     --HOLE--

.text      0    0000e000    000003c2     
                  0000e000    000000fa     main.obj (.text:TIMER0_A1_ISR_HOOK)
                  0000e0fa    0000007c     rts430_eabi.lib : copy_decompress_lzss.obj (.text:decompress:lzss:__TI_decompress_lzss)
                  0000e176    0000006e                     : autoinit.obj (.text:_auto_init)
                  0000e1e4    0000005a                     : cpy_tbl.obj (.text:copy_in)
                  0000e23e    0000004c                     : lsr16.obj (.text)
                  0000e28a    0000002c                     : lsl16.obj (.text)
                  0000e2b6    0000002a     main.obj (.text:GPIO_graceInit)
                  0000e2e0    00000026     main.obj (.text:BCSplus_graceInit)
                  0000e306    0000001a     rts430_eabi.lib : boot_special.obj (.text:_c_int00_noargs_noexit)
                  0000e320    00000016     main.obj (.text:main)
                  0000e336    00000016     rts430_eabi.lib : div16u.obj (.text)
                  0000e34c    00000014                     : mult16.obj (.text)
                  0000e360    00000012                     : copy_decompress_none.obj (.text:decompress:none:__TI_decompress_none)
                  0000e372    00000012                     : memcpy.obj (.text:memcpy)
                  0000e384    00000010                     : epilog.obj (.text)
                  0000e394    0000000e     main.obj (.text:Timer0_A3_graceInit)
                  0000e3a2    00000008     main.obj (.text:WDTplus_graceInit)
                  0000e3aa    00000008     rts430_eabi.lib : isr_trap.obj (.text:_isr:__TI_ISR_TRAP)
                  0000e3b2    00000006                     : exit.obj (.text:abort)
                  0000e3b8    00000004     main.obj (.text:System_graceInit)
                  0000e3bc    00000004     rts430_eabi.lib : pre_init.obj (.text:_system_pre_init)
                  0000e3c0    00000002                     : startup.obj (.text:_system_post_cinit)

.const     0    0000e3c2    0000000a     
                  0000e3c2    0000000a     main.obj (.const:.string:num)

.cinit     0    0000e3cc    00000010     
                  0000e3cc    00000007     (.cinit..data.load) [load image, compression = lzss]
                  0000e3d3    00000001     --HOLE-- [fill = 0]
                  0000e3d4    00000004     (__TI_handler_table)
                  0000e3d8    00000004     (__TI_cinit_table)

.binit     0    0000e000    00000000     

.init_array 
*          0    0000e000    00000000     UNINITIALIZED

PORT1      0    0000ffe4    00000002     
                  0000ffe4    00000002     rts430_eabi.lib : int02.obj (.int02)

PORT2      0    0000ffe6    00000002     
                  0000ffe6    00000002     rts430_eabi.lib : int03.obj (.int03)

USI        0    0000ffe8    00000002     
                  0000ffe8    00000002     rts430_eabi.lib : int04.obj (.int04)

ADC10      0    0000ffea    00000002     
                  0000ffea    00000002     rts430_eabi.lib : int05.obj (.int05)

TIMER0_A1 
*          0    0000fff0    00000002     
                  0000fff0    00000002     main.obj (.int08)

TIMER0_A0 
*          0    0000fff2    00000002     
                  0000fff2    00000002     rts430_eabi.lib : int09.obj (.int09)

WDT        0    0000fff4    00000002     
                  0000fff4    00000002     rts430_eabi.lib : int10.obj (.int10)

COMPARATORA 
*          0    0000fff6    00000002     
                  0000fff6    00000002     rts430_eabi.lib : int11.obj (.int11)

NMI        0    0000fffc    00000002     
                  0000fffc    00000002     rts430_eabi.lib : int14.obj (.int14)

.reset     0    0000fffe    00000002     
                  0000fffe    00000002     rts430_eabi.lib : boot.obj (.reset)

MODULE SUMMARY

       Module                     code   ro data   rw data
       ------                     ----   -------   -------
    .\
       main.obj                   378    12        6      
    +--+--------------------------+------+---------+---------+
       Total:                     378    12        6      
                                                          
    C:\ti\ccsv7\tools\compiler\ti-cgt-msp430_17.6.0.STS\lib\rts430_eabi.lib
       copy_decompress_lzss.obj   124    0         0      
       autoinit.obj               110    0         0      
       cpy_tbl.obj                90     0         0      
       lsr16.obj                  76     0         0      
       lsl16.obj                  44     0         0      
       boot_special.obj           26     0         0      
       div16u.obj                 22     0         0      
       mult16.obj                 20     0         0      
       copy_decompress_none.obj   18     0         0      
       memcpy.obj                 18     0         0      
       epilog.obj                 16     0         0      
       isr_trap.obj               8      0         0      
       exit.obj                   6      0         0      
       pre_init.obj               4      0         0      
       boot.obj                   0      2         0      
       int02.obj                  0      2         0      
       int03.obj                  0      2         0      
       int04.obj                  0      2         0      
       int05.obj                  0      2         0      
       int09.obj                  0      2         0      
       int10.obj                  0      2         0      
       int11.obj                  0      2         0      
       int14.obj                  0      2         0      
       startup.obj                2      0         0      
    +--+--------------------------+------+---------+---------+
       Total:                     584    18        0      
                                                          
       Stack:                     0      0         80     
       Linker Generated:          0      15        0      
    +--+--------------------------+------+---------+---------+
       Grand Total:               962    45        86     


LINKER GENERATED COPY TABLES

__TI_cinit_table @ 0000e3d8 records: 1, size/record: 4, table size: 4
	.data: load addr=0000e3cc, load size=00000007 bytes, run addr=00000200, run size=00000006 bytes, compression=lzss


LINKER GENERATED HANDLER TABLE

__TI_handler_table @ 0000e3d4 records: 2, size/record: 2, table size: 4
	index: 0, handler: __TI_decompress_lzss
	index: 1, handler: __TI_decompress_none


GLOBAL SYMBOLS: SORTED ALPHABETICALLY BY Name 

address   name                    
-------   ----                    
0000004a  ADC10AE0                
000001b0  ADC10CTL0               
000001b2  ADC10CTL1               
00000048  ADC10DTC0               
00000049  ADC10DTC1               
000001b4  ADC10MEM                
000001bc  ADC10SA                 
00000057  BCSCTL1                 
00000058  BCSCTL2                 
00000053  BCSCTL3                 
0000e2e0  BCSplus_graceInit       
0000e3b2  C$$EXIT                 
00000059  CACTL1                  
0000005a  CACTL2                  
000010fb  CALBC1_12MHZ            
000010f9  CALBC1_16MHZ            
000010ff  CALBC1_1MHZ             
000010fd  CALBC1_8MHZ             
000010fa  CALDCO_12MHZ            
000010f8  CALDCO_16MHZ            
000010fe  CALDCO_1MHZ             
000010fc  CALDCO_8MHZ             
0000005b  CAPD                    
00000056  DCOCTL                  
00000128  FCTL1                   
0000012a  FCTL2                   
0000012c  FCTL3                   
0000e2b6  GPIO_graceInit          
00000000  IE1                     
00000002  IFG1                    
00000022  P1DIR                   
00000025  P1IE                    
00000024  P1IES                   
00000023  P1IFG                   
00000020  P1IN                    
00000021  P1OUT                   
00000027  P1REN                   
00000026  P1SEL                   
00000041  P1SEL2                  
0000002a  P2DIR                   
0000002d  P2IE                    
0000002c  P2IES                   
0000002b  P2IFG                   
00000028  P2IN                    
00000029  P2OUT                   
0000002f  P2REN                   
0000002e  P2SEL                   
00000042  P2SEL2                  
0000e3b8  System_graceInit        
00000172  TA0CCR0                 
00000174  TA0CCR1                 
00000176  TA0CCR2                 
00000162  TA0CCTL0                
00000164  TA0CCTL1                
00000166  TA0CCTL2                
00000160  TA0CTL                  
0000012e  TA0IV                   
00000170  TA0R                    
0000e000  TIMER0_A1_ISR_HOOK      
000010db  TLV_ADC10_1_LEN         
000010da  TLV_ADC10_1_TAG         
000010c0  TLV_CHECKSUM            
000010f7  TLV_DCO_30_LEN          
000010f6  TLV_DCO_30_TAG          
0000e394  Timer0_A3_graceInit     
0000007a  USICCTL                 
0000007a  USICKCTL                
0000007b  USICNT                  
00000078  USICTL                  
00000078  USICTL0                 
00000079  USICTL1                 
0000007c  USISR                   
0000007d  USISRH                  
0000007c  USISRL                  
00000120  WDTCTL                  
0000e3a2  WDTplus_graceInit       
00000300  __STACK_END             
00000050  __STACK_SIZE            
UNDEFED   __TI_BINIT_Base         
UNDEFED   __TI_BINIT_Limit        
0000e3d8  __TI_CINIT_Base         
0000e3dc  __TI_CINIT_Limit        
0000e3d4  __TI_Handler_Table_Base 
0000e3d8  __TI_Handler_Table_Limit
UNDEFED   __TI_INITARRAY_Base     
UNDEFED   __TI_INITARRAY_Limit    
0000e3aa  __TI_ISR_TRAP           
0000e0fa  __TI_decompress_lzss    
0000e360  __TI_decompress_none    
0000ffe4  __TI_int02              
0000ffe6  __TI_int03              
0000ffe8  __TI_int04              
0000ffea  __TI_int05              
0000fff0  __TI_int08              
0000fff2  __TI_int09              
0000fff4  __TI_int10              
0000fff6  __TI_int11              
0000fffc  __TI_int14              
ffffffff  __TI_pprof_out_hndl     
ffffffff  __TI_prof_data_size     
ffffffff  __TI_prof_data_start    
ffffffff  __c_args__              
0000e336  __mspabi_divu           
0000e390  __mspabi_func_epilog_1  
0000e38e  __mspabi_func_epilog_2  
0000e38c  __mspabi_func_epilog_3  
0000e38a  __mspabi_func_epilog_4  
0000e388  __mspabi_func_epilog_5  
0000e386  __mspabi_func_epilog_6  
0000e384  __mspabi_func_epilog_7  
0000e34c  __mspabi_mpyi           
0000e34c  __mspabi_mpyi_sw        
0000e336  __mspabi_remu           
0000e28a  __mspabi_slli           
0000e2b2  __mspabi_slli_1         
0000e2a0  __mspabi_slli_10        
0000e29e  __mspabi_slli_11        
0000e29c  __mspabi_slli_12        
0000e29a  __mspabi_slli_13        
0000e298  __mspabi_slli_14        
0000e296  __mspabi_slli_15        
0000e2b0  __mspabi_slli_2         
0000e2ae  __mspabi_slli_3         
0000e2ac  __mspabi_slli_4         
0000e2aa  __mspabi_slli_5         
0000e2a8  __mspabi_slli_6         
0000e2a6  __mspabi_slli_7         
0000e2a4  __mspabi_slli_8         
0000e2a2  __mspabi_slli_9         
0000e23e  __mspabi_srli           
0000e284  __mspabi_srli_1         
0000e260  __mspabi_srli_10        
0000e25c  __mspabi_srli_11        
0000e258  __mspabi_srli_12        
0000e254  __mspabi_srli_13        
0000e250  __mspabi_srli_14        
0000e24c  __mspabi_srli_15        
0000e280  __mspabi_srli_2         
0000e27c  __mspabi_srli_3         
0000e278  __mspabi_srli_4         
0000e274  __mspabi_srli_5         
0000e270  __mspabi_srli_6         
0000e26c  __mspabi_srli_7         
0000e268  __mspabi_srli_8         
0000e264  __mspabi_srli_9         
0000e176  _auto_init              
0000e306  _c_int00_noargs_noexit  
0000fffe  _reset_vector           
000002b0  _stack                  
0000e3c0  _system_post_cinit      
0000e3bc  _system_pre_init        
0000e3b2  abort                   
0000e1e4  copy_in                 
0000e320  main                    
0000e372  memcpy                  
00000200  ms                      
00000204  n                       
0000e3c2  num                     
00000205  seg                     
00000202  value                   


GLOBAL SYMBOLS: SORTED BY Symbol Address 

address   name                    
-------   ----                    
00000000  IE1                     
00000002  IFG1                    
00000020  P1IN                    
00000021  P1OUT                   
00000022  P1DIR                   
00000023  P1IFG                   
00000024  P1IES                   
00000025  P1IE                    
00000026  P1SEL                   
00000027  P1REN                   
00000028  P2IN                    
00000029  P2OUT                   
0000002a  P2DIR                   
0000002b  P2IFG                   
0000002c  P2IES                   
0000002d  P2IE                    
0000002e  P2SEL                   
0000002f  P2REN                   
00000041  P1SEL2                  
00000042  P2SEL2                  
00000048  ADC10DTC0               
00000049  ADC10DTC1               
0000004a  ADC10AE0                
00000050  __STACK_SIZE            
00000053  BCSCTL3                 
00000056  DCOCTL                  
00000057  BCSCTL1                 
00000058  BCSCTL2                 
00000059  CACTL1                  
0000005a  CACTL2                  
0000005b  CAPD                    
00000078  USICTL                  
00000078  USICTL0                 
00000079  USICTL1                 
0000007a  USICCTL                 
0000007a  USICKCTL                
0000007b  USICNT                  
0000007c  USISR                   
0000007c  USISRL                  
0000007d  USISRH                  
00000120  WDTCTL                  
00000128  FCTL1                   
0000012a  FCTL2                   
0000012c  FCTL3                   
0000012e  TA0IV                   
00000160  TA0CTL                  
00000162  TA0CCTL0                
00000164  TA0CCTL1                
00000166  TA0CCTL2                
00000170  TA0R                    
00000172  TA0CCR0                 
00000174  TA0CCR1                 
00000176  TA0CCR2                 
000001b0  ADC10CTL0               
000001b2  ADC10CTL1               
000001b4  ADC10MEM                
000001bc  ADC10SA                 
00000200  ms                      
00000202  value                   
00000204  n                       
00000205  seg                     
000002b0  _stack                  
00000300  __STACK_END             
000010c0  TLV_CHECKSUM            
000010da  TLV_ADC10_1_TAG         
000010db  TLV_ADC10_1_LEN         
000010f6  TLV_DCO_30_TAG          
000010f7  TLV_DCO_30_LEN          
000010f8  CALDCO_16MHZ            
000010f9  CALBC1_16MHZ            
000010fa  CALDCO_12MHZ            
000010fb  CALBC1_12MHZ            
000010fc  CALDCO_8MHZ             
000010fd  CALBC1_8MHZ             
000010fe  CALDCO_1MHZ             
000010ff  CALBC1_1MHZ             
0000e000  TIMER0_A1_ISR_HOOK      
0000e0fa  __TI_decompress_lzss    
0000e176  _auto_init              
0000e1e4  copy_in                 
0000e23e  __mspabi_srli           
0000e24c  __mspabi_srli_15        
0000e250  __mspabi_srli_14        
0000e254  __mspabi_srli_13        
0000e258  __mspabi_srli_12        
0000e25c  __mspabi_srli_11        
0000e260  __mspabi_srli_10        
0000e264  __mspabi_srli_9         
0000e268  __mspabi_srli_8         
0000e26c  __mspabi_srli_7         
0000e270  __mspabi_srli_6         
0000e274  __mspabi_srli_5         
0000e278  __mspabi_srli_4         
0000e27c  __mspabi_srli_3         
0000e280  __mspabi_srli_2         
0000e284  __mspabi_srli_1         
0000e28a  __mspabi_slli           
0000e296  __mspabi_slli_15        
0000e298  __mspabi_slli_14        
0000e29a  __mspabi_slli_13        
0000e29c  __mspabi_slli_12        
0000e29e  __mspabi_slli_11        
0000e2a0  __mspabi_slli_10        
0000e2a2  __mspabi_slli_9         
0000e2a4  __mspabi_slli_8         
0000e2a6  __mspabi_slli_7         
0000e2a8  __mspabi_slli_6         
0000e2aa  __mspabi_slli_5         
0000e2ac  __mspabi_slli_4         
0000e2ae  __mspabi_slli_3         
0000e2b0  __mspabi_slli_2         
0000e2b2  __mspabi_slli_1         
0000e2b6  GPIO_graceInit          
0000e2e0  BCSplus_graceInit       
0000e306  _c_int00_noargs_noexit  
0000e320  main                    
0000e336  __mspabi_divu           
0000e336  __mspabi_remu           
0000e34c  __mspabi_mpyi           
0000e34c  __mspabi_mpyi_sw        
0000e360  __TI_decompress_none    
0000e372  memcpy                  
0000e384  __mspabi_func_epilog_7  
0000e386  __mspabi_func_epilog_6  
0000e388  __mspabi_func_epilog_5  
0000e38a  __mspabi_func_epilog_4  
0000e38c  __mspabi_func_epilog_3  
0000e38e  __mspabi_func_epilog_2  
0000e390  __mspabi_func_epilog_1  
0000e394  Timer0_A3_graceInit     
0000e3a2  WDTplus_graceInit       
0000e3aa  __TI_ISR_TRAP           
0000e3b2  C$$EXIT                 
0000e3b2  abort                   
0000e3b8  System_graceInit        
0000e3bc  _system_pre_init        
0000e3c0  _system_post_cinit      
0000e3c2  num                     
0000e3d4  __TI_Handler_Table_Base 
0000e3d8  __TI_CINIT_Base         
0000e3d8  __TI_Handler_Table_Limit
0000e3dc  __TI_CINIT_Limit        
0000ffe4  __TI_int02              
0000ffe6  __TI_int03              
0000ffe8  __TI_int04              
0000ffea  __TI_int05              
0000fff0  __TI_int08              
0000fff2  __TI_int09              
0000fff4  __TI_int10              
0000fff6  __TI_int11              
0000fffc  __TI_int14              
0000fffe  _reset_vector           
ffffffff  __TI_pprof_out_hndl     
ffffffff  __TI_prof_data_size     
ffffffff  __TI_prof_data_start    
ffffffff  __c_args__              
UNDEFED   __TI_BINIT_Base         
UNDEFED   __TI_BINIT_Limit        
UNDEFED   __TI_INITARRAY_Base     
UNDEFED   __TI_INITARRAY_Limit    

[160 symbols]
