******************************************************************************
                  MSP430 Linker PC v17.6.0                     
******************************************************************************
>> Linked Tue Jan 30 11:53:27 2018

OUTPUT FILE NAME:   <OW_DS18B20.out>
ENTRY POINT SYMBOL: "_c_int00_noargs_noexit"  address: 0000ee60


MEMORY CONFIGURATION

         name            origin    length      used     unused   attr    fill
----------------------  --------  ---------  --------  --------  ----  --------
  SFR                   00000000   00000010  00000000  00000010  RWIX
  PERIPHERALS_8BIT      00000010   000000f0  00000000  000000f0  RWIX
  PERIPHERALS_16BIT     00000100   00000100  00000000  00000100  RWIX
  RAM                   00000200   00000100  00000052  000000ae  RWIX
  INFOD                 00001000   00000040  00000000  00000040  RWIX
  INFOC                 00001040   00000040  00000000  00000040  RWIX
  INFOB                 00001080   00000040  00000000  00000040  RWIX
  INFOA                 000010c0   00000040  00000000  00000040  RWIX
  FLASH                 0000e000   00001fe0  00000fa3  0000103d  RWIX
  INT00                 0000ffe0   00000002  00000000  00000002  RWIX
  INT01                 0000ffe2   00000002  00000000  00000002  RWIX
  INT02                 0000ffe4   00000002  00000002  00000000  RWIX
  INT03                 0000ffe6   00000002  00000002  00000000  RWIX
  INT04                 0000ffe8   00000002  00000002  00000000  RWIX
  INT05                 0000ffea   00000002  00000002  00000000  RWIX
  INT06                 0000ffec   00000002  00000000  00000002  RWIX
  INT07                 0000ffee   00000002  00000000  00000002  RWIX
  INT08                 0000fff0   00000002  00000002  00000000  RWIX
  INT09                 0000fff2   00000002  00000002  00000000  RWIX
  INT10                 0000fff4   00000002  00000002  00000000  RWIX
  INT11                 0000fff6   00000002  00000002  00000000  RWIX
  INT12                 0000fff8   00000002  00000000  00000002  RWIX
  INT13                 0000fffa   00000002  00000000  00000002  RWIX
  INT14                 0000fffc   00000002  00000002  00000000  RWIX
  RESET                 0000fffe   00000002  00000002  00000000  RWIX


SECTION ALLOCATION MAP

 output                                  attributes/
section   page    origin      length       input sections
--------  ----  ----------  ----------   ----------------
.bss       0    00000200    00000002     UNINITIALIZED
                  00000200    00000002     lcd.obj (.bss)

.stack     0    000002b0    00000050     UNINITIALIZED
                  000002b0    00000002     rts430_eabi.lib : boot.obj (.stack)
                  000002b2    0000004e     --HOLE--

.text      0    0000e000    00000f6e     
                  0000e000    000002ae     main.obj (.text:print_I)
                  0000e2ae    000001a0     main.obj (.text:print_F)
                  0000e44e    00000132     rts430_eabi.lib : fs_add.obj (.text)
                  0000e580    000000c4                     : fs_mpy.obj (.text)
                  0000e644    00000082     DS18B20.obj (.text:DS18B20_get_temperature)
                  0000e6c6    0000007e     main.obj (.text:print_D)
                  0000e744    0000007e     rts430_eabi.lib : fs_tol.obj (.text)
                  0000e7c2    00000076     main.obj (.text:main)
                  0000e838    0000006e     rts430_eabi.lib : autoinit.obj (.text:_auto_init)
                  0000e8a6    00000060     lcd.obj (.text:LCD_init)
                  0000e906    0000005a     rts430_eabi.lib : cpy_tbl.obj (.text:copy_in)
                  0000e960    00000058                     : div32u.obj (.text)
                  0000e9b8    00000054     SW_I2C.obj (.text:SW_I2C_write)
                  0000ea0c    0000004c     one_wire.obj (.text:onewire_write)
                  0000ea58    0000004a     rts430_eabi.lib : fs_cmp.obj (.text)
                  0000eaa2    0000004a                     : fs_ltof.obj (.text)
                  0000eaec    00000048     lcd.obj (.text:LCD_4bit_send)
                  0000eb34    00000048     lcd.obj (.text:LCD_send)
                  0000eb7c    00000042     one_wire.obj (.text:onewire_read)
                  0000ebbe    00000040     rts430_eabi.lib : div32s.obj (.text)
                  0000ebfe    00000038     SW_I2C.obj (.text:SW_I2C_ACK_NACK)
                  0000ec36    00000036     one_wire.obj (.text:onewire_reset)
                  0000ec6c    00000032     main.obj (.text:BCSplus_graceInit)
                  0000ec9e    00000032     main.obj (.text:lcd_symbol)
                  0000ecd0    0000002c     SW_I2C.obj (.text:SW_I2C_start)
                  0000ecfc    0000002c     SW_I2C.obj (.text:SW_I2C_stop)
                  0000ed28    0000002c     rts430_eabi.lib : div16s.obj (.text)
                  0000ed54    0000002c                     : lsl16.obj (.text)
                  0000ed80    0000002a     PCF8574.obj (.text:PCF8574_write)
                  0000edaa    00000028     main.obj (.text:GPIO_graceInit)
                  0000edd2    00000028     lcd.obj (.text:LCD_toggle_EN)
                  0000edfa    00000024     rts430_eabi.lib : fs_utof.obj (.text)
                  0000ee1e    00000022     lcd.obj (.text:LCD_goto)
                  0000ee40    00000020     SW_I2C.obj (.text:SW_I2C_init)
                  0000ee60    0000001a     rts430_eabi.lib : boot_special.obj (.text:_c_int00_noargs_noexit)
                  0000ee7a    00000016                     : div16u.obj (.text)
                  0000ee90    00000014     lcd.obj (.text:LCD_putchar)
                  0000eea4    00000014     lcd.obj (.text:LCD_putstr)
                  0000eeb8    00000014     rts430_eabi.lib : copy_zero_init.obj (.text:decompress:ZI:__TI_zero_init)
                  0000eecc    00000014     delay.obj (.text:delay_ms)
                  0000eee0    00000014     rts430_eabi.lib : mult16.obj (.text)
                  0000eef4    00000012     delay.obj (.text:delay_us)
                  0000ef06    00000012     rts430_eabi.lib : memcpy.obj (.text:memcpy)
                  0000ef18    00000010                     : epilog.obj (.text)
                  0000ef28    0000000e     DS18B20.obj (.text:DS18B20_init)
                  0000ef36    0000000e     PCF8574.obj (.text:PCF8574_init)
                  0000ef44    0000000a     rts430_eabi.lib : fs_neg.obj (.text)
                  0000ef4e    00000008     main.obj (.text:WDTplus_graceInit)
                  0000ef56    00000008     rts430_eabi.lib : isr_trap.obj (.text:_isr:__TI_ISR_TRAP)
                  0000ef5e    00000006                     : exit.obj (.text:abort)
                  0000ef64    00000004     main.obj (.text:System_graceInit)
                  0000ef68    00000004     rts430_eabi.lib : pre_init.obj (.text:_system_pre_init)
                  0000ef6c    00000002                     : startup.obj (.text:_system_post_cinit)

.const     0    0000ef6e    0000002b     
                  0000ef6e    00000016     main.obj (.const:.string)
                  0000ef84    00000008     main.obj (.const:.string:symbol)
                  0000ef8c    00000007     main.obj (.const:.string:$P$T1$2)
                  0000ef93    00000001     --HOLE-- [fill = 0]
                  0000ef94    00000005     main.obj (.const:.string:$P$T2$3)

.cinit     0    0000ef9a    0000000a     
                  0000ef9a    00000004     (.cinit..bss.load) [load image, compression = zero_init]
                  0000ef9e    00000002     (__TI_handler_table)
                  0000efa0    00000004     (__TI_cinit_table)

.binit     0    0000e000    00000000     

.init_array 
*          0    0000e000    00000000     UNINITIALIZED

PORT1      0    0000ffe4    00000002     
                  0000ffe4    00000002     rts430_eabi.lib : int02.obj (.int02)

PORT2      0    0000ffe6    00000002     
                  0000ffe6    00000002     rts430_eabi.lib : int03.obj (.int03)

USI        0    0000ffe8    00000002     
                  0000ffe8    00000002     rts430_eabi.lib : int04.obj (.int04)

ADC10      0    0000ffea    00000002     
                  0000ffea    00000002     rts430_eabi.lib : int05.obj (.int05)

TIMER0_A1 
*          0    0000fff0    00000002     
                  0000fff0    00000002     rts430_eabi.lib : int08.obj (.int08)

TIMER0_A0 
*          0    0000fff2    00000002     
                  0000fff2    00000002     rts430_eabi.lib : int09.obj (.int09)

WDT        0    0000fff4    00000002     
                  0000fff4    00000002     rts430_eabi.lib : int10.obj (.int10)

COMPARATORA 
*          0    0000fff6    00000002     
                  0000fff6    00000002     rts430_eabi.lib : int11.obj (.int11)

NMI        0    0000fffc    00000002     
                  0000fffc    00000002     rts430_eabi.lib : int14.obj (.int14)

.reset     0    0000fffe    00000002     
                  0000fffe    00000002     rts430_eabi.lib : boot.obj (.reset)

MODULE SUMMARY

       Module               code   ro data   rw data
       ------               ----   -------   -------
    .\
       main.obj             1498   42        0      
    +--+--------------------+------+---------+---------+
       Total:               1498   42        0      
                                                    
    .\Libraries\
       lcd.obj              354    0         2      
       SW_I2C.obj           260    0         0      
       one_wire.obj         196    0         0      
       DS18B20.obj          144    0         0      
       PCF8574.obj          56     0         0      
       delay.obj            38     0         0      
    +--+--------------------+------+---------+---------+
       Total:               1048   0         2      
                                                    
    C:\ti\ccsv7\tools\compiler\ti-cgt-msp430_17.6.0.STS\lib\rts430_eabi.lib
       fs_add.obj           306    0         0      
       fs_mpy.obj           196    0         0      
       fs_tol.obj           126    0         0      
       autoinit.obj         110    0         0      
       cpy_tbl.obj          90     0         0      
       div32u.obj           88     0         0      
       fs_cmp.obj           74     0         0      
       fs_ltof.obj          74     0         0      
       div32s.obj           64     0         0      
       div16s.obj           44     0         0      
       lsl16.obj            44     0         0      
       fs_utof.obj          36     0         0      
       boot_special.obj     26     0         0      
       div16u.obj           22     0         0      
       copy_zero_init.obj   20     0         0      
       mult16.obj           20     0         0      
       memcpy.obj           18     0         0      
       epilog.obj           16     0         0      
       fs_neg.obj           10     0         0      
       isr_trap.obj         8      0         0      
       exit.obj             6      0         0      
       pre_init.obj         4      0         0      
       boot.obj             0      2         0      
       int02.obj            0      2         0      
       int03.obj            0      2         0      
       int04.obj            0      2         0      
       int05.obj            0      2         0      
       int08.obj            0      2         0      
       int09.obj            0      2         0      
       int10.obj            0      2         0      
       int11.obj            0      2         0      
       int14.obj            0      2         0      
       startup.obj          2      0         0      
    +--+--------------------+------+---------+---------+
       Total:               1404   20        0      
                                                    
       Stack:               0      0         80     
       Linker Generated:    0      10        0      
    +--+--------------------+------+---------+---------+
       Grand Total:         3950   72        82     


LINKER GENERATED COPY TABLES

__TI_cinit_table @ 0000efa0 records: 1, size/record: 4, table size: 4
	.bss: load addr=0000ef9a, load size=00000004 bytes, run addr=00000200, run size=00000002 bytes, compression=zero_init


LINKER GENERATED HANDLER TABLE

__TI_handler_table @ 0000ef9e records: 1, size/record: 2, table size: 2
	index: 0, handler: __TI_zero_init


GLOBAL SYMBOLS: SORTED ALPHABETICALLY BY Name 

address   name                    
-------   ----                    
0000004a  ADC10AE0                
000001b0  ADC10CTL0               
000001b2  ADC10CTL1               
00000048  ADC10DTC0               
00000049  ADC10DTC1               
000001b4  ADC10MEM                
000001bc  ADC10SA                 
00000057  BCSCTL1                 
00000058  BCSCTL2                 
00000053  BCSCTL3                 
0000ec6c  BCSplus_graceInit       
0000ef5e  C$$EXIT                 
00000059  CACTL1                  
0000005a  CACTL2                  
000010fb  CALBC1_12MHZ            
000010f9  CALBC1_16MHZ            
000010ff  CALBC1_1MHZ             
000010fd  CALBC1_8MHZ             
000010fa  CALDCO_12MHZ            
000010f8  CALDCO_16MHZ            
000010fe  CALDCO_1MHZ             
000010fc  CALDCO_8MHZ             
0000005b  CAPD                    
00000056  DCOCTL                  
0000e644  DS18B20_get_temperature 
0000ef28  DS18B20_init            
00000128  FCTL1                   
0000012a  FCTL2                   
0000012c  FCTL3                   
0000edaa  GPIO_graceInit          
00000000  IE1                     
00000002  IFG1                    
0000eaec  LCD_4bit_send           
0000ee1e  LCD_goto                
0000e8a6  LCD_init                
0000ee90  LCD_putchar             
0000eea4  LCD_putstr              
0000eb34  LCD_send                
0000edd2  LCD_toggle_EN           
00000022  P1DIR                   
00000025  P1IE                    
00000024  P1IES                   
00000023  P1IFG                   
00000020  P1IN                    
00000021  P1OUT                   
00000027  P1REN                   
00000026  P1SEL                   
00000041  P1SEL2                  
0000002a  P2DIR                   
0000002d  P2IE                    
0000002c  P2IES                   
0000002b  P2IFG                   
00000028  P2IN                    
00000029  P2OUT                   
0000002f  P2REN                   
0000002e  P2SEL                   
00000042  P2SEL2                  
0000ef36  PCF8574_init            
0000ed80  PCF8574_write           
0000ebfe  SW_I2C_ACK_NACK         
0000ee40  SW_I2C_init             
0000ecd0  SW_I2C_start            
0000ecfc  SW_I2C_stop             
0000e9b8  SW_I2C_write            
0000ef64  System_graceInit        
00000172  TA0CCR0                 
00000174  TA0CCR1                 
00000176  TA0CCR2                 
00000162  TA0CCTL0                
00000164  TA0CCTL1                
00000166  TA0CCTL2                
00000160  TA0CTL                  
0000012e  TA0IV                   
00000170  TA0R                    
000010db  TLV_ADC10_1_LEN         
000010da  TLV_ADC10_1_TAG         
000010c0  TLV_CHECKSUM            
000010f7  TLV_DCO_30_LEN          
000010f6  TLV_DCO_30_TAG          
0000007a  USICCTL                 
0000007a  USICKCTL                
0000007b  USICNT                  
00000078  USICTL                  
00000078  USICTL0                 
00000079  USICTL1                 
0000007c  USISR                   
0000007d  USISRH                  
0000007c  USISRL                  
00000120  WDTCTL                  
0000ef4e  WDTplus_graceInit       
00000300  __STACK_END             
00000050  __STACK_SIZE            
UNDEFED   __TI_BINIT_Base         
UNDEFED   __TI_BINIT_Limit        
0000efa0  __TI_CINIT_Base         
0000efa4  __TI_CINIT_Limit        
0000ef9e  __TI_Handler_Table_Base 
0000efa0  __TI_Handler_Table_Limit
UNDEFED   __TI_INITARRAY_Base     
UNDEFED   __TI_INITARRAY_Limit    
0000ef56  __TI_ISR_TRAP           
0000ffe4  __TI_int02              
0000ffe6  __TI_int03              
0000ffe8  __TI_int04              
0000ffea  __TI_int05              
0000fff0  __TI_int08              
0000fff2  __TI_int09              
0000fff4  __TI_int10              
0000fff6  __TI_int11              
0000fffc  __TI_int14              
ffffffff  __TI_pprof_out_hndl     
ffffffff  __TI_prof_data_size     
ffffffff  __TI_prof_data_start    
0000eeb8  __TI_zero_init          
ffffffff  __c_args__              
0000e454  __mspabi_addf           
0000ea58  __mspabi_cmpf           
0000ed28  __mspabi_divi           
0000ebbe  __mspabi_divli          
0000ee7a  __mspabi_divu           
0000e960  __mspabi_divul          
0000e744  __mspabi_fixfli         
0000eaa2  __mspabi_fltlif         
0000edfa  __mspabi_fltuf          
0000ef24  __mspabi_func_epilog_1  
0000ef22  __mspabi_func_epilog_2  
0000ef20  __mspabi_func_epilog_3  
0000ef1e  __mspabi_func_epilog_4  
0000ef1c  __mspabi_func_epilog_5  
0000ef1a  __mspabi_func_epilog_6  
0000ef18  __mspabi_func_epilog_7  
0000e580  __mspabi_mpyf           
0000eee0  __mspabi_mpyi           
0000eee0  __mspabi_mpyi_sw        
0000ef44  __mspabi_negf           
0000ed28  __mspabi_remi           
0000ebbe  __mspabi_remli          
0000ee7a  __mspabi_remu           
0000e960  __mspabi_remul          
0000ed54  __mspabi_slli           
0000ed7c  __mspabi_slli_1         
0000ed6a  __mspabi_slli_10        
0000ed68  __mspabi_slli_11        
0000ed66  __mspabi_slli_12        
0000ed64  __mspabi_slli_13        
0000ed62  __mspabi_slli_14        
0000ed60  __mspabi_slli_15        
0000ed7a  __mspabi_slli_2         
0000ed78  __mspabi_slli_3         
0000ed76  __mspabi_slli_4         
0000ed74  __mspabi_slli_5         
0000ed72  __mspabi_slli_6         
0000ed70  __mspabi_slli_7         
0000ed6e  __mspabi_slli_8         
0000ed6c  __mspabi_slli_9         
0000e44e  __mspabi_subf           
0000e838  _auto_init              
0000ee60  _c_int00_noargs_noexit  
0000fffe  _reset_vector           
000002b0  _stack                  
0000ef6c  _system_post_cinit      
0000ef68  _system_pre_init        
0000ef5e  abort                   
0000e906  copy_in                 
0000eecc  delay_ms                
0000eef4  delay_us                
0000ec9e  lcd_symbol              
0000e7c2  main                    
0000ef06  memcpy                  
0000eb7c  onewire_read            
0000ec36  onewire_reset           
0000ea0c  onewire_write           
0000e6c6  print_D                 
0000e2ae  print_F                 
0000e000  print_I                 
0000ef84  symbol                  


GLOBAL SYMBOLS: SORTED BY Symbol Address 

address   name                    
-------   ----                    
00000000  IE1                     
00000002  IFG1                    
00000020  P1IN                    
00000021  P1OUT                   
00000022  P1DIR                   
00000023  P1IFG                   
00000024  P1IES                   
00000025  P1IE                    
00000026  P1SEL                   
00000027  P1REN                   
00000028  P2IN                    
00000029  P2OUT                   
0000002a  P2DIR                   
0000002b  P2IFG                   
0000002c  P2IES                   
0000002d  P2IE                    
0000002e  P2SEL                   
0000002f  P2REN                   
00000041  P1SEL2                  
00000042  P2SEL2                  
00000048  ADC10DTC0               
00000049  ADC10DTC1               
0000004a  ADC10AE0                
00000050  __STACK_SIZE            
00000053  BCSCTL3                 
00000056  DCOCTL                  
00000057  BCSCTL1                 
00000058  BCSCTL2                 
00000059  CACTL1                  
0000005a  CACTL2                  
0000005b  CAPD                    
00000078  USICTL                  
00000078  USICTL0                 
00000079  USICTL1                 
0000007a  USICCTL                 
0000007a  USICKCTL                
0000007b  USICNT                  
0000007c  USISR                   
0000007c  USISRL                  
0000007d  USISRH                  
00000120  WDTCTL                  
00000128  FCTL1                   
0000012a  FCTL2                   
0000012c  FCTL3                   
0000012e  TA0IV                   
00000160  TA0CTL                  
00000162  TA0CCTL0                
00000164  TA0CCTL1                
00000166  TA0CCTL2                
00000170  TA0R                    
00000172  TA0CCR0                 
00000174  TA0CCR1                 
00000176  TA0CCR2                 
000001b0  ADC10CTL0               
000001b2  ADC10CTL1               
000001b4  ADC10MEM                
000001bc  ADC10SA                 
000002b0  _stack                  
00000300  __STACK_END             
000010c0  TLV_CHECKSUM            
000010da  TLV_ADC10_1_TAG         
000010db  TLV_ADC10_1_LEN         
000010f6  TLV_DCO_30_TAG          
000010f7  TLV_DCO_30_LEN          
000010f8  CALDCO_16MHZ            
000010f9  CALBC1_16MHZ            
000010fa  CALDCO_12MHZ            
000010fb  CALBC1_12MHZ            
000010fc  CALDCO_8MHZ             
000010fd  CALBC1_8MHZ             
000010fe  CALDCO_1MHZ             
000010ff  CALBC1_1MHZ             
0000e000  print_I                 
0000e2ae  print_F                 
0000e44e  __mspabi_subf           
0000e454  __mspabi_addf           
0000e580  __mspabi_mpyf           
0000e644  DS18B20_get_temperature 
0000e6c6  print_D                 
0000e744  __mspabi_fixfli         
0000e7c2  main                    
0000e838  _auto_init              
0000e8a6  LCD_init                
0000e906  copy_in                 
0000e960  __mspabi_divul          
0000e960  __mspabi_remul          
0000e9b8  SW_I2C_write            
0000ea0c  onewire_write           
0000ea58  __mspabi_cmpf           
0000eaa2  __mspabi_fltlif         
0000eaec  LCD_4bit_send           
0000eb34  LCD_send                
0000eb7c  onewire_read            
0000ebbe  __mspabi_divli          
0000ebbe  __mspabi_remli          
0000ebfe  SW_I2C_ACK_NACK         
0000ec36  onewire_reset           
0000ec6c  BCSplus_graceInit       
0000ec9e  lcd_symbol              
0000ecd0  SW_I2C_start            
0000ecfc  SW_I2C_stop             
0000ed28  __mspabi_divi           
0000ed28  __mspabi_remi           
0000ed54  __mspabi_slli           
0000ed60  __mspabi_slli_15        
0000ed62  __mspabi_slli_14        
0000ed64  __mspabi_slli_13        
0000ed66  __mspabi_slli_12        
0000ed68  __mspabi_slli_11        
0000ed6a  __mspabi_slli_10        
0000ed6c  __mspabi_slli_9         
0000ed6e  __mspabi_slli_8         
0000ed70  __mspabi_slli_7         
0000ed72  __mspabi_slli_6         
0000ed74  __mspabi_slli_5         
0000ed76  __mspabi_slli_4         
0000ed78  __mspabi_slli_3         
0000ed7a  __mspabi_slli_2         
0000ed7c  __mspabi_slli_1         
0000ed80  PCF8574_write           
0000edaa  GPIO_graceInit          
0000edd2  LCD_toggle_EN           
0000edfa  __mspabi_fltuf          
0000ee1e  LCD_goto                
0000ee40  SW_I2C_init             
0000ee60  _c_int00_noargs_noexit  
0000ee7a  __mspabi_divu           
0000ee7a  __mspabi_remu           
0000ee90  LCD_putchar             
0000eea4  LCD_putstr              
0000eeb8  __TI_zero_init          
0000eecc  delay_ms                
0000eee0  __mspabi_mpyi           
0000eee0  __mspabi_mpyi_sw        
0000eef4  delay_us                
0000ef06  memcpy                  
0000ef18  __mspabi_func_epilog_7  
0000ef1a  __mspabi_func_epilog_6  
0000ef1c  __mspabi_func_epilog_5  
0000ef1e  __mspabi_func_epilog_4  
0000ef20  __mspabi_func_epilog_3  
0000ef22  __mspabi_func_epilog_2  
0000ef24  __mspabi_func_epilog_1  
0000ef28  DS18B20_init            
0000ef36  PCF8574_init            
0000ef44  __mspabi_negf           
0000ef4e  WDTplus_graceInit       
0000ef56  __TI_ISR_TRAP           
0000ef5e  C$$EXIT                 
0000ef5e  abort                   
0000ef64  System_graceInit        
0000ef68  _system_pre_init        
0000ef6c  _system_post_cinit      
0000ef84  symbol                  
0000ef9e  __TI_Handler_Table_Base 
0000efa0  __TI_CINIT_Base         
0000efa0  __TI_Handler_Table_Limit
0000efa4  __TI_CINIT_Limit        
0000ffe4  __TI_int02              
0000ffe6  __TI_int03              
0000ffe8  __TI_int04              
0000ffea  __TI_int05              
0000fff0  __TI_int08              
0000fff2  __TI_int09              
0000fff4  __TI_int10              
0000fff6  __TI_int11              
0000fffc  __TI_int14              
0000fffe  _reset_vector           
ffffffff  __TI_pprof_out_hndl     
ffffffff  __TI_prof_data_size     
ffffffff  __TI_prof_data_start    
ffffffff  __c_args__              
UNDEFED   __TI_BINIT_Base         
UNDEFED   __TI_BINIT_Limit        
UNDEFED   __TI_INITARRAY_Base     
UNDEFED   __TI_INITARRAY_Limit    

[176 symbols]
